Component: ARM Compiler 5.05 update 1 (build 106) Tool: armlink [4d0efa]

==============================================================================

Section Cross References

    usbd_cdc.o(i.USBD_CDC_DataOut) refers to usbd_conf.o(i.USBD_LL_GetRxDataSize) for USBD_LL_GetRxDataSize
    usbd_cdc.o(i.USBD_CDC_DeInit) refers to usbd_conf.o(i.USBD_LL_CloseEP) for USBD_LL_CloseEP
    usbd_cdc.o(i.USBD_CDC_DeInit) refers to malloc.o(i.free) for free
    usbd_cdc.o(i.USBD_CDC_GetDeviceQualifierDescriptor) refers to usbd_cdc.o(.data) for .data
    usbd_cdc.o(i.USBD_CDC_GetFSCfgDesc) refers to usbd_cdc.o(.data) for .data
    usbd_cdc.o(i.USBD_CDC_GetHSCfgDesc) refers to usbd_cdc.o(.data) for .data
    usbd_cdc.o(i.USBD_CDC_GetOtherSpeedCfgDesc) refers to usbd_cdc.o(.data) for .data
    usbd_cdc.o(i.USBD_CDC_Init) refers to usbd_conf.o(i.USBD_LL_OpenEP) for USBD_LL_OpenEP
    usbd_cdc.o(i.USBD_CDC_Init) refers to malloc.o(i.malloc) for malloc
    usbd_cdc.o(i.USBD_CDC_Init) refers to usbd_conf.o(i.USBD_LL_PrepareReceive) for USBD_LL_PrepareReceive
    usbd_cdc.o(i.USBD_CDC_ReceivePacket) refers to usbd_conf.o(i.USBD_LL_PrepareReceive) for USBD_LL_PrepareReceive
    usbd_cdc.o(i.USBD_CDC_Setup) refers to usbd_ioreq.o(i.USBD_CtlPrepareRx) for USBD_CtlPrepareRx
    usbd_cdc.o(i.USBD_CDC_Setup) refers to usbd_ioreq.o(i.USBD_CtlSendData) for USBD_CtlSendData
    usbd_cdc.o(i.USBD_CDC_Setup) refers to usbd_cdc.o(.data) for .data
    usbd_cdc.o(i.USBD_CDC_TransmitPacket) refers to usbd_conf.o(i.USBD_LL_Transmit) for USBD_LL_Transmit
    usbd_cdc.o(.data) refers to usbd_cdc.o(i.USBD_CDC_Init) for USBD_CDC_Init
    usbd_cdc.o(.data) refers to usbd_cdc.o(i.USBD_CDC_DeInit) for USBD_CDC_DeInit
    usbd_cdc.o(.data) refers to usbd_cdc.o(i.USBD_CDC_Setup) for USBD_CDC_Setup
    usbd_cdc.o(.data) refers to usbd_cdc.o(i.USBD_CDC_EP0_RxReady) for USBD_CDC_EP0_RxReady
    usbd_cdc.o(.data) refers to usbd_cdc.o(i.USBD_CDC_DataIn) for USBD_CDC_DataIn
    usbd_cdc.o(.data) refers to usbd_cdc.o(i.USBD_CDC_DataOut) for USBD_CDC_DataOut
    usbd_cdc.o(.data) refers to usbd_cdc.o(i.USBD_CDC_GetHSCfgDesc) for USBD_CDC_GetHSCfgDesc
    usbd_cdc.o(.data) refers to usbd_cdc.o(i.USBD_CDC_GetFSCfgDesc) for USBD_CDC_GetFSCfgDesc
    usbd_cdc.o(.data) refers to usbd_cdc.o(i.USBD_CDC_GetOtherSpeedCfgDesc) for USBD_CDC_GetOtherSpeedCfgDesc
    usbd_cdc.o(.data) refers to usbd_cdc.o(i.USBD_CDC_GetDeviceQualifierDescriptor) for USBD_CDC_GetDeviceQualifierDescriptor
    usbd_ioreq.o(i.USBD_CtlContinueRx) refers to usbd_conf.o(i.USBD_LL_PrepareReceive) for USBD_LL_PrepareReceive
    usbd_ioreq.o(i.USBD_CtlContinueSendData) refers to usbd_conf.o(i.USBD_LL_Transmit) for USBD_LL_Transmit
    usbd_ioreq.o(i.USBD_CtlPrepareRx) refers to usbd_conf.o(i.USBD_LL_PrepareReceive) for USBD_LL_PrepareReceive
    usbd_ioreq.o(i.USBD_CtlReceiveStatus) refers to usbd_conf.o(i.USBD_LL_PrepareReceive) for USBD_LL_PrepareReceive
    usbd_ioreq.o(i.USBD_CtlSendData) refers to usbd_conf.o(i.USBD_LL_Transmit) for USBD_LL_Transmit
    usbd_ioreq.o(i.USBD_CtlSendStatus) refers to usbd_conf.o(i.USBD_LL_Transmit) for USBD_LL_Transmit
    usbd_ioreq.o(i.USBD_GetRxCount) refers to usbd_conf.o(i.USBD_LL_GetRxDataSize) for USBD_LL_GetRxDataSize
    usbd_ctlreq.o(i.USBD_CtlError) refers to usbd_conf.o(i.USBD_LL_StallEP) for USBD_LL_StallEP
    usbd_ctlreq.o(i.USBD_GetDescriptor) refers to usbd_ctlreq.o(i.USBD_CtlError) for USBD_CtlError
    usbd_ctlreq.o(i.USBD_GetDescriptor) refers to usbd_ioreq.o(i.USBD_CtlSendData) for USBD_CtlSendData
    usbd_ctlreq.o(i.USBD_SetConfig) refers to usbd_core.o(i.USBD_ClrClassConfig) for USBD_ClrClassConfig
    usbd_ctlreq.o(i.USBD_SetConfig) refers to usbd_core.o(i.USBD_SetClassConfig) for USBD_SetClassConfig
    usbd_ctlreq.o(i.USBD_SetConfig) refers to usbd_ioreq.o(i.USBD_CtlSendStatus) for USBD_CtlSendStatus
    usbd_ctlreq.o(i.USBD_SetConfig) refers to usbd_ctlreq.o(i.USBD_CtlError) for USBD_CtlError
    usbd_ctlreq.o(i.USBD_SetConfig) refers to usbd_ctlreq.o(.data) for .data
    usbd_ctlreq.o(i.USBD_StdDevReq) refers to usbd_ctlreq.o(i.USBD_GetDescriptor) for USBD_GetDescriptor
    usbd_ctlreq.o(i.USBD_StdDevReq) refers to usbd_conf.o(i.USBD_LL_SetUSBAddress) for USBD_LL_SetUSBAddress
    usbd_ctlreq.o(i.USBD_StdDevReq) refers to usbd_ioreq.o(i.USBD_CtlSendStatus) for USBD_CtlSendStatus
    usbd_ctlreq.o(i.USBD_StdDevReq) refers to usbd_ctlreq.o(i.USBD_SetConfig) for USBD_SetConfig
    usbd_ctlreq.o(i.USBD_StdDevReq) refers to usbd_ctlreq.o(i.USBD_CtlError) for USBD_CtlError
    usbd_ctlreq.o(i.USBD_StdDevReq) refers to usbd_ioreq.o(i.USBD_CtlSendData) for USBD_CtlSendData
    usbd_ctlreq.o(i.USBD_StdEPReq) refers to usbd_conf.o(i.USBD_LL_StallEP) for USBD_LL_StallEP
    usbd_ctlreq.o(i.USBD_StdEPReq) refers to usbd_conf.o(i.USBD_LL_ClearStallEP) for USBD_LL_ClearStallEP
    usbd_ctlreq.o(i.USBD_StdEPReq) refers to usbd_ioreq.o(i.USBD_CtlSendStatus) for USBD_CtlSendStatus
[...]
    ../fplib/microlib/f2d.c                  0x00000000   Number         0  f2d.o ABSOLUTE
    ../fplib/microlib/fpadd.c                0x00000000   Number         0  dadd.o ABSOLUTE
    ../fplib/microlib/fpdiv.c                0x00000000   Number         0  ddiv.o ABSOLUTE
    ../fplib/microlib/fpepilogue.c           0x00000000   Number         0  depilogue.o ABSOLUTE
    ../fplib/microlib/fpfix.c                0x00000000   Number         0  dfixul.o ABSOLUTE
    ../fplib/microlib/fpmul.c                0x00000000   Number         0  dmul.o ABSOLUTE
    ..\Drivers\CMSIS\Device\ST\STM32F4xx\Source\Templates\system_stm32f4xx.c 0x00000000   Number         0  system_stm32f4xx.o ABSOLUTE
    ..\Drivers\STM32F4xx_HAL_Driver\Src\stm32f4xx_hal.c 0x00000000   Number         0  stm32f4xx_hal.o ABSOLUTE
    ..\Drivers\STM32F4xx_HAL_Driver\Src\stm32f4xx_hal_cortex.c 0x00000000   Number         0  stm32f4xx_hal_cortex.o ABSOLUTE
    ..\Drivers\STM32F4xx_HAL_Driver\Src\stm32f4xx_hal_dma.c 0x00000000   Number         0  stm32f4xx_hal_dma.o ABSOLUTE
    ..\Drivers\STM32F4xx_HAL_Driver\Src\stm32f4xx_hal_dma_ex.c 0x00000000   Number         0  stm32f4xx_hal_dma_ex.o ABSOLUTE
    ..\Drivers\STM32F4xx_HAL_Driver\Src\stm32f4xx_hal_flash.c 0x00000000   Number         0  stm32f4xx_hal_flash.o ABSOLUTE
    ..\Drivers\STM32F4xx_HAL_Driver\Src\stm32f4xx_hal_flash_ex.c 0x00000000   Number         0  stm32f4xx_hal_flash_ex.o ABSOLUTE
    ..\Drivers\STM32F4xx_HAL_Driver\Src\stm32f4xx_hal_flash_ramfunc.c 0x00000000   Number         0  stm32f4xx_hal_flash_ramfunc.o ABSOLUTE
    ..\Drivers\STM32F4xx_HAL_Driver\Src\stm32f4xx_hal_gpio.c 0x00000000   Number         0  stm32f4xx_hal_gpio.o ABSOLUTE
    ..\Drivers\STM32F4xx_HAL_Driver\Src\stm32f4xx_hal_pcd.c 0x00000000   Number         0  stm32f4xx_hal_pcd.o ABSOLUTE
    ..\Drivers\STM32F4xx_HAL_Driver\Src\stm32f4xx_hal_pcd_ex.c 0x00000000   Number         0  stm32f4xx_hal_pcd_ex.o ABSOLUTE
    ..\Drivers\STM32F4xx_HAL_Driver\Src\stm32f4xx_hal_pwr.c 0x00000000   Number         0  stm32f4xx_hal_pwr.o ABSOLUTE
    ..\Drivers\STM32F4xx_HAL_Driver\Src\stm32f4xx_hal_pwr_ex.c 0x00000000   Number         0  stm32f4xx_hal_pwr_ex.o ABSOLUTE
    ..\Drivers\STM32F4xx_HAL_Driver\Src\stm32f4xx_hal_rcc.c 0x00000000   Number         0  stm32f4xx_hal_rcc.o ABSOLUTE
    ..\Drivers\STM32F4xx_HAL_Driver\Src\stm32f4xx_hal_rcc_ex.c 0x00000000   Number         0  stm32f4xx_hal_rcc_ex.o ABSOLUTE
    ..\Drivers\STM32F4xx_HAL_Driver\Src\stm32f4xx_hal_tim.c 0x00000000   Number         0  stm32f4xx_hal_tim.o ABSOLUTE
    ..\Drivers\STM32F4xx_HAL_Driver\Src\stm32f4xx_hal_tim_ex.c 0x00000000   Number         0  stm32f4xx_hal_tim_ex.o ABSOLUTE
    ..\Drivers\STM32F4xx_HAL_Driver\Src\stm32f4xx_ll_usb.c 0x00000000   Number         0  stm32f4xx_ll_usb.o ABSOLUTE
    ..\Middlewares\ST\STM32_USB_Device_Library\Class\CDC\Src\usbd_cdc.c 0x00000000   Number         0  usbd_cdc.o ABSOLUTE
    ..\Middlewares\ST\STM32_USB_Device_Library\Core\Src\usbd_core.c 0x00000000   Number         0  usbd_core.o ABSOLUTE
    ..\Middlewares\ST\STM32_USB_Device_Library\Core\Src\usbd_ctlreq.c 0x00000000   Number         0  usbd_ctlreq.o ABSOLUTE
    ..\Middlewares\ST\STM32_USB_Device_Library\Core\Src\usbd_ioreq.c 0x00000000   Number         0  usbd_ioreq.o ABSOLUTE
    ..\Src\main.c                            0x00000000   Number         0  main.o ABSOLUTE
    ..\Src\stm32f4xx_hal_msp.c               0x00000000   Number         0  stm32f4xx_hal_msp.o ABSOLUTE
    ..\Src\stm32f4xx_it.c                    0x00000000   Number         0  stm32f4xx_it.o ABSOLUTE
    ..\Src\usb_device.c                      0x00000000   Number         0  usb_device.o ABSOLUTE
    ..\Src\usbd_cdc_if.c                     0x00000000   Number         0  usbd_cdc_if.o ABSOLUTE
    ..\Src\usbd_conf.c                       0x00000000   Number         0  usbd_conf.o ABSOLUTE
    ..\Src\usbd_desc.c                       0x00000000   Number         0  usbd_desc.o ABSOLUTE
    cdrcmple.s                               0x00000000   Number         0  cdrcmple.o ABSOLUTE
    dc.s                                     0x00000000   Number         0  dc.o ABSOLUTE
    handlers.s                               0x00000000   Number         0  handlers.o ABSOLUTE
    init.s                                   0x00000000   Number         0  init.o ABSOLUTE
    startup_stm32f407xx.s                    0x00000000   Number         0  startup_stm32f407xx.o ABSOLUTE
    RESET                                    0x08000000   Section      392  startup_stm32f407xx.o(RESET)
    .ARM.Collect$$$$00000000                 0x08000188   Section        0  entry.o(.ARM.Collect$$$$00000000)
    .ARM.Collect$$$$00000001                 0x08000188   Section        4  entry2.o(.ARM.Collect$$$$00000001)
    .ARM.Collect$$$$00000004                 0x0800018c   Section        4  entry5.o(.ARM.Collect$$$$00000004)
    .ARM.Collect$$$$00000008                 0x08000190   Section        0  entry7b.o(.ARM.Collect$$$$00000008)
    .ARM.Collect$$$$0000000A                 0x08000190   Section        0  entry8b.o(.ARM.Collect$$$$0000000A)
    .ARM.Collect$$$$0000000B                 0x08000190   Section        8  entry9a.o(.ARM.Collect$$$$0000000B)
    .ARM.Collect$$$$0000000D                 0x08000198   Section        0  entry10a.o(.ARM.Collect$$$$0000000D)
    .ARM.Collect$$$$0000000F                 0x08000198   Section        0  entry11a.o(.ARM.Collect$$$$0000000F)
    .ARM.Collect$$$$00002712                 0x08000198   Section        4  entry2.o(.ARM.Collect$$$$00002712)
    __lit__00000000                          0x08000198   Data           4  entry2.o(.ARM.Collect$$$$00002712)
    .text                                    0x0800019c   Section       36  startup_stm32f407xx.o(.text)
    $v0                                      0x0800019c   Number         0  startup_stm32f407xx.o(.text)
    .text                                    0x080001c0   Section        0  memcpya.o(.text)
    .text                                    0x080001e4   Section        0  strlen.o(.text)
    .text                                    0x080001f2   Section        0  f2d.o(.text)
    .text                                    0x08000218   Section        0  uidiv.o(.text)
    .text                                    0x08000244   Section        0  uldiv.o(.text)
    .text                                    0x080002a6   Section        0  dadd.o(.text)
    .text                                    0x080002a6   Section        0  iusefp.o(.text)
    .text                                    0x080003f4   Section        0  dmul.o(.text)
    .text                                    0x080004d8   Section        0  ddiv.o(.text)
    .text                                    0x080005b6   Section        0  dfixul.o(.text)
    .text                                    0x080005e8   Section       48  cdrcmple.o(.text)
    .text                                    0x08000618   Section       36  init.o(.text)
    .text                                    0x0800063c   Section        0  llshl.o(.text)
    .text                                    0x0800065a   Section        0  llushr.o(.text)
    .text                                    0x0800067a   Section        0  llsshr.o(.text)
    .text                                    0x0800069e   Section        0  depilogue.o(.text)
    .text                                    0x08000758   Section        0  __dczerorl2.o(.text)
    i.BusFault_Handler                       0x080007ae   Section        0  stm32f4xx_it.o(i.BusFault_Handler)
    i.CDC_Control_FS                         0x080007b0   Section        0  usbd_cdc_if.o(i.CDC_Control_FS)
    CDC_Control_FS                           0x080007b1   Thumb Code     4  usbd_cdc_if.o(i.CDC_Control_FS)
    i.CDC_DeInit_FS                          0x080007b4   Section        0  usbd_cdc_if.o(i.CDC_DeInit_FS)
    CDC_DeInit_FS                            0x080007b5   Thumb Code     4  usbd_cdc_if.o(i.CDC_DeInit_FS)
    i.CDC_Init_FS                            0x080007b8   Section        0  usbd_cdc_if.o(i.CDC_Init_FS)
    CDC_Init_FS                              0x080007b9   Thumb Code    30  usbd_cdc_if.o(i.CDC_Init_FS)
    i.CDC_Receive_FS                         0x080007e4   Section        0  usbd_cdc_if.o(i.CDC_Receive_FS)
    CDC_Receive_FS                           0x080007e5   Thumb Code    44  usbd_cdc_if.o(i.CDC_Receive_FS)
    i.CDC_Transmit_FS                        0x08000818   Section        0  usbd_cdc_if.o(i.CDC_Transmit_FS)
    i.DebugMon_Handler                       0x08000854   Section        0  stm32f4xx_it.o(i.DebugMon_Handler)
    i.HAL_Delay                              0x08000856   Section        0  stm32f4xx_hal.o(i.HAL_Delay)
    i.HAL_GPIO_Init                          0x0800086c   Section        0  stm32f4xx_hal_gpio.o(i.HAL_GPIO_Init)
    i.HAL_GetTick                            0x08000a2c   Section        0  stm32f4xx_hal.o(i.HAL_GetTick)
    i.HAL_IncTick                            0x08000a38   Section        0  stm32f4xx_hal.o(i.HAL_IncTick)
    i.HAL_Init                               0x08000a48   Section        0  stm32f4xx_hal.o(i.HAL_Init)
    i.HAL_InitTick                           0x08000a7c   Section        0  stm32f4xx_hal.o(i.HAL_InitTick)
    i.HAL_MspInit                            0x08000a9e   Section        0  stm32f4xx_hal_msp.o(i.HAL_MspInit)
    i.HAL_NVIC_EnableIRQ                     0x08000ae2   Section        0  stm32f4xx_hal_cortex.o(i.HAL_NVIC_EnableIRQ)
    i.HAL_NVIC_SetPriority                   0x08000af8   Section        0  stm32f4xx_hal_cortex.o(i.HAL_NVIC_SetPriority)
    i.HAL_NVIC_SetPriorityGrouping           0x08000b38   Section        0  stm32f4xx_hal_cortex.o(i.HAL_NVIC_SetPriorityGrouping)
    i.HAL_PCDEx_SetRxFiFo                    0x08000b5c   Section        0  stm32f4xx_hal_pcd_ex.o(i.HAL_PCDEx_SetRxFiFo)
    i.HAL_PCDEx_SetTxFiFo                    0x08000b64   Section        0  stm32f4xx_hal_pcd_ex.o(i.HAL_PCDEx_SetTxFiFo)
    i.HAL_PCD_ConnectCallback                0x08000ba8   Section        0  usbd_conf.o(i.HAL_PCD_ConnectCallback)
    i.HAL_PCD_DataInStageCallback            0x08000bb0   Section        0  usbd_conf.o(i.HAL_PCD_DataInStageCallback)
    i.HAL_PCD_DataOutStageCallback           0x08000bc2   Section        0  usbd_conf.o(i.HAL_PCD_DataOutStageCallback)
    i.HAL_PCD_DisconnectCallback             0x08000bd6   Section        0  usbd_conf.o(i.HAL_PCD_DisconnectCallback)
    i.HAL_PCD_EP_Close                       0x08000bde   Section        0  stm32f4xx_hal_pcd.o(i.HAL_PCD_EP_Close)
    i.HAL_PCD_EP_ClrStall                    0x08000c22   Section        0  stm32f4xx_hal_pcd.o(i.HAL_PCD_EP_ClrStall)
    i.HAL_PCD_EP_GetRxCount                  0x08000c72   Section        0  stm32f4xx_hal_pcd.o(i.HAL_PCD_EP_GetRxCount)
    i.HAL_PCD_EP_Open                        0x08000c86   Section        0  stm32f4xx_hal_pcd.o(i.HAL_PCD_EP_Open)
    i.HAL_PCD_EP_Receive                     0x08000cdc   Section        0  stm32f4xx_hal_pcd.o(i.HAL_PCD_EP_Receive)
    i.HAL_PCD_EP_SetStall                    0x08000d3a   Section        0  stm32f4xx_hal_pcd.o(i.HAL_PCD_EP_SetStall)
    i.HAL_PCD_EP_Transmit                    0x08000d9a   Section        0  stm32f4xx_hal_pcd.o(i.HAL_PCD_EP_Transmit)
    i.HAL_PCD_IRQHandler                     0x08000df0   Section        0  stm32f4xx_hal_pcd.o(i.HAL_PCD_IRQHandler)
    i.HAL_PCD_ISOINIncompleteCallback        0x080011ee   Section        0  usbd_conf.o(i.HAL_PCD_ISOINIncompleteCallback)
    i.HAL_PCD_ISOOUTIncompleteCallback       0x080011f6   Section        0  usbd_conf.o(i.HAL_PCD_ISOOUTIncompleteCallback)
    i.HAL_PCD_Init                           0x08001200   Section        0  stm32f4xx_hal_pcd.o(i.HAL_PCD_Init)
    i.HAL_PCD_MspInit                        0x080012c0   Section        0  usbd_conf.o(i.HAL_PCD_MspInit)
    i.HAL_PCD_ResetCallback                  0x08001324   Section        0  usbd_conf.o(i.HAL_PCD_ResetCallback)
    i.HAL_PCD_ResumeCallback                 0x08001344   Section        0  usbd_conf.o(i.HAL_PCD_ResumeCallback)
    i.HAL_PCD_SOFCallback                    0x0800134c   Section        0  usbd_conf.o(i.HAL_PCD_SOFCallback)
    i.HAL_PCD_SetAddress                     0x08001354   Section        0  stm32f4xx_hal_pcd.o(i.HAL_PCD_SetAddress)
    i.HAL_PCD_SetupStageCallback             0x08001378   Section        0  usbd_conf.o(i.HAL_PCD_SetupStageCallback)
    i.HAL_PCD_Start                          0x08001386   Section        0  stm32f4xx_hal_pcd.o(i.HAL_PCD_Start)
    i.HAL_PCD_SuspendCallback                0x080013b0   Section        0  usbd_conf.o(i.HAL_PCD_SuspendCallback)
    i.HAL_RCC_ClockConfig                    0x080013e0   Section        0  stm32f4xx_hal_rcc.o(i.HAL_RCC_ClockConfig)
    i.HAL_RCC_GetHCLKFreq                    0x08001520   Section        0  stm32f4xx_hal_rcc.o(i.HAL_RCC_GetHCLKFreq)
    i.HAL_RCC_GetSysClockFreq                0x08001554   Section        0  stm32f4xx_hal_rcc.o(i.HAL_RCC_GetSysClockFreq)
    i.HAL_RCC_OscConfig                      0x080015c4   Section        0  stm32f4xx_hal_rcc.o(i.HAL_RCC_OscConfig)
    i.HAL_SYSTICK_CLKSourceConfig            0x080018a8   Section        0  stm32f4xx_hal_cortex.o(i.HAL_SYSTICK_CLKSourceConfig)
    i.HAL_SYSTICK_Callback                   0x080018c0   Section        0  stm32f4xx_hal_cortex.o(i.HAL_SYSTICK_Callback)
    i.HAL_SYSTICK_Config                     0x080018c2   Section        0  stm32f4xx_hal_cortex.o(i.HAL_SYSTICK_Config)
    i.HAL_SYSTICK_IRQHandler                 0x080018ea   Section        0  stm32f4xx_hal_cortex.o(i.HAL_SYSTICK_IRQHandler)
    i.HardFault_Handler                      0x080018f2   Section        0  stm32f4xx_it.o(i.HardFault_Handler)
    i.MX_USB_DEVICE_Init                     0x080018f4   Section        0  usb_device.o(i.MX_USB_DEVICE_Init)
    i.MemManage_Handler                      0x0800192c   Section        0  stm32f4xx_it.o(i.MemManage_Handler)
    i.NMI_Handler                            0x0800192e   Section        0  stm32f4xx_it.o(i.NMI_Handler)
    i.NVIC_SetPriority                       0x08001930   Section        0  stm32f4xx_hal_cortex.o(i.NVIC_SetPriority)
    NVIC_SetPriority                         0x08001931   Thumb Code    32  stm32f4xx_hal_cortex.o(i.NVIC_SetPriority)
    i.OTG_FS_IRQHandler                      0x08001950   Section        0  stm32f4xx_it.o(i.OTG_FS_IRQHandler)
    i.PCD_WriteEmptyTxFifo                   0x0800195c   Section        0  stm32f4xx_hal_pcd.o(i.PCD_WriteEmptyTxFifo)
    PCD_WriteEmptyTxFifo                     0x0800195d   Thumb Code   136  stm32f4xx_hal_pcd.o(i.PCD_WriteEmptyTxFifo)
    i.SysTick_Handler                        0x080019e4   Section        0  stm32f4xx_it.o(i.SysTick_Handler)
    i.SystemClock_Config                     0x080019f4   Section        0  main.o(i.SystemClock_Config)
    i.SystemInit                             0x08001a88   Section        0  system_stm32f4xx.o(i.SystemInit)
    i.USBD_CDC_DataIn                        0x08001adc   Section        0  usbd_cdc.o(i.USBD_CDC_DataIn)
    USBD_CDC_DataIn                          0x08001add   Thumb Code    20  usbd_cdc.o(i.USBD_CDC_DataIn)
    i.USBD_CDC_DataOut                       0x08001af0   Section        0  usbd_cdc.o(i.USBD_CDC_DataOut)
    USBD_CDC_DataOut                         0x08001af1   Thumb Code    46  usbd_cdc.o(i.USBD_CDC_DataOut)
    i.USBD_CDC_DeInit                        0x08001b1e   Section        0  usbd_cdc.o(i.USBD_CDC_DeInit)
    USBD_CDC_DeInit                          0x08001b1f   Thumb Code    60  usbd_cdc.o(i.USBD_CDC_DeInit)
    i.USBD_CDC_EP0_RxReady                   0x08001b5a   Section        0  usbd_cdc.o(i.USBD_CDC_EP0_RxReady)
    USBD_CDC_EP0_RxReady                     0x08001b5b   Thumb Code    36  usbd_cdc.o(i.USBD_CDC_EP0_RxReady)
    i.USBD_CDC_GetDeviceQualifierDescriptor  0x08001b80   Section        0  usbd_cdc.o(i.USBD_CDC_GetDeviceQualifierDescriptor)
    i.USBD_CDC_GetFSCfgDesc                  0x08001b8c   Section        0  usbd_cdc.o(i.USBD_CDC_GetFSCfgDesc)
    USBD_CDC_GetFSCfgDesc                    0x08001b8d   Thumb Code     8  usbd_cdc.o(i.USBD_CDC_GetFSCfgDesc)
    i.USBD_CDC_GetHSCfgDesc                  0x08001b98   Section        0  usbd_cdc.o(i.USBD_CDC_GetHSCfgDesc)
    USBD_CDC_GetHSCfgDesc                    0x08001b99   Thumb Code     8  usbd_cdc.o(i.USBD_CDC_GetHSCfgDesc)
    i.USBD_CDC_GetOtherSpeedCfgDesc          0x08001ba4   Section        0  usbd_cdc.o(i.USBD_CDC_GetOtherSpeedCfgDesc)
    USBD_CDC_GetOtherSpeedCfgDesc            0x08001ba5   Thumb Code     8  usbd_cdc.o(i.USBD_CDC_GetOtherSpeedCfgDesc)
    i.USBD_CDC_Init                          0x08001bb0   Section        0  usbd_cdc.o(i.USBD_CDC_Init)
    USBD_CDC_Init                            0x08001bb1   Thumb Code   136  usbd_cdc.o(i.USBD_CDC_Init)
    i.USBD_CDC_ReceivePacket                 0x08001c38   Section        0  usbd_cdc.o(i.USBD_CDC_ReceivePacket)
    i.USBD_CDC_RegisterInterface             0x08001c60   Section        0  usbd_cdc.o(i.USBD_CDC_RegisterInterface)
    i.USBD_CDC_SetRxBuffer                   0x08001c70   Section        0  usbd_cdc.o(i.USBD_CDC_SetRxBuffer)
    i.USBD_CDC_SetTxBuffer                   0x08001c7c   Section        0  usbd_cdc.o(i.USBD_CDC_SetTxBuffer)
    i.USBD_CDC_Setup                         0x08001c8c   Section        0  usbd_cdc.o(i.USBD_CDC_Setup)
    USBD_CDC_Setup                           0x08001c8d   Thumb Code   106  usbd_cdc.o(i.USBD_CDC_Setup)
    i.USBD_CDC_TransmitPacket                0x08001cfc   Section        0  usbd_cdc.o(i.USBD_CDC_TransmitPacket)
    i.USBD_ClrClassConfig                    0x08001d2c   Section        0  usbd_core.o(i.USBD_ClrClassConfig)
    i.USBD_CtlContinueRx                     0x08001d3a   Section        0  usbd_ioreq.o(i.USBD_CtlContinueRx)
    i.USBD_CtlContinueSendData               0x08001d4a   Section        0  usbd_ioreq.o(i.USBD_CtlContinueSendData)
    i.USBD_CtlError                          0x08001d5a   Section        0  usbd_ctlreq.o(i.USBD_CtlError)
    i.USBD_CtlPrepareRx                      0x08001d70   Section        0  usbd_ioreq.o(i.USBD_CtlPrepareRx)
    i.USBD_CtlReceiveStatus                  0x08001d8e   Section        0  usbd_ioreq.o(i.USBD_CtlReceiveStatus)
    i.USBD_CtlSendData                       0x08001da4   Section        0  usbd_ioreq.o(i.USBD_CtlSendData)
    i.USBD_CtlSendStatus                     0x08001dbe   Section        0  usbd_ioreq.o(i.USBD_CtlSendStatus)
    i.USBD_FS_ConfigStrDescriptor            0x08001dd4   Section        0  usbd_desc.o(i.USBD_FS_ConfigStrDescriptor)
    i.USBD_FS_DeviceDescriptor               0x08001df4   Section        0  usbd_desc.o(i.USBD_FS_DeviceDescriptor)
    i.USBD_FS_InterfaceStrDescriptor         0x08001e00   Section        0  usbd_desc.o(i.USBD_FS_InterfaceStrDescriptor)
    i.USBD_FS_LangIDStrDescriptor            0x08001e24   Section        0  usbd_desc.o(i.USBD_FS_LangIDStrDescriptor)
    i.USBD_FS_ManufacturerStrDescriptor      0x08001e30   Section        0  usbd_desc.o(i.USBD_FS_ManufacturerStrDescriptor)
    i.USBD_FS_ProductStrDescriptor           0x08001e58   Section        0  usbd_desc.o(i.USBD_FS_ProductStrDescriptor)
    i.USBD_FS_SerialStrDescriptor            0x08001e84   Section        0  usbd_desc.o(i.USBD_FS_SerialStrDescriptor)
    i.USBD_GetDescriptor                     0x08001ea8   Section        0  usbd_ctlreq.o(i.USBD_GetDescriptor)
    USBD_GetDescriptor                       0x08001ea9   Thumb Code   224  usbd_ctlreq.o(i.USBD_GetDescriptor)
    i.USBD_GetString                         0x08001f88   Section        0  usbd_ctlreq.o(i.USBD_GetString)
    i.USBD_Init                              0x08001fce   Section        0  usbd_core.o(i.USBD_Init)
    i.USBD_LL_ClearStallEP                   0x08001ff8   Section        0  usbd_conf.o(i.USBD_LL_ClearStallEP)
    i.USBD_LL_CloseEP                        0x08002006   Section        0  usbd_conf.o(i.USBD_LL_CloseEP)
    i.USBD_LL_DataInStage                    0x08002014   Section        0  usbd_core.o(i.USBD_LL_DataInStage)
    i.USBD_LL_DataOutStage                   0x080020be   Section        0  usbd_core.o(i.USBD_LL_DataOutStage)
    i.USBD_LL_DevConnected                   0x08002128   Section        0  usbd_core.o(i.USBD_LL_DevConnected)
    i.USBD_LL_DevDisconnected                0x0800212c   Section        0  usbd_core.o(i.USBD_LL_DevDisconnected)
    i.USBD_LL_GetRxDataSize                  0x08002142   Section        0  usbd_conf.o(i.USBD_LL_GetRxDataSize)
    i.USBD_LL_Init                           0x0800214c   Section        0  usbd_conf.o(i.USBD_LL_Init)
    i.USBD_LL_IsStallEP                      0x080021a8   Section        0  usbd_conf.o(i.USBD_LL_IsStallEP)
    i.USBD_LL_IsoINIncomplete                0x080021c8   Section        0  usbd_core.o(i.USBD_LL_IsoINIncomplete)
    i.USBD_LL_IsoOUTIncomplete               0x080021cc   Section        0  usbd_core.o(i.USBD_LL_IsoOUTIncomplete)
    i.USBD_LL_OpenEP                         0x080021d0   Section        0  usbd_conf.o(i.USBD_LL_OpenEP)
    i.USBD_LL_PrepareReceive                 0x080021e4   Section        0  usbd_conf.o(i.USBD_LL_PrepareReceive)
    i.USBD_LL_Reset                          0x080021f2   Section        0  usbd_core.o(i.USBD_LL_Reset)
    i.USBD_LL_Resume                         0x08002230   Section        0  usbd_core.o(i.USBD_LL_Resume)
    i.USBD_LL_SOF                            0x0800223c   Section        0  usbd_core.o(i.USBD_LL_SOF)
    i.USBD_LL_SetSpeed                       0x08002254   Section        0  usbd_core.o(i.USBD_LL_SetSpeed)
    i.USBD_LL_SetUSBAddress                  0x0800225a   Section        0  usbd_conf.o(i.USBD_LL_SetUSBAddress)
    i.USBD_LL_SetupStage                     0x08002268   Section        0  usbd_core.o(i.USBD_LL_SetupStage)
    i.USBD_LL_StallEP                        0x080022c2   Section        0  usbd_conf.o(i.USBD_LL_StallEP)
    i.USBD_LL_Start                          0x080022d0   Section        0  usbd_conf.o(i.USBD_LL_Start)
    i.USBD_LL_Suspend                        0x080022de   Section        0  usbd_core.o(i.USBD_LL_Suspend)
    i.USBD_LL_Transmit                       0x080022f0   Section        0  usbd_conf.o(i.USBD_LL_Transmit)
    i.USBD_ParseSetupRequest                 0x080022fe   Section        0  usbd_ctlreq.o(i.USBD_ParseSetupRequest)
    i.USBD_RegisterClass                     0x08002326   Section        0  usbd_core.o(i.USBD_RegisterClass)
    i.USBD_SetClassConfig                    0x08002336   Section        0  usbd_core.o(i.USBD_SetClassConfig)
    i.USBD_SetConfig                         0x0800234c   Section        0  usbd_ctlreq.o(i.USBD_SetConfig)
    USBD_SetConfig                           0x0800234d   Thumb Code   110  usbd_ctlreq.o(i.USBD_SetConfig)
    i.USBD_Start                             0x080023c0   Section        0  usbd_core.o(i.USBD_Start)
    i.USBD_StdDevReq                         0x080023ca   Section        0  usbd_ctlreq.o(i.USBD_StdDevReq)
    i.USBD_StdEPReq                          0x080024bc   Section        0  usbd_ctlreq.o(i.USBD_StdEPReq)
    i.USBD_StdItfReq                         0x08002598   Section        0  usbd_ctlreq.o(i.USBD_StdItfReq)
    i.USB_ActivateEndpoint                   0x080025cc   Section        0  stm32f4xx_ll_usb.o(i.USB_ActivateEndpoint)
    i.USB_ActivateSetup                      0x0800264c   Section        0  stm32f4xx_ll_usb.o(i.USB_ActivateSetup)
    i.USB_CoreInit                           0x08002680   Section        0  stm32f4xx_ll_usb.o(i.USB_CoreInit)
    i.USB_CoreReset                          0x080026ec   Section        0  stm32f4xx_ll_usb.o(i.USB_CoreReset)
    USB_CoreReset                            0x080026ed   Thumb Code    50  stm32f4xx_ll_usb.o(i.USB_CoreReset)
    i.USB_DeactivateEndpoint                 0x08002724   Section        0  stm32f4xx_ll_usb.o(i.USB_DeactivateEndpoint)
    i.USB_DevConnect                         0x08002792   Section        0  stm32f4xx_ll_usb.o(i.USB_DevConnect)
    i.USB_DevDisconnect                      0x080027aa   Section        0  stm32f4xx_ll_usb.o(i.USB_DevDisconnect)
    i.USB_DevInit                            0x080027c4   Section        0  stm32f4xx_ll_usb.o(i.USB_DevInit)
    i.USB_DisableGlobalInt                   0x08002908   Section        0  stm32f4xx_ll_usb.o(i.USB_DisableGlobalInt)
    i.USB_EP0StartXfer                       0x08002914   Section        0  stm32f4xx_ll_usb.o(i.USB_EP0StartXfer)
    i.USB_EP0_OutStart                       0x08002a54   Section        0  stm32f4xx_ll_usb.o(i.USB_EP0_OutStart)
    i.USB_EPClearStall                       0x08002a92   Section        0  stm32f4xx_ll_usb.o(i.USB_EPClearStall)
    i.USB_EPSetStall                         0x08002af6   Section        0  stm32f4xx_ll_usb.o(i.USB_EPSetStall)
    i.USB_EPStartXfer                        0x08002b54   Section        0  stm32f4xx_ll_usb.o(i.USB_EPStartXfer)
    i.USB_EnableGlobalInt                    0x08002d70   Section        0  stm32f4xx_ll_usb.o(i.USB_EnableGlobalInt)
    i.USB_FlushRxFifo                        0x08002d7c   Section        0  stm32f4xx_ll_usb.o(i.USB_FlushRxFifo)
    i.USB_FlushTxFifo                        0x08002d9c   Section        0  stm32f4xx_ll_usb.o(i.USB_FlushTxFifo)
    i.USB_GetDevSpeed                        0x08002dc0   Section        0  stm32f4xx_ll_usb.o(i.USB_GetDevSpeed)
    i.USB_GetMode                            0x08002dfc   Section        0  stm32f4xx_ll_usb.o(i.USB_GetMode)
    i.USB_ReadDevAllInEpInterrupt            0x08002e04   Section        0  stm32f4xx_ll_usb.o(i.USB_ReadDevAllInEpInterrupt)
    i.USB_ReadDevAllOutEpInterrupt           0x08002e12   Section        0  stm32f4xx_ll_usb.o(i.USB_ReadDevAllOutEpInterrupt)
    i.USB_ReadDevInEPInterrupt               0x08002e20   Section        0  stm32f4xx_ll_usb.o(i.USB_ReadDevInEPInterrupt)
    i.USB_ReadDevOutEPInterrupt              0x08002e3e   Section        0  stm32f4xx_ll_usb.o(i.USB_ReadDevOutEPInterrupt)
    i.USB_ReadInterrupts                     0x08002e4e   Section        0  stm32f4xx_ll_usb.o(i.USB_ReadInterrupts)
    i.USB_ReadPacket                         0x08002e56   Section        0  stm32f4xx_ll_usb.o(i.USB_ReadPacket)
    i.USB_SetCurrentMode                     0x08002e76   Section        0  stm32f4xx_ll_usb.o(i.USB_SetCurrentMode)
    i.USB_SetDevAddress                      0x08002ea2   Section        0  stm32f4xx_ll_usb.o(i.USB_SetDevAddress)
    i.USB_WritePacket                        0x08002ec4   Section        0  stm32f4xx_ll_usb.o(i.USB_WritePacket)
    i.UsageFault_Handler                     0x08002eec   Section        0  stm32f4xx_it.o(i.UsageFault_Handler)
    i.__0sprintf                             0x08002ef0   Section        0  printfa.o(i.__0sprintf)
    i.__scatterload_copy                     0x08002f18   Section       14  handlers.o(i.__scatterload_copy)
    i.__scatterload_null                     0x08002f26   Section        2  handlers.o(i.__scatterload_null)
    i.__scatterload_zeroinit                 0x08002f28   Section       14  handlers.o(i.__scatterload_zeroinit)
    i._fp_digits                             0x08002f38   Section        0  printfa.o(i._fp_digits)
    _fp_digits                               0x08002f39   Thumb Code   334  printfa.o(i._fp_digits)
    i._printf_core                           0x0800309c   Section        0  printfa.o(i._printf_core)
    _printf_core                             0x0800309d   Thumb Code  1744  printfa.o(i._printf_core)
    i._printf_post_padding                   0x08003778   Section        0  printfa.o(i._printf_post_padding)
    _printf_post_padding                     0x08003779   Thumb Code    36  printfa.o(i._printf_post_padding)
    i._printf_pre_padding                    0x0800379c   Section        0  printfa.o(i._printf_pre_padding)
    _printf_pre_padding                      0x0800379d   Thumb Code    46  printfa.o(i._printf_pre_padding)
    i._sputc                                 0x080037ca   Section        0  printfa.o(i._sputc)
    _sputc                                   0x080037cb   Thumb Code    10  printfa.o(i._sputc)
    i.free                                   0x080037d4   Section        0  malloc.o(i.free)
    i.main                                   0x08003824   Section        0  main.o(i.main)
    i.malloc                                 0x080038ac   Section        0  malloc.o(i.malloc)
    .constdata                               0x08003918   Section       16  stm32f4xx_hal_rcc.o(.constdata)
    .data                                    0x20000000   Section      219  usbd_cdc.o(.data)
    ifalt                                    0x20000000   Data           1  usbd_cdc.o(.data)
    USBD_CDC_DeviceQualifierDesc             0x20000004   Data          10  usbd_cdc.o(.data)
    .data                                    0x200000dc   Section       56  usbd_cdc.o(.data)
    .data                                    0x20000114   Section        1  usbd_ctlreq.o(.data)
    cfgidx                                   0x20000114   Data           1  usbd_ctlreq.o(.data)
    .data                                    0x20000118   Section        4  stm32f4xx_hal.o(.data)
    .data                                    0x2000011c   Section        8  usbd_cdc_if.o(.data)
    .data                                    0x20000124   Section       16  usbd_cdc_if.o(.data)
    .data                                    0x20000134   Section       20  main.o(.data)
    .data                                    0x20000148   Section       28  usbd_desc.o(.data)
    .data                                    0x20000164   Section       22  usbd_desc.o(.data)
    .data                                    0x2000017c   Section        4  system_stm32f4xx.o(.data)
    .data                                    0x20000180   Section        4  mvars.o(.data)
    .data                                    0x20000184   Section        4  mvars.o(.data)
    .bss                                     0x20000188   Section      128  usbd_cdc_if.o(.bss)
    .bss                                     0x20000208   Section       64  main.o(.bss)
    .bss                                     0x20000248   Section       64  main.o(.bss)
    .bss                                     0x20000288   Section      548  usb_device.o(.bss)
    .bss                                     0x200004ac   Section      952  usbd_conf.o(.bss)
    .bss                                     0x20000864   Section      512  usbd_desc.o(.bss)
    HEAP                                     0x20000a68   Section      512  startup_stm32f407xx.o(HEAP)
    STACK                                    0x20000c68   Section     1024  startup_stm32f407xx.o(STACK)

    Global Symbols

    Symbol Name                              Value     Ov Type        Size  Object(Section)

    BuildAttributes$$THM_ISAv4$E$P$D$K$B$S$7EM$VFPi3$EXTD16$VFPS$VFMA$PE$A:L22UL41UL21$X:L11$S22US41US21$IEEE1$IW$USESV6$~STKCKD$USESV7$~SHL$OSPACE$ROPI$EBA8$MICROLIB$REQ8$PRES8$EABIv2 0x00000000   Number         0  anon$$obj.o ABSOLUTE
    __ARM_use_no_argv                        0x00000000   Number         0  main.o ABSOLUTE
    _printf_a                                0x00000000   Number         0  stubs.o ABSOLUTE
    _printf_c                                0x00000000   Number         0  stubs.o ABSOLUTE
    _printf_charcount                        0x00000000   Number         0  stubs.o ABSOLUTE
    _printf_d                                0x00000000   Number         0  stubs.o ABSOLUTE
    _printf_e                                0x00000000   Number         0  stubs.o ABSOLUTE
    _printf_f                                0x00000000   Number         0  stubs.o ABSOLUTE
    _printf_flags                            0x00000000   Number         0  stubs.o ABSOLUTE
    _printf_fp_dec                           0x00000000   Number         0  stubs.o ABSOLUTE
    _printf_fp_hex                           0x00000000   Number         0  stubs.o ABSOLUTE
    _printf_g                                0x00000000   Number         0  stubs.o ABSOLUTE
    _printf_i                                0x00000000   Number         0  stubs.o ABSOLUTE
    _printf_int_dec                          0x00000000   Number         0  stubs.o ABSOLUTE
    _printf_l                                0x00000000   Number         0  stubs.o ABSOLUTE
    _printf_lc                               0x00000000   Number         0  stubs.o ABSOLUTE
    _printf_ll                               0x00000000   Number         0  stubs.o ABSOLUTE
    _printf_lld                              0x00000000   Number         0  stubs.o ABSOLUTE
    _printf_lli                              0x00000000   Number         0  stubs.o ABSOLUTE
    _printf_llo                              0x00000000   Number         0  stubs.o ABSOLUTE
    _printf_llu                              0x00000000   Number         0  stubs.o ABSOLUTE
    _printf_llx                              0x00000000   Number         0  stubs.o ABSOLUTE
    _printf_longlong_dec                     0x00000000   Number         0  stubs.o ABSOLUTE
    _printf_longlong_hex                     0x00000000   Number         0  stubs.o ABSOLUTE
    _printf_longlong_oct                     0x00000000   Number         0  stubs.o ABSOLUTE
    _printf_ls                               0x00000000   Number         0  stubs.o ABSOLUTE
    _printf_mbtowc                           0x00000000   Number         0  stubs.o ABSOLUTE
    _printf_n                                0x00000000   Number         0  stubs.o ABSOLUTE
    _printf_o                                0x00000000   Number         0  stubs.o ABSOLUTE
    _printf_p                                0x00000000   Number         0  stubs.o ABSOLUTE
    _printf_percent                          0x00000000   Number         0  stubs.o ABSOLUTE
    _printf_pre_padding                      0x00000000   Number         0  stubs.o ABSOLUTE
    _printf_return_value                     0x00000000   Number         0  stubs.o ABSOLUTE
    _printf_s                                0x00000000   Number         0  stubs.o ABSOLUTE
    _printf_sizespec                         0x00000000   Number         0  stubs.o ABSOLUTE
    _printf_str                              0x00000000   Number         0  stubs.o ABSOLUTE
    _printf_truncate_signed                  0x00000000   Number         0  stubs.o ABSOLUTE
    _printf_truncate_unsigned                0x00000000   Number         0  stubs.o ABSOLUTE
    _printf_u                                0x00000000   Number         0  stubs.o ABSOLUTE
    _printf_wc                               0x00000000   Number         0  stubs.o ABSOLUTE
    _printf_wctomb                           0x00000000   Number         0  stubs.o ABSOLUTE
    _printf_widthprec                        0x00000000   Number         0  stubs.o ABSOLUTE
    _printf_x                                0x00000000   Number         0  stubs.o ABSOLUTE
    __cpp_initialize__aeabi_                  - Undefined Weak Reference
    __cxa_finalize                            - Undefined Weak Reference
    _clock_init                               - Undefined Weak Reference
    _microlib_exit                            - Undefined Weak Reference
    __Vectors_Size                           0x00000188   Number         0  startup_stm32f407xx.o ABSOLUTE
    __Vectors                                0x08000000   Data           4  startup_stm32f407xx.o(RESET)
    __Vectors_End                            0x08000188   Data           0  startup_stm32f407xx.o(RESET)
    __main                                   0x08000189   Thumb Code     0  entry.o(.ARM.Collect$$$$00000000)
    _main_stk                                0x08000189   Thumb Code     0  entry2.o(.ARM.Collect$$$$00000001)
    _main_scatterload                        0x0800018d   Thumb Code     0  entry5.o(.ARM.Collect$$$$00000004)
    __main_after_scatterload                 0x08000191   Thumb Code     0  entry5.o(.ARM.Collect$$$$00000004)
    _main_clock                              0x08000191   Thumb Code     0  entry7b.o(.ARM.Collect$$$$00000008)
    _main_cpp_init                           0x08000191   Thumb Code     0  entry8b.o(.ARM.Collect$$$$0000000A)
    _main_init                               0x08000191   Thumb Code     0  entry9a.o(.ARM.Collect$$$$0000000B)
    __rt_final_cpp                           0x08000199   Thumb Code     0  entry10a.o(.ARM.Collect$$$$0000000D)
    __rt_final_exit                          0x08000199   Thumb Code     0  entry11a.o(.ARM.Collect$$$$0000000F)
    Reset_Handler                            0x0800019d   Thumb Code     8  startup_stm32f407xx.o(.text)
    SVC_Handler                              0x080001af   Thumb Code     2  startup_stm32f407xx.o(.text)
    PendSV_Handler                           0x080001b3   Thumb Code     2  startup_stm32f407xx.o(.text)
    ADC_IRQHandler                           0x080001b7   Thumb Code     0  startup_stm32f407xx.o(.text)
    CAN1_RX0_IRQHandler                      0x080001b7   Thumb Code     0  startup_stm32f407xx.o(.text)
    CAN1_RX1_IRQHandler                      0x080001b7   Thumb Code     0  startup_stm32f407xx.o(.text)
    CAN1_SCE_IRQHandler                      0x080001b7   Thumb Code     0  startup_stm32f407xx.o(.text)
    CAN1_TX_IRQHandler                       0x080001b7   Thumb Code     0  startup_stm32f407xx.o(.text)
    CAN2_RX0_IRQHandler                      0x080001b7   Thumb Code     0  startup_stm32f407xx.o(.text)
    CAN2_RX1_IRQHandler                      0x080001b7   Thumb Code     0  startup_stm32f407xx.o(.text)
    CAN2_SCE_IRQHandler                      0x080001b7   Thumb Code     0  startup_stm32f407xx.o(.text)
    CAN2_TX_IRQHandler                       0x080001b7   Thumb Code     0  startup_stm32f407xx.o(.text)
    DCMI_IRQHandler                          0x080001b7   Thumb Code     0  startup_stm32f407xx.o(.text)
    DMA1_Stream0_IRQHandler                  0x080001b7   Thumb Code     0  startup_stm32f407xx.o(.text)
    DMA1_Stream1_IRQHandler                  0x080001b7   Thumb Code     0  startup_stm32f407xx.o(.text)
    DMA1_Stream2_IRQHandler                  0x080001b7   Thumb Code     0  startup_stm32f407xx.o(.text)
    DMA1_Stream3_IRQHandler                  0x080001b7   Thumb Code     0  startup_stm32f407xx.o(.text)
    DMA1_Stream4_IRQHandler                  0x080001b7   Thumb Code     0  startup_stm32f407xx.o(.text)
    DMA1_Stream5_IRQHandler                  0x080001b7   Thumb Code     0  startup_stm32f407xx.o(.text)
    DMA1_Stream6_IRQHandler                  0x080001b7   Thumb Code     0  startup_stm32f407xx.o(.text)
    DMA1_Stream7_IRQHandler                  0x080001b7   Thumb Code     0  startup_stm32f407xx.o(.text)
    DMA2_Stream0_IRQHandler                  0x080001b7   Thumb Code     0  startup_stm32f407xx.o(.text)
    DMA2_Stream1_IRQHandler                  0x080001b7   Thumb Code     0  startup_stm32f407xx.o(.text)
    DMA2_Stream2_IRQHandler                  0x080001b7   Thumb Code     0  startup_stm32f407xx.o(.text)
    DMA2_Stream3_IRQHandler                  0x080001b7   Thumb Code     0  startup_stm32f407xx.o(.text)
    DMA2_Stream4_IRQHandler                  0x080001b7   Thumb Code     0  startup_stm32f407xx.o(.text)
    DMA2_Stream5_IRQHandler                  0x080001b7   Thumb Code     0  startup_stm32f407xx.o(.text)
    DMA2_Stream6_IRQHandler                  0x080001b7   Thumb Code     0  startup_stm32f407xx.o(.text)
    DMA2_Stream7_IRQHandler                  0x080001b7   Thumb Code     0  startup_stm32f407xx.o(.text)
    ETH_IRQHandler                           0x080001b7   Thumb Code     0  startup_stm32f407xx.o(.text)
    ETH_WKUP_IRQHandler                      0x080001b7   Thumb Code     0  startup_stm32f407xx.o(.text)
    EXTI0_IRQHandler                         0x080001b7   Thumb Code     0  startup_stm32f407xx.o(.text)
    EXTI15_10_IRQHandler                     0x080001b7   Thumb Code     0  startup_stm32f407xx.o(.text)
    EXTI1_IRQHandler                         0x080001b7   Thumb Code     0  startup_stm32f407xx.o(.text)
    EXTI2_IRQHandler                         0x080001b7   Thumb Code     0  startup_stm32f407xx.o(.text)
    EXTI3_IRQHandler                         0x080001b7   Thumb Code     0  startup_stm32f407xx.o(.text)
    EXTI4_IRQHandler                         0x080001b7   Thumb Code     0  startup_stm32f407xx.o(.text)
    EXTI9_5_IRQHandler                       0x080001b7   Thumb Code     0  startup_stm32f407xx.o(.text)
    FLASH_IRQHandler                         0x080001b7   Thumb Code     0  startup_stm32f407xx.o(.text)
    FMC_IRQHandler                           0x080001b7   Thumb Code     0  startup_stm32f407xx.o(.text)
    FPU_IRQHandler                           0x080001b7   Thumb Code     0  startup_stm32f407xx.o(.text)
    HASH_RNG_IRQHandler                      0x080001b7   Thumb Code     0  startup_stm32f407xx.o(.text)
    I2C1_ER_IRQHandler                       0x080001b7   Thumb Code     0  startup_stm32f407xx.o(.text)
    I2C1_EV_IRQHandler                       0x080001b7   Thumb Code     0  startup_stm32f407xx.o(.text)
    I2C2_ER_IRQHandler                       0x080001b7   Thumb Code     0  startup_stm32f407xx.o(.text)
    I2C2_EV_IRQHandler                       0x080001b7   Thumb Code     0  startup_stm32f407xx.o(.text)
    I2C3_ER_IRQHandler                       0x080001b7   Thumb Code     0  startup_stm32f407xx.o(.text)
    I2C3_EV_IRQHandler                       0x080001b7   Thumb Code     0  startup_stm32f407xx.o(.text)
    OTG_FS_WKUP_IRQHandler                   0x080001b7   Thumb Code     0  startup_stm32f407xx.o(.text)
    OTG_HS_EP1_IN_IRQHandler                 0x080001b7   Thumb Code     0  startup_stm32f407xx.o(.text)
    OTG_HS_EP1_OUT_IRQHandler                0x080001b7   Thumb Code     0  startup_stm32f407xx.o(.text)
    OTG_HS_IRQHandler                        0x080001b7   Thumb Code     0  startup_stm32f407xx.o(.text)
    OTG_HS_WKUP_IRQHandler                   0x080001b7   Thumb Code     0  startup_stm32f407xx.o(.text)
    PVD_IRQHandler                           0x080001b7   Thumb Code     0  startup_stm32f407xx.o(.text)
    RCC_IRQHandler                           0x080001b7   Thumb Code     0  startup_stm32f407xx.o(.text)
    RTC_Alarm_IRQHandler                     0x080001b7   Thumb Code     0  startup_stm32f407xx.o(.text)
    RTC_WKUP_IRQHandler                      0x080001b7   Thumb Code     0  startup_stm32f407xx.o(.text)
    SDIO_IRQHandler                          0x080001b7   Thumb Code     0  startup_stm32f407xx.o(.text)
    SPI1_IRQHandler                          0x080001b7   Thumb Code     0  startup_stm32f407xx.o(.text)
    SPI2_IRQHandler                          0x080001b7   Thumb Code     0  startup_stm32f407xx.o(.text)
    SPI3_IRQHandler                          0x080001b7   Thumb Code     0  startup_stm32f407xx.o(.text)
    TAMP_STAMP_IRQHandler                    0x080001b7   Thumb Code     0  startup_stm32f407xx.o(.text)
    TIM1_BRK_TIM9_IRQHandler                 0x080001b7   Thumb Code     0  startup_stm32f407xx.o(.text)
    TIM1_CC_IRQHandler                       0x080001b7   Thumb Code     0  startup_stm32f407xx.o(.text)
    TIM1_TRG_COM_TIM11_IRQHandler            0x080001b7   Thumb Code     0  startup_stm32f407xx.o(.text)
    TIM1_UP_TIM10_IRQHandler                 0x080001b7   Thumb Code     0  startup_stm32f407xx.o(.text)
    TIM2_IRQHandler                          0x080001b7   Thumb Code     0  startup_stm32f407xx.o(.text)
    TIM3_IRQHandler                          0x080001b7   Thumb Code     0  startup_stm32f407xx.o(.text)
    TIM4_IRQHandler                          0x080001b7   Thumb Code     0  startup_stm32f407xx.o(.text)
    TIM5_IRQHandler                          0x080001b7   Thumb Code     0  startup_stm32f407xx.o(.text)
    TIM6_DAC_IRQHandler                      0x080001b7   Thumb Code     0  startup_stm32f407xx.o(.text)
    TIM7_IRQHandler                          0x080001b7   Thumb Code     0  startup_stm32f407xx.o(.text)
    TIM8_BRK_TIM12_IRQHandler                0x080001b7   Thumb Code     0  startup_stm32f407xx.o(.text)
    TIM8_CC_IRQHandler                       0x080001b7   Thumb Code     0  startup_stm32f407xx.o(.text)
    TIM8_TRG_COM_TIM14_IRQHandler            0x080001b7   Thumb Code     0  startup_stm32f407xx.o(.text)
    TIM8_UP_TIM13_IRQHandler                 0x080001b7   Thumb Code     0  startup_stm32f407xx.o(.text)
    UART4_IRQHandler                         0x080001b7   Thumb Code     0  startup_stm32f407xx.o(.text)
    UART5_IRQHandler                         0x080001b7   Thumb Code     0  startup_stm32f407xx.o(.text)
    USART1_IRQHandler                        0x080001b7   Thumb Code     0  startup_stm32f407xx.o(.text)
    USART2_IRQHandler                        0x080001b7   Thumb Code     0  startup_stm32f407xx.o(.text)
    USART3_IRQHandler                        0x080001b7   Thumb Code     0  startup_stm32f407xx.o(.text)
    USART6_IRQHandler                        0x080001b7   Thumb Code     0  startup_stm32f407xx.o(.text)
    WWDG_IRQHandler                          0x080001b7   Thumb Code     0  startup_stm32f407xx.o(.text)
    __aeabi_memcpy                           0x080001c1   Thumb Code    36  memcpya.o(.text)
    __aeabi_memcpy4                          0x080001c1   Thumb Code     0  memcpya.o(.text)
    __aeabi_memcpy8                          0x080001c1   Thumb Code     0  memcpya.o(.text)
    strlen                                   0x080001e5   Thumb Code    14  strlen.o(.text)
    __aeabi_f2d                              0x080001f3   Thumb Code    38  f2d.o(.text)
    __aeabi_uidiv                            0x08000219   Thumb Code     0  uidiv.o(.text)
    __aeabi_uidivmod                         0x08000219   Thumb Code    44  uidiv.o(.text)
    __aeabi_uldivmod                         0x08000245   Thumb Code    98  uldiv.o(.text)
    __I$use$fp                               0x080002a7   Thumb Code     0  iusefp.o(.text)
    __aeabi_dadd                             0x080002a7   Thumb Code   322  dadd.o(.text)
    __aeabi_dsub                             0x080003e9   Thumb Code     6  dadd.o(.text)
    __aeabi_drsub                            0x080003ef   Thumb Code     6  dadd.o(.text)
    __aeabi_dmul                             0x080003f5   Thumb Code   228  dmul.o(.text)
    __aeabi_ddiv                             0x080004d9   Thumb Code   222  ddiv.o(.text)
    __aeabi_d2ulz                            0x080005b7   Thumb Code    48  dfixul.o(.text)
    __aeabi_cdrcmple                         0x080005e9   Thumb Code    48  cdrcmple.o(.text)
    __scatterload                            0x08000619   Thumb Code    28  init.o(.text)
    __scatterload_rt2                        0x08000619   Thumb Code     0  init.o(.text)
    __aeabi_llsl                             0x0800063d   Thumb Code    30  llshl.o(.text)
    _ll_shift_l                              0x0800063d   Thumb Code     0  llshl.o(.text)
    __aeabi_llsr                             0x0800065b   Thumb Code    32  llushr.o(.text)
    _ll_ushift_r                             0x0800065b   Thumb Code     0  llushr.o(.text)
    __aeabi_lasr                             0x0800067b   Thumb Code    36  llsshr.o(.text)
    _ll_sshift_r                             0x0800067b   Thumb Code     0  llsshr.o(.text)
    _double_round                            0x0800069f   Thumb Code    30  depilogue.o(.text)
    _double_epilogue                         0x080006bd   Thumb Code   156  depilogue.o(.text)
    __decompress                             0x08000759   Thumb Code     0  __dczerorl2.o(.text)
    __decompress1                            0x08000759   Thumb Code    86  __dczerorl2.o(.text)
    BusFault_Handler                         0x080007af   Thumb Code     2  stm32f4xx_it.o(i.BusFault_Handler)
    CDC_Transmit_FS                          0x08000819   Thumb Code    52  usbd_cdc_if.o(i.CDC_Transmit_FS)
    DebugMon_Handler                         0x08000855   Thumb Code     2  stm32f4xx_it.o(i.DebugMon_Handler)
    HAL_Delay                                0x08000857   Thumb Code    22  stm32f4xx_hal.o(i.HAL_Delay)
    HAL_GPIO_Init                            0x0800086d   Thumb Code   398  stm32f4xx_hal_gpio.o(i.HAL_GPIO_Init)
    HAL_GetTick                              0x08000a2d   Thumb Code     6  stm32f4xx_hal.o(i.HAL_GetTick)
    HAL_IncTick                              0x08000a39   Thumb Code    10  stm32f4xx_hal.o(i.HAL_IncTick)
    HAL_Init                                 0x08000a49   Thumb Code    48  stm32f4xx_hal.o(i.HAL_Init)
    HAL_InitTick                             0x08000a7d   Thumb Code    34  stm32f4xx_hal.o(i.HAL_InitTick)
    HAL_MspInit                              0x08000a9f   Thumb Code    68  stm32f4xx_hal_msp.o(i.HAL_MspInit)
    HAL_NVIC_EnableIRQ                       0x08000ae3   Thumb Code    22  stm32f4xx_hal_cortex.o(i.HAL_NVIC_EnableIRQ)
    HAL_NVIC_SetPriority                     0x08000af9   Thumb Code    60  stm32f4xx_hal_cortex.o(i.HAL_NVIC_SetPriority)
    HAL_NVIC_SetPriorityGrouping             0x08000b39   Thumb Code    26  stm32f4xx_hal_cortex.o(i.HAL_NVIC_SetPriorityGrouping)
    HAL_PCDEx_SetRxFiFo                      0x08000b5d   Thumb Code     8  stm32f4xx_hal_pcd_ex.o(i.HAL_PCDEx_SetRxFiFo)
    HAL_PCDEx_SetTxFiFo                      0x08000b65   Thumb Code    68  stm32f4xx_hal_pcd_ex.o(i.HAL_PCDEx_SetTxFiFo)
    HAL_PCD_ConnectCallback                  0x08000ba9   Thumb Code     8  usbd_conf.o(i.HAL_PCD_ConnectCallback)
    HAL_PCD_DataInStageCallback              0x08000bb1   Thumb Code    18  usbd_conf.o(i.HAL_PCD_DataInStageCallback)
    HAL_PCD_DataOutStageCallback             0x08000bc3   Thumb Code    20  usbd_conf.o(i.HAL_PCD_DataOutStageCallback)
    HAL_PCD_DisconnectCallback               0x08000bd7   Thumb Code     8  usbd_conf.o(i.HAL_PCD_DisconnectCallback)
    HAL_PCD_EP_Close                         0x08000bdf   Thumb Code    68  stm32f4xx_hal_pcd.o(i.HAL_PCD_EP_Close)
    HAL_PCD_EP_ClrStall                      0x08000c23   Thumb Code    80  stm32f4xx_hal_pcd.o(i.HAL_PCD_EP_ClrStall)
    HAL_PCD_EP_GetRxCount                    0x08000c73   Thumb Code    20  stm32f4xx_hal_pcd.o(i.HAL_PCD_EP_GetRxCount)
    HAL_PCD_EP_Open                          0x08000c87   Thumb Code    84  stm32f4xx_hal_pcd.o(i.HAL_PCD_EP_Open)
    HAL_PCD_EP_Receive                       0x08000cdd   Thumb Code    94  stm32f4xx_hal_pcd.o(i.HAL_PCD_EP_Receive)
    HAL_PCD_EP_SetStall                      0x08000d3b   Thumb Code    96  stm32f4xx_hal_pcd.o(i.HAL_PCD_EP_SetStall)
    HAL_PCD_EP_Transmit                      0x08000d9b   Thumb Code    86  stm32f4xx_hal_pcd.o(i.HAL_PCD_EP_Transmit)
    HAL_PCD_IRQHandler                       0x08000df1   Thumb Code  1022  stm32f4xx_hal_pcd.o(i.HAL_PCD_IRQHandler)
    HAL_PCD_ISOINIncompleteCallback          0x080011ef   Thumb Code     8  usbd_conf.o(i.HAL_PCD_ISOINIncompleteCallback)
    HAL_PCD_ISOOUTIncompleteCallback         0x080011f7   Thumb Code     8  usbd_conf.o(i.HAL_PCD_ISOOUTIncompleteCallback)
    HAL_PCD_Init                             0x08001201   Thumb Code   190  stm32f4xx_hal_pcd.o(i.HAL_PCD_Init)
    HAL_PCD_MspInit                          0x080012c1   Thumb Code    92  usbd_conf.o(i.HAL_PCD_MspInit)
    HAL_PCD_ResetCallback                    0x08001325   Thumb Code    32  usbd_conf.o(i.HAL_PCD_ResetCallback)
    HAL_PCD_ResumeCallback                   0x08001345   Thumb Code     8  usbd_conf.o(i.HAL_PCD_ResumeCallback)
    HAL_PCD_SOFCallback                      0x0800134d   Thumb Code     8  usbd_conf.o(i.HAL_PCD_SOFCallback)
    HAL_PCD_SetAddress                       0x08001355   Thumb Code    36  stm32f4xx_hal_pcd.o(i.HAL_PCD_SetAddress)
    HAL_PCD_SetupStageCallback               0x08001379   Thumb Code    14  usbd_conf.o(i.HAL_PCD_SetupStageCallback)
    HAL_PCD_Start                            0x08001387   Thumb Code    42  stm32f4xx_hal_pcd.o(i.HAL_PCD_Start)
    HAL_PCD_SuspendCallback                  0x080013b1   Thumb Code    44  usbd_conf.o(i.HAL_PCD_SuspendCallback)
    HAL_RCC_ClockConfig                      0x080013e1   Thumb Code   312  stm32f4xx_hal_rcc.o(i.HAL_RCC_ClockConfig)
    HAL_RCC_GetHCLKFreq                      0x08001521   Thumb Code    38  stm32f4xx_hal_rcc.o(i.HAL_RCC_GetHCLKFreq)
    HAL_RCC_GetSysClockFreq                  0x08001555   Thumb Code   104  stm32f4xx_hal_rcc.o(i.HAL_RCC_GetSysClockFreq)
    HAL_RCC_OscConfig                        0x080015c5   Thumb Code   722  stm32f4xx_hal_rcc.o(i.HAL_RCC_OscConfig)
    HAL_SYSTICK_CLKSourceConfig              0x080018a9   Thumb Code    24  stm32f4xx_hal_cortex.o(i.HAL_SYSTICK_CLKSourceConfig)
    HAL_SYSTICK_Callback                     0x080018c1   Thumb Code     2  stm32f4xx_hal_cortex.o(i.HAL_SYSTICK_Callback)
    HAL_SYSTICK_Config                       0x080018c3   Thumb Code    40  stm32f4xx_hal_cortex.o(i.HAL_SYSTICK_Config)
    HAL_SYSTICK_IRQHandler                   0x080018eb   Thumb Code     8  stm32f4xx_hal_cortex.o(i.HAL_SYSTICK_IRQHandler)
    HardFault_Handler                        0x080018f3   Thumb Code     2  stm32f4xx_it.o(i.HardFault_Handler)
    MX_USB_DEVICE_Init                       0x080018f5   Thumb Code    38  usb_device.o(i.MX_USB_DEVICE_Init)
    MemManage_Handler                        0x0800192d   Thumb Code     2  stm32f4xx_it.o(i.MemManage_Handler)
    NMI_Handler                              0x0800192f   Thumb Code     2  stm32f4xx_it.o(i.NMI_Handler)
    OTG_FS_IRQHandler                        0x08001951   Thumb Code     6  stm32f4xx_it.o(i.OTG_FS_IRQHandler)
    SysTick_Handler                          0x080019e5   Thumb Code    14  stm32f4xx_it.o(i.SysTick_Handler)
    SystemClock_Config                       0x080019f5   Thumb Code   138  main.o(i.SystemClock_Config)
    SystemInit                               0x08001a89   Thumb Code    66  system_stm32f4xx.o(i.SystemInit)
    USBD_CDC_GetDeviceQualifierDescriptor    0x08001b81   Thumb Code     8  usbd_cdc.o(i.USBD_CDC_GetDeviceQualifierDescriptor)
    USBD_CDC_ReceivePacket                   0x08001c39   Thumb Code    40  usbd_cdc.o(i.USBD_CDC_ReceivePacket)
    USBD_CDC_RegisterInterface               0x08001c61   Thumb Code    16  usbd_cdc.o(i.USBD_CDC_RegisterInterface)
    USBD_CDC_SetRxBuffer                     0x08001c71   Thumb Code    12  usbd_cdc.o(i.USBD_CDC_SetRxBuffer)
    USBD_CDC_SetTxBuffer                     0x08001c7d   Thumb Code    16  usbd_cdc.o(i.USBD_CDC_SetTxBuffer)
    USBD_CDC_TransmitPacket                  0x08001cfd   Thumb Code    48  usbd_cdc.o(i.USBD_CDC_TransmitPacket)
    USBD_ClrClassConfig                      0x08001d2d   Thumb Code    14  usbd_core.o(i.USBD_ClrClassConfig)
    USBD_CtlContinueRx                       0x08001d3b   Thumb Code    16  usbd_ioreq.o(i.USBD_CtlContinueRx)
    USBD_CtlContinueSendData                 0x08001d4b   Thumb Code    16  usbd_ioreq.o(i.USBD_CtlContinueSendData)
    USBD_CtlError                            0x08001d5b   Thumb Code    22  usbd_ctlreq.o(i.USBD_CtlError)
    USBD_CtlPrepareRx                        0x08001d71   Thumb Code    30  usbd_ioreq.o(i.USBD_CtlPrepareRx)
    USBD_CtlReceiveStatus                    0x08001d8f   Thumb Code    22  usbd_ioreq.o(i.USBD_CtlReceiveStatus)
    USBD_CtlSendData                         0x08001da5   Thumb Code    26  usbd_ioreq.o(i.USBD_CtlSendData)
    USBD_CtlSendStatus                       0x08001dbf   Thumb Code    22  usbd_ioreq.o(i.USBD_CtlSendStatus)
    USBD_FS_ConfigStrDescriptor              0x08001dd5   Thumb Code    16  usbd_desc.o(i.USBD_FS_ConfigStrDescriptor)
    USBD_FS_DeviceDescriptor                 0x08001df5   Thumb Code     8  usbd_desc.o(i.USBD_FS_DeviceDescriptor)
    USBD_FS_InterfaceStrDescriptor           0x08001e01   Thumb Code    16  usbd_desc.o(i.USBD_FS_InterfaceStrDescriptor)
    USBD_FS_LangIDStrDescriptor              0x08001e25   Thumb Code     8  usbd_desc.o(i.USBD_FS_LangIDStrDescriptor)
    USBD_FS_ManufacturerStrDescriptor        0x08001e31   Thumb Code    16  usbd_desc.o(i.USBD_FS_ManufacturerStrDescriptor)
    USBD_FS_ProductStrDescriptor             0x08001e59   Thumb Code    16  usbd_desc.o(i.USBD_FS_ProductStrDescriptor)
    USBD_FS_SerialStrDescriptor              0x08001e85   Thumb Code    16  usbd_desc.o(i.USBD_FS_SerialStrDescriptor)
    USBD_GetString                           0x08001f89   Thumb Code    70  usbd_ctlreq.o(i.USBD_GetString)
    USBD_Init                                0x08001fcf   Thumb Code    42  usbd_core.o(i.USBD_Init)
    USBD_LL_ClearStallEP                     0x08001ff9   Thumb Code    14  usbd_conf.o(i.USBD_LL_ClearStallEP)
    USBD_LL_CloseEP                          0x08002007   Thumb Code    14  usbd_conf.o(i.USBD_LL_CloseEP)
    USBD_LL_DataInStage                      0x08002015   Thumb Code   170  usbd_core.o(i.USBD_LL_DataInStage)
    USBD_LL_DataOutStage                     0x080020bf   Thumb Code   106  usbd_core.o(i.USBD_LL_DataOutStage)
    USBD_LL_DevConnected                     0x08002129   Thumb Code     4  usbd_core.o(i.USBD_LL_DevConnected)
    USBD_LL_DevDisconnected                  0x0800212d   Thumb Code    22  usbd_core.o(i.USBD_LL_DevDisconnected)
    USBD_LL_GetRxDataSize                    0x08002143   Thumb Code     8  usbd_conf.o(i.USBD_LL_GetRxDataSize)
    USBD_LL_Init                             0x0800214d   Thumb Code    88  usbd_conf.o(i.USBD_LL_Init)
    USBD_LL_IsStallEP                        0x080021a9   Thumb Code    32  usbd_conf.o(i.USBD_LL_IsStallEP)
    USBD_LL_IsoINIncomplete                  0x080021c9   Thumb Code     4  usbd_core.o(i.USBD_LL_IsoINIncomplete)
    USBD_LL_IsoOUTIncomplete                 0x080021cd   Thumb Code     4  usbd_core.o(i.USBD_LL_IsoOUTIncomplete)
    USBD_LL_OpenEP                           0x080021d1   Thumb Code    20  usbd_conf.o(i.USBD_LL_OpenEP)
    USBD_LL_PrepareReceive                   0x080021e5   Thumb Code    14  usbd_conf.o(i.USBD_LL_PrepareReceive)
    USBD_LL_Reset                            0x080021f3   Thumb Code    62  usbd_core.o(i.USBD_LL_Reset)
    USBD_LL_Resume                           0x08002231   Thumb Code    12  usbd_core.o(i.USBD_LL_Resume)
    USBD_LL_SOF                              0x0800223d   Thumb Code    24  usbd_core.o(i.USBD_LL_SOF)
    USBD_LL_SetSpeed                         0x08002255   Thumb Code     6  usbd_core.o(i.USBD_LL_SetSpeed)
    USBD_LL_SetUSBAddress                    0x0800225b   Thumb Code    14  usbd_conf.o(i.USBD_LL_SetUSBAddress)
    USBD_LL_SetupStage                       0x08002269   Thumb Code    90  usbd_core.o(i.USBD_LL_SetupStage)
    USBD_LL_StallEP                          0x080022c3   Thumb Code    14  usbd_conf.o(i.USBD_LL_StallEP)
    USBD_LL_Start                            0x080022d1   Thumb Code    14  usbd_conf.o(i.USBD_LL_Start)
    USBD_LL_Suspend                          0x080022df   Thumb Code    18  usbd_core.o(i.USBD_LL_Suspend)
    USBD_LL_Transmit                         0x080022f1   Thumb Code    14  usbd_conf.o(i.USBD_LL_Transmit)
    USBD_ParseSetupRequest                   0x080022ff   Thumb Code    40  usbd_ctlreq.o(i.USBD_ParseSetupRequest)
    USBD_RegisterClass                       0x08002327   Thumb Code    16  usbd_core.o(i.USBD_RegisterClass)
    USBD_SetClassConfig                      0x08002337   Thumb Code    22  usbd_core.o(i.USBD_SetClassConfig)
    USBD_Start                               0x080023c1   Thumb Code    10  usbd_core.o(i.USBD_Start)
    USBD_StdDevReq                           0x080023cb   Thumb Code   242  usbd_ctlreq.o(i.USBD_StdDevReq)
    USBD_StdEPReq                            0x080024bd   Thumb Code   220  usbd_ctlreq.o(i.USBD_StdEPReq)
    USBD_StdItfReq                           0x08002599   Thumb Code    52  usbd_ctlreq.o(i.USBD_StdItfReq)
    USB_ActivateEndpoint                     0x080025cd   Thumb Code   122  stm32f4xx_ll_usb.o(i.USB_ActivateEndpoint)
    USB_ActivateSetup                        0x0800264d   Thumb Code    52  stm32f4xx_ll_usb.o(i.USB_ActivateSetup)
    USB_CoreInit                             0x08002681   Thumb Code   104  stm32f4xx_ll_usb.o(i.USB_CoreInit)
    USB_DeactivateEndpoint                   0x08002725   Thumb Code   110  stm32f4xx_ll_usb.o(i.USB_DeactivateEndpoint)
    USB_DevConnect                           0x08002793   Thumb Code    24  stm32f4xx_ll_usb.o(i.USB_DevConnect)
    USB_DevDisconnect                        0x080027ab   Thumb Code    24  stm32f4xx_ll_usb.o(i.USB_DevDisconnect)
    USB_DevInit                              0x080027c5   Thumb Code   306  stm32f4xx_ll_usb.o(i.USB_DevInit)
    USB_DisableGlobalInt                     0x08002909   Thumb Code    12  stm32f4xx_ll_usb.o(i.USB_DisableGlobalInt)
    USB_EP0StartXfer                         0x08002915   Thumb Code   316  stm32f4xx_ll_usb.o(i.USB_EP0StartXfer)
    USB_EP0_OutStart                         0x08002a55   Thumb Code    62  stm32f4xx_ll_usb.o(i.USB_EP0_OutStart)
    USB_EPClearStall                         0x08002a93   Thumb Code   100  stm32f4xx_ll_usb.o(i.USB_EPClearStall)
    USB_EPSetStall                           0x08002af7   Thumb Code    94  stm32f4xx_ll_usb.o(i.USB_EPSetStall)
    USB_EPStartXfer                          0x08002b55   Thumb Code   534  stm32f4xx_ll_usb.o(i.USB_EPStartXfer)
    USB_EnableGlobalInt                      0x08002d71   Thumb Code    12  stm32f4xx_ll_usb.o(i.USB_EnableGlobalInt)
    USB_FlushRxFifo                          0x08002d7d   Thumb Code    28  stm32f4xx_ll_usb.o(i.USB_FlushRxFifo)
    USB_FlushTxFifo                          0x08002d9d   Thumb Code    32  stm32f4xx_ll_usb.o(i.USB_FlushTxFifo)
    USB_GetDevSpeed                          0x08002dc1   Thumb Code    60  stm32f4xx_ll_usb.o(i.USB_GetDevSpeed)
    USB_GetMode                              0x08002dfd   Thumb Code     8  stm32f4xx_ll_usb.o(i.USB_GetMode)
    USB_ReadDevAllInEpInterrupt              0x08002e05   Thumb Code    14  stm32f4xx_ll_usb.o(i.USB_ReadDevAllInEpInterrupt)
    USB_ReadDevAllOutEpInterrupt             0x08002e13   Thumb Code    14  stm32f4xx_ll_usb.o(i.USB_ReadDevAllOutEpInterrupt)
    USB_ReadDevInEPInterrupt                 0x08002e21   Thumb Code    30  stm32f4xx_ll_usb.o(i.USB_ReadDevInEPInterrupt)
    USB_ReadDevOutEPInterrupt                0x08002e3f   Thumb Code    16  stm32f4xx_ll_usb.o(i.USB_ReadDevOutEPInterrupt)
    USB_ReadInterrupts                       0x08002e4f   Thumb Code     8  stm32f4xx_ll_usb.o(i.USB_ReadInterrupts)
    USB_ReadPacket                           0x08002e57   Thumb Code    32  stm32f4xx_ll_usb.o(i.USB_ReadPacket)
    USB_SetCurrentMode                       0x08002e77   Thumb Code    44  stm32f4xx_ll_usb.o(i.USB_SetCurrentMode)
    USB_SetDevAddress                        0x08002ea3   Thumb Code    34  stm32f4xx_ll_usb.o(i.USB_SetDevAddress)
    USB_WritePacket                          0x08002ec5   Thumb Code    40  stm32f4xx_ll_usb.o(i.USB_WritePacket)
    UsageFault_Handler                       0x08002eed   Thumb Code     2  stm32f4xx_it.o(i.UsageFault_Handler)
    __0sprintf                               0x08002ef1   Thumb Code    34  printfa.o(i.__0sprintf)
    __1sprintf                               0x08002ef1   Thumb Code     0  printfa.o(i.__0sprintf)
    __2sprintf                               0x08002ef1   Thumb Code     0  printfa.o(i.__0sprintf)
    __c89sprintf                             0x08002ef1   Thumb Code     0  printfa.o(i.__0sprintf)
    sprintf                                  0x08002ef1   Thumb Code     0  printfa.o(i.__0sprintf)
    __scatterload_copy                       0x08002f19   Thumb Code    14  handlers.o(i.__scatterload_copy)
    __scatterload_null                       0x08002f27   Thumb Code     2  handlers.o(i.__scatterload_null)
    __scatterload_zeroinit                   0x08002f29   Thumb Code    14  handlers.o(i.__scatterload_zeroinit)
    free                                     0x080037d5   Thumb Code    76  malloc.o(i.free)
    main                                     0x08003825   Thumb Code   116  main.o(i.main)
    malloc                                   0x080038ad   Thumb Code    92  malloc.o(i.malloc)
    APBAHBPrescTable                         0x08003918   Data          16  stm32f4xx_hal_rcc.o(.constdata)
    Region$$Table$$Base                      0x08003928   Number         0  anon$$obj.o(Region$$Table)
    Region$$Table$$Limit                     0x08003948   Number         0  anon$$obj.o(Region$$Table)
    USBD_CDC_CfgHSDesc                       0x20000010   Data          67  usbd_cdc.o(.data)
    USBD_CDC_CfgFSDesc                       0x20000054   Data          67  usbd_cdc.o(.data)
    USBD_CDC_OtherSpeedCfgDesc               0x20000098   Data          67  usbd_cdc.o(.data)
    USBD_CDC                                 0x200000dc   Data          56  usbd_cdc.o(.data)
    uwTick                                   0x20000118   Data           4  stm32f4xx_hal.o(.data)
    Index                                    0x2000011c   Data           1  usbd_cdc_if.o(.data)
    hUsbDevice_0                             0x20000120   Data           4  usbd_cdc_if.o(.data)
    USBD_Interface_fops_FS                   0x20000124   Data          16  usbd_cdc_if.o(.data)
    a                                        0x20000134   Data           4  main.o(.data)
    myString                                 0x20000138   Data          16  main.o(.data)
    FS_Desc                                  0x20000148   Data          28  usbd_desc.o(.data)
    USBD_LangIDDesc                          0x20000164   Data           4  usbd_desc.o(.data)
    USBD_FS_DeviceDesc                       0x20000168   Data          18  usbd_desc.o(.data)
    SystemCoreClock                          0x2000017c   Data           4  system_stm32f4xx.o(.data)
    __microlib_freelist                      0x20000180   Data           4  mvars.o(.data)
    __microlib_freelist_initialised          0x20000184   Data           4  mvars.o(.data)
    UserRxBufferFS                           0x20000188   Data          64  usbd_cdc_if.o(.bss)
    UserTxBufferFS                           0x200001c8   Data          64  usbd_cdc_if.o(.bss)
    Receive_data                             0x20000208   Data          64  main.o(.bss)
    buffer_to_send                           0x20000248   Data          64  main.o(.bss)
    hUsbDeviceFS                             0x20000288   Data         548  usb_device.o(.bss)
    hpcd_USB_OTG_FS                          0x200004ac   Data         952  usbd_conf.o(.bss)
    USBD_StrDesc                             0x20000864   Data         512  usbd_desc.o(.bss)
    __heap_base                              0x20000a68   Data           0  startup_stm32f407xx.o(HEAP)
    __heap_limit                             0x20000c68   Data           0  startup_stm32f407xx.o(HEAP)
    __initial_sp                             0x20001068   Data           0  startup_stm32f407xx.o(STACK)



==============================================================================

Memory Map of the image

  Image Entry point : 0x08000189

  Load Region LR_IROM1 (Base: 0x08000000, Size: 0x00003ad0, Max: 0x00100000, ABSOLUTE, COMPRESSED[0x00003a1c])

    Execution Region ER_IROM1 (Base: 0x08000000, Size: 0x00003948, Max: 0x00100000, ABSOLUTE)

    Base Addr    Size         Type   Attr      Idx    E Section Name        Object

    0x08000000   0x00000188   Data   RO         2025    RESET               startup_stm32f407xx.o
    0x08000188   0x00000000   Code   RO         2548  * .ARM.Collect$$$$00000000  mc_w.l(entry.o)
    0x08000188   0x00000004   Code   RO         2848    .ARM.Collect$$$$00000001  mc_w.l(entry2.o)
    0x0800018c   0x00000004   Code   RO         2851    .ARM.Collect$$$$00000004  mc_w.l(entry5.o)
    0x08000190   0x00000000   Code   RO         2853    .ARM.Collect$$$$00000008  mc_w.l(entry7b.o)
    0x08000190   0x00000000   Code   RO         2855    .ARM.Collect$$$$0000000A  mc_w.l(entry8b.o)
    0x08000190   0x00000008   Code   RO         2856    .ARM.Collect$$$$0000000B  mc_w.l(entry9a.o)
    0x08000198   0x00000000   Code   RO         2858    .ARM.Collect$$$$0000000D  mc_w.l(entry10a.o)
    0x08000198   0x00000000   Code   RO         2860    .ARM.Collect$$$$0000000F  mc_w.l(entry11a.o)
    0x08000198   0x00000004   Code   RO         2849    .ARM.Collect$$$$00002712  mc_w.l(entry2.o)
    0x0800019c   0x00000024   Code   RO         2026    .text               startup_stm32f407xx.o
    0x080001c0   0x00000024   Code   RO         2551    .text               mc_w.l(memcpya.o)
    0x080001e4   0x0000000e   Code   RO         2553    .text               mc_w.l(strlen.o)
    0x080001f2   0x00000026   Code   RO         2846    .text               mf_w.l(f2d.o)
    0x08000218   0x0000002c   Code   RO         2865    .text               mc_w.l(uidiv.o)
    0x08000244   0x00000062   Code   RO         2867    .text               mc_w.l(uldiv.o)
    0x080002a6   0x00000000   Code   RO         2871    .text               mc_w.l(iusefp.o)
    0x080002a6   0x0000014e   Code   RO         2872    .text               mf_w.l(dadd.o)
    0x080003f4   0x000000e4   Code   RO         2874    .text               mf_w.l(dmul.o)
    0x080004d8   0x000000de   Code   RO         2876    .text               mf_w.l(ddiv.o)
    0x080005b6   0x00000030   Code   RO         2878    .text               mf_w.l(dfixul.o)
    0x080005e6   0x00000002   PAD
    0x080005e8   0x00000030   Code   RO         2880    .text               mf_w.l(cdrcmple.o)
    0x08000618   0x00000024   Code   RO         2882    .text               mc_w.l(init.o)
    0x0800063c   0x0000001e   Code   RO         2885    .text               mc_w.l(llshl.o)
    0x0800065a   0x00000020   Code   RO         2887    .text               mc_w.l(llushr.o)
    0x0800067a   0x00000024   Code   RO         2889    .text               mc_w.l(llsshr.o)
    0x0800069e   0x000000ba   Code   RO         2892    .text               mf_w.l(depilogue.o)
    0x08000758   0x00000056   Code   RO         2902    .text               mc_w.l(__dczerorl2.o)
    0x080007ae   0x00000002   Code   RO         2157    i.BusFault_Handler  stm32f4xx_it.o
    0x080007b0   0x00000004   Code   RO         2033    i.CDC_Control_FS    usbd_cdc_if.o
    0x080007b4   0x00000004   Code   RO         2034    i.CDC_DeInit_FS     usbd_cdc_if.o
    0x080007b8   0x0000002c   Code   RO         2035    i.CDC_Init_FS       usbd_cdc_if.o
    0x080007e4   0x00000034   Code   RO         2036    i.CDC_Receive_FS    usbd_cdc_if.o
    0x08000818   0x0000003c   Code   RO         2037    i.CDC_Transmit_FS   usbd_cdc_if.o
    0x08000854   0x00000002   Code   RO         2158    i.DebugMon_Handler  stm32f4xx_it.o
    0x08000856   0x00000016   Code   RO         1013    i.HAL_Delay         stm32f4xx_hal.o
    0x0800086c   0x000001c0   Code   RO         1174    i.HAL_GPIO_Init     stm32f4xx_hal_gpio.o
    0x08000a2c   0x0000000c   Code   RO         1019    i.HAL_GetTick       stm32f4xx_hal.o
    0x08000a38   0x00000010   Code   RO         1020    i.HAL_IncTick       stm32f4xx_hal.o
    0x08000a48   0x00000034   Code   RO         1021    i.HAL_Init          stm32f4xx_hal.o
    0x08000a7c   0x00000022   Code   RO         1022    i.HAL_InitTick      stm32f4xx_hal.o
    0x08000a9e   0x00000044   Code   RO         2090    i.HAL_MspInit       stm32f4xx_hal_msp.o
    0x08000ae2   0x00000016   Code   RO          766    i.HAL_NVIC_EnableIRQ  stm32f4xx_hal_cortex.o
    0x08000af8   0x00000040   Code   RO          772    i.HAL_NVIC_SetPriority  stm32f4xx_hal_cortex.o
    0x08000b38   0x00000024   Code   RO          773    i.HAL_NVIC_SetPriorityGrouping  stm32f4xx_hal_cortex.o
    0x08000b5c   0x00000008   Code   RO          628    i.HAL_PCDEx_SetRxFiFo  stm32f4xx_hal_pcd_ex.o
    0x08000b64   0x00000044   Code   RO          629    i.HAL_PCDEx_SetTxFiFo  stm32f4xx_hal_pcd_ex.o
    0x08000ba8   0x00000008   Code   RO         2257    i.HAL_PCD_ConnectCallback  usbd_conf.o
    0x08000bb0   0x00000012   Code   RO         2258    i.HAL_PCD_DataInStageCallback  usbd_conf.o
    0x08000bc2   0x00000014   Code   RO         2259    i.HAL_PCD_DataOutStageCallback  usbd_conf.o
    0x08000bd6   0x00000008   Code   RO         2260    i.HAL_PCD_DisconnectCallback  usbd_conf.o
    0x08000bde   0x00000044   Code   RO         1529    i.HAL_PCD_EP_Close  stm32f4xx_hal_pcd.o
    0x08000c22   0x00000050   Code   RO         1530    i.HAL_PCD_EP_ClrStall  stm32f4xx_hal_pcd.o
    0x08000c72   0x00000014   Code   RO         1532    i.HAL_PCD_EP_GetRxCount  stm32f4xx_hal_pcd.o
    0x08000c86   0x00000054   Code   RO         1533    i.HAL_PCD_EP_Open   stm32f4xx_hal_pcd.o
    0x08000cda   0x00000002   PAD
    0x08000cdc   0x0000005e   Code   RO         1534    i.HAL_PCD_EP_Receive  stm32f4xx_hal_pcd.o
    0x08000d3a   0x00000060   Code   RO         1535    i.HAL_PCD_EP_SetStall  stm32f4xx_hal_pcd.o
    0x08000d9a   0x00000056   Code   RO         1536    i.HAL_PCD_EP_Transmit  stm32f4xx_hal_pcd.o
    0x08000df0   0x000003fe   Code   RO         1538    i.HAL_PCD_IRQHandler  stm32f4xx_hal_pcd.o
    0x080011ee   0x00000008   Code   RO         2261    i.HAL_PCD_ISOINIncompleteCallback  usbd_conf.o
    0x080011f6   0x00000008   Code   RO         2262    i.HAL_PCD_ISOOUTIncompleteCallback  usbd_conf.o
    0x080011fe   0x00000002   PAD
    0x08001200   0x000000be   Code   RO         1541    i.HAL_PCD_Init      stm32f4xx_hal_pcd.o
    0x080012be   0x00000002   PAD
    0x080012c0   0x00000064   Code   RO         2264    i.HAL_PCD_MspInit   usbd_conf.o
    0x08001324   0x00000020   Code   RO         2265    i.HAL_PCD_ResetCallback  usbd_conf.o
    0x08001344   0x00000008   Code   RO         2266    i.HAL_PCD_ResumeCallback  usbd_conf.o
    0x0800134c   0x00000008   Code   RO         2267    i.HAL_PCD_SOFCallback  usbd_conf.o
    0x08001354   0x00000024   Code   RO         1547    i.HAL_PCD_SetAddress  stm32f4xx_hal_pcd.o
    0x08001378   0x0000000e   Code   RO         2268    i.HAL_PCD_SetupStageCallback  usbd_conf.o
    0x08001386   0x0000002a   Code   RO         1549    i.HAL_PCD_Start     stm32f4xx_hal_pcd.o
    0x080013b0   0x00000030   Code   RO         2269    i.HAL_PCD_SuspendCallback  usbd_conf.o
    0x080013e0   0x00000140   Code   RO          659    i.HAL_RCC_ClockConfig  stm32f4xx_hal_rcc.o
    0x08001520   0x00000034   Code   RO          664    i.HAL_RCC_GetHCLKFreq  stm32f4xx_hal_rcc.o
    0x08001554   0x00000070   Code   RO          668    i.HAL_RCC_GetSysClockFreq  stm32f4xx_hal_rcc.o
    0x080015c4   0x000002e4   Code   RO          671    i.HAL_RCC_OscConfig  stm32f4xx_hal_rcc.o
    0x080018a8   0x00000018   Code   RO          775    i.HAL_SYSTICK_CLKSourceConfig  stm32f4xx_hal_cortex.o
    0x080018c0   0x00000002   Code   RO          776    i.HAL_SYSTICK_Callback  stm32f4xx_hal_cortex.o
    0x080018c2   0x00000028   Code   RO          777    i.HAL_SYSTICK_Config  stm32f4xx_hal_cortex.o
    0x080018ea   0x00000008   Code   RO          778    i.HAL_SYSTICK_IRQHandler  stm32f4xx_hal_cortex.o
    0x080018f2   0x00000002   Code   RO         2159    i.HardFault_Handler  stm32f4xx_it.o
    0x080018f4   0x00000038   Code   RO         2227    i.MX_USB_DEVICE_Init  usb_device.o
    0x0800192c   0x00000002   Code   RO         2160    i.MemManage_Handler  stm32f4xx_it.o
    0x0800192e   0x00000002   Code   RO         2161    i.NMI_Handler       stm32f4xx_it.o
    0x08001930   0x00000020   Code   RO          779    i.NVIC_SetPriority  stm32f4xx_hal_cortex.o
    0x08001950   0x0000000c   Code   RO         2162    i.OTG_FS_IRQHandler  stm32f4xx_it.o
    0x0800195c   0x00000088   Code   RO         1552    i.PCD_WriteEmptyTxFifo  stm32f4xx_hal_pcd.o
    0x080019e4   0x0000000e   Code   RO         2163    i.SysTick_Handler   stm32f4xx_it.o
    0x080019f2   0x00000002   PAD
    0x080019f4   0x00000094   Code   RO         2114    i.SystemClock_Config  main.o
    0x08001a88   0x00000054   Code   RO         2515    i.SystemInit        system_stm32f4xx.o
    0x08001adc   0x00000014   Code   RO            4    i.USBD_CDC_DataIn   usbd_cdc.o
    0x08001af0   0x0000002e   Code   RO            5    i.USBD_CDC_DataOut  usbd_cdc.o
    0x08001b1e   0x0000003c   Code   RO            6    i.USBD_CDC_DeInit   usbd_cdc.o
    0x08001b5a   0x00000024   Code   RO            7    i.USBD_CDC_EP0_RxReady  usbd_cdc.o
    0x08001b7e   0x00000002   PAD
    0x08001b80   0x0000000c   Code   RO            8    i.USBD_CDC_GetDeviceQualifierDescriptor  usbd_cdc.o
    0x08001b8c   0x0000000c   Code   RO            9    i.USBD_CDC_GetFSCfgDesc  usbd_cdc.o
    0x08001b98   0x0000000c   Code   RO           10    i.USBD_CDC_GetHSCfgDesc  usbd_cdc.o
    0x08001ba4   0x0000000c   Code   RO           11    i.USBD_CDC_GetOtherSpeedCfgDesc  usbd_cdc.o
    0x08001bb0   0x00000088   Code   RO           12    i.USBD_CDC_Init     usbd_cdc.o
    0x08001c38   0x00000028   Code   RO           13    i.USBD_CDC_ReceivePacket  usbd_cdc.o
    0x08001c60   0x00000010   Code   RO           14    i.USBD_CDC_RegisterInterface  usbd_cdc.o
    0x08001c70   0x0000000c   Code   RO           15    i.USBD_CDC_SetRxBuffer  usbd_cdc.o
    0x08001c7c   0x00000010   Code   RO           16    i.USBD_CDC_SetTxBuffer  usbd_cdc.o
    0x08001c8c   0x00000070   Code   RO           17    i.USBD_CDC_Setup    usbd_cdc.o
    0x08001cfc   0x00000030   Code   RO           18    i.USBD_CDC_TransmitPacket  usbd_cdc.o
    0x08001d2c   0x0000000e   Code   RO          353    i.USBD_ClrClassConfig  usbd_core.o
    0x08001d3a   0x00000010   Code   RO          228    i.USBD_CtlContinueRx  usbd_ioreq.o
    0x08001d4a   0x00000010   Code   RO          229    i.USBD_CtlContinueSendData  usbd_ioreq.o
    0x08001d5a   0x00000016   Code   RO          288    i.USBD_CtlError     usbd_ctlreq.o
    0x08001d70   0x0000001e   Code   RO          230    i.USBD_CtlPrepareRx  usbd_ioreq.o
    0x08001d8e   0x00000016   Code   RO          231    i.USBD_CtlReceiveStatus  usbd_ioreq.o
    0x08001da4   0x0000001a   Code   RO          232    i.USBD_CtlSendData  usbd_ioreq.o
    0x08001dbe   0x00000016   Code   RO          233    i.USBD_CtlSendStatus  usbd_ioreq.o
    0x08001dd4   0x00000020   Code   RO         2446    i.USBD_FS_ConfigStrDescriptor  usbd_desc.o
    0x08001df4   0x0000000c   Code   RO         2447    i.USBD_FS_DeviceDescriptor  usbd_desc.o
    0x08001e00   0x00000024   Code   RO         2448    i.USBD_FS_InterfaceStrDescriptor  usbd_desc.o
    0x08001e24   0x0000000c   Code   RO         2449    i.USBD_FS_LangIDStrDescriptor  usbd_desc.o
    0x08001e30   0x00000028   Code   RO         2450    i.USBD_FS_ManufacturerStrDescriptor  usbd_desc.o
    0x08001e58   0x0000002c   Code   RO         2451    i.USBD_FS_ProductStrDescriptor  usbd_desc.o
    0x08001e84   0x00000024   Code   RO         2452    i.USBD_FS_SerialStrDescriptor  usbd_desc.o
    0x08001ea8   0x000000e0   Code   RO          289    i.USBD_GetDescriptor  usbd_ctlreq.o
    0x08001f88   0x00000046   Code   RO          290    i.USBD_GetString    usbd_ctlreq.o
    0x08001fce   0x0000002a   Code   RO          355    i.USBD_Init         usbd_core.o
    0x08001ff8   0x0000000e   Code   RO         2270    i.USBD_LL_ClearStallEP  usbd_conf.o
    0x08002006   0x0000000e   Code   RO         2271    i.USBD_LL_CloseEP   usbd_conf.o
    0x08002014   0x000000aa   Code   RO          356    i.USBD_LL_DataInStage  usbd_core.o
    0x080020be   0x0000006a   Code   RO          357    i.USBD_LL_DataOutStage  usbd_core.o
    0x08002128   0x00000004   Code   RO          358    i.USBD_LL_DevConnected  usbd_core.o
    0x0800212c   0x00000016   Code   RO          359    i.USBD_LL_DevDisconnected  usbd_core.o
    0x08002142   0x00000008   Code   RO         2275    i.USBD_LL_GetRxDataSize  usbd_conf.o
    0x0800214a   0x00000002   PAD
    0x0800214c   0x0000005c   Code   RO         2276    i.USBD_LL_Init      usbd_conf.o
    0x080021a8   0x00000020   Code   RO         2277    i.USBD_LL_IsStallEP  usbd_conf.o
    0x080021c8   0x00000004   Code   RO          360    i.USBD_LL_IsoINIncomplete  usbd_core.o
    0x080021cc   0x00000004   Code   RO          361    i.USBD_LL_IsoOUTIncomplete  usbd_core.o
    0x080021d0   0x00000014   Code   RO         2278    i.USBD_LL_OpenEP    usbd_conf.o
    0x080021e4   0x0000000e   Code   RO         2279    i.USBD_LL_PrepareReceive  usbd_conf.o
    0x080021f2   0x0000003e   Code   RO          362    i.USBD_LL_Reset     usbd_core.o
    0x08002230   0x0000000c   Code   RO          363    i.USBD_LL_Resume    usbd_core.o
    0x0800223c   0x00000018   Code   RO          364    i.USBD_LL_SOF       usbd_core.o
    0x08002254   0x00000006   Code   RO          365    i.USBD_LL_SetSpeed  usbd_core.o
    0x0800225a   0x0000000e   Code   RO         2280    i.USBD_LL_SetUSBAddress  usbd_conf.o
    0x08002268   0x0000005a   Code   RO          366    i.USBD_LL_SetupStage  usbd_core.o
    0x080022c2   0x0000000e   Code   RO         2281    i.USBD_LL_StallEP   usbd_conf.o
    0x080022d0   0x0000000e   Code   RO         2282    i.USBD_LL_Start     usbd_conf.o
    0x080022de   0x00000012   Code   RO          367    i.USBD_LL_Suspend   usbd_core.o
    0x080022f0   0x0000000e   Code   RO         2284    i.USBD_LL_Transmit  usbd_conf.o
    0x080022fe   0x00000028   Code   RO          291    i.USBD_ParseSetupRequest  usbd_ctlreq.o
    0x08002326   0x00000010   Code   RO          368    i.USBD_RegisterClass  usbd_core.o
    0x08002336   0x00000016   Code   RO          370    i.USBD_SetClassConfig  usbd_core.o
    0x0800234c   0x00000074   Code   RO          292    i.USBD_SetConfig    usbd_ctlreq.o
    0x080023c0   0x0000000a   Code   RO          371    i.USBD_Start        usbd_core.o
    0x080023ca   0x000000f2   Code   RO          293    i.USBD_StdDevReq    usbd_ctlreq.o
    0x080024bc   0x000000dc   Code   RO          294    i.USBD_StdEPReq     usbd_ctlreq.o
    0x08002598   0x00000034   Code   RO          295    i.USBD_StdItfReq    usbd_ctlreq.o
    0x080025cc   0x00000080   Code   RO         1238    i.USB_ActivateEndpoint  stm32f4xx_ll_usb.o
    0x0800264c   0x00000034   Code   RO         1239    i.USB_ActivateSetup  stm32f4xx_ll_usb.o
    0x08002680   0x0000006c   Code   RO         1241    i.USB_CoreInit      stm32f4xx_ll_usb.o
    0x080026ec   0x00000038   Code   RO         1242    i.USB_CoreReset     stm32f4xx_ll_usb.o
    0x08002724   0x0000006e   Code   RO         1244    i.USB_DeactivateEndpoint  stm32f4xx_ll_usb.o
    0x08002792   0x00000018   Code   RO         1245    i.USB_DevConnect    stm32f4xx_ll_usb.o
    0x080027aa   0x00000018   Code   RO         1246    i.USB_DevDisconnect  stm32f4xx_ll_usb.o
    0x080027c2   0x00000002   PAD
    0x080027c4   0x00000144   Code   RO         1247    i.USB_DevInit       stm32f4xx_ll_usb.o
    0x08002908   0x0000000c   Code   RO         1248    i.USB_DisableGlobalInt  stm32f4xx_ll_usb.o
    0x08002914   0x00000140   Code   RO         1251    i.USB_EP0StartXfer  stm32f4xx_ll_usb.o
    0x08002a54   0x0000003e   Code   RO         1252    i.USB_EP0_OutStart  stm32f4xx_ll_usb.o
    0x08002a92   0x00000064   Code   RO         1253    i.USB_EPClearStall  stm32f4xx_ll_usb.o
    0x08002af6   0x0000005e   Code   RO         1254    i.USB_EPSetStall    stm32f4xx_ll_usb.o
    0x08002b54   0x0000021c   Code   RO         1255    i.USB_EPStartXfer   stm32f4xx_ll_usb.o
    0x08002d70   0x0000000c   Code   RO         1256    i.USB_EnableGlobalInt  stm32f4xx_ll_usb.o
    0x08002d7c   0x00000020   Code   RO         1257    i.USB_FlushRxFifo   stm32f4xx_ll_usb.o
    0x08002d9c   0x00000024   Code   RO         1258    i.USB_FlushTxFifo   stm32f4xx_ll_usb.o
    0x08002dc0   0x0000003c   Code   RO         1260    i.USB_GetDevSpeed   stm32f4xx_ll_usb.o
    0x08002dfc   0x00000008   Code   RO         1262    i.USB_GetMode       stm32f4xx_ll_usb.o
    0x08002e04   0x0000000e   Code   RO         1269    i.USB_ReadDevAllInEpInterrupt  stm32f4xx_ll_usb.o
    0x08002e12   0x0000000e   Code   RO         1270    i.USB_ReadDevAllOutEpInterrupt  stm32f4xx_ll_usb.o
    0x08002e20   0x0000001e   Code   RO         1271    i.USB_ReadDevInEPInterrupt  stm32f4xx_ll_usb.o
    0x08002e3e   0x00000010   Code   RO         1272    i.USB_ReadDevOutEPInterrupt  stm32f4xx_ll_usb.o
    0x08002e4e   0x00000008   Code   RO         1273    i.USB_ReadInterrupts  stm32f4xx_ll_usb.o
    0x08002e56   0x00000020   Code   RO         1274    i.USB_ReadPacket    stm32f4xx_ll_usb.o
    0x08002e76   0x0000002c   Code   RO         1276    i.USB_SetCurrentMode  stm32f4xx_ll_usb.o
    0x08002ea2   0x00000022   Code   RO         1277    i.USB_SetDevAddress  stm32f4xx_ll_usb.o
    0x08002ec4   0x00000028   Code   RO         1281    i.USB_WritePacket   stm32f4xx_ll_usb.o
    0x08002eec   0x00000002   Code   RO         2164    i.UsageFault_Handler  stm32f4xx_it.o
    0x08002eee   0x00000002   PAD
    0x08002ef0   0x00000028   Code   RO         2792    i.__0sprintf        mc_w.l(printfa.o)
    0x08002f18   0x0000000e   Code   RO         2896    i.__scatterload_copy  mc_w.l(handlers.o)
    0x08002f26   0x00000002   Code   RO         2897    i.__scatterload_null  mc_w.l(handlers.o)
    0x08002f28   0x0000000e   Code   RO         2898    i.__scatterload_zeroinit  mc_w.l(handlers.o)
    0x08002f36   0x00000002   PAD
    0x08002f38   0x00000164   Code   RO         2797    i._fp_digits        mc_w.l(printfa.o)
    0x0800309c   0x000006dc   Code   RO         2798    i._printf_core      mc_w.l(printfa.o)
    0x08003778   0x00000024   Code   RO         2799    i._printf_post_padding  mc_w.l(printfa.o)
    0x0800379c   0x0000002e   Code   RO         2800    i._printf_pre_padding  mc_w.l(printfa.o)
    0x080037ca   0x0000000a   Code   RO         2802    i._sputc            mc_w.l(printfa.o)
    0x080037d4   0x00000050   Code   RO         2818    i.free              mc_w.l(malloc.o)
    0x08003824   0x00000088   Code   RO         2115    i.main              main.o
    0x080038ac   0x0000006c   Code   RO         2819    i.malloc            mc_w.l(malloc.o)
    0x08003918   0x00000010   Data   RO          672    .constdata          stm32f4xx_hal_rcc.o
    0x08003928   0x00000020   Data   RO         2894    Region$$Table       anon$$obj.o


    Execution Region RW_IRAM1 (Base: 0x20000000, Size: 0x00001068, Max: 0x00020000, ABSOLUTE, COMPRESSED[0x000000d4])

    Base Addr    Size         Type   Attr      Idx    E Section Name        Object

    0x20000000   0x000000db   Data   RW           19    .data               usbd_cdc.o
    0x200000db   0x00000001   PAD
    0x200000dc   0x00000038   Data   RW           20    .data               usbd_cdc.o
    0x20000114   0x00000001   Data   RW          296    .data               usbd_ctlreq.o
    0x20000115   0x00000003   PAD
    0x20000118   0x00000004   Data   RW         1027    .data               stm32f4xx_hal.o
    0x2000011c   0x00000008   Data   RW         2039    .data               usbd_cdc_if.o
    0x20000124   0x00000010   Data   RW         2040    .data               usbd_cdc_if.o
    0x20000134   0x00000014   Data   RW         2118    .data               main.o
    0x20000148   0x0000001c   Data   RW         2454    .data               usbd_desc.o
    0x20000164   0x00000016   Data   RW         2455    .data               usbd_desc.o
    0x2000017a   0x00000002   PAD
    0x2000017c   0x00000004   Data   RW         2517    .data               system_stm32f4xx.o
    0x20000180   0x00000004   Data   RW         2869    .data               mc_w.l(mvars.o)
    0x20000184   0x00000004   Data   RW         2870    .data               mc_w.l(mvars.o)
    0x20000188   0x00000080   Zero   RW         2038    .bss                usbd_cdc_if.o
    0x20000208   0x00000040   Zero   RW         2116    .bss                main.o
    0x20000248   0x00000040   Zero   RW         2117    .bss                main.o
    0x20000288   0x00000224   Zero   RW         2228    .bss                usb_device.o
    0x200004ac   0x000003b8   Zero   RW         2285    .bss                usbd_conf.o
    0x20000864   0x00000200   Zero   RW         2453    .bss                usbd_desc.o
    0x20000a64   0x00000004   PAD
    0x20000a68   0x00000200   Zero   RW         2024    HEAP                startup_stm32f407xx.o
    0x20000c68   0x00000400   Zero   RW         2023    STACK               startup_stm32f407xx.o


==============================================================================

Image component sizes


      Code (inc. data)   RO Data    RW Data    ZI Data      Debug   Object Name

       284         30          0         20        128       2153   main.o
        36          8        392          0       1536        832   startup_stm32f407xx.o
       136         16          0          4          0       4363   stm32f4xx_hal.o
       228         14          0          0          0      32033   stm32f4xx_hal_cortex.o
       448         50          0          0          0       1776   stm32f4xx_hal_gpio.o
        68          0          0          0          0        546   stm32f4xx_hal_msp.o
      1954          0          0          0          0      10201   stm32f4xx_hal_pcd.o
        76          0          0          0          0       1780   stm32f4xx_hal_pcd_ex.o
      1224         48         16          0          0       4705   stm32f4xx_hal_rcc.o
        38          6          0          0          0       3927   stm32f4xx_it.o
      2334         52          0          0          0      19592   stm32f4xx_ll_usb.o
        84         18          0          4          0       1425   system_stm32f4xx.o
        56         18          0          0        548        780   usb_device.o
       590         22          0        275          0     347446   usbd_cdc.o
       164         30          0         24        128       5287   usbd_cdc_if.o
       530         16          0          0        952      13494   usbd_conf.o
       626          0          0          0          0      11818   usbd_core.o
       986         30          0          1          0       7064   usbd_ctlreq.o
       212        116          0         50        512       5163   usbd_desc.o
       132          0          0          0          0       4396   usbd_ioreq.o

    ----------------------------------------------------------------------
     10222        474        440        384       3808     478781   Object Totals
         0          0         32          0          0          0   (incl. Generated)
        16          0          0          6          4          0   (incl. Padding)

    ----------------------------------------------------------------------

      Code (inc. data)   RO Data    RW Data    ZI Data      Debug   Library Member Name

        86          0          0          0          0          0   __dczerorl2.o
         0          0          0          0          0          0   entry.o
         0          0          0          0          0          0   entry10a.o
         0          0          0          0          0          0   entry11a.o
         8          4          0          0          0          0   entry2.o
         4          0          0          0          0          0   entry5.o
         0          0          0          0          0          0   entry7b.o
         0          0          0          0          0          0   entry8b.o
         8          4          0          0          0          0   entry9a.o
        30          0          0          0          0          0   handlers.o
        36          8          0          0          0         68   init.o
         0          0          0          0          0          0   iusefp.o
        30          0          0          0          0         68   llshl.o
        36          0          0          0          0         68   llsshr.o
        32          0          0          0          0         68   llushr.o
       188         20          0          0          0        160   malloc.o
        36          0          0          0          0         68   memcpya.o
         0          0          0          8          0          0   mvars.o
      2244         86          0          0          0        512   printfa.o
        14          0          0          0          0         68   strlen.o
        44          0          0          0          0         80   uidiv.o
        98          0          0          0          0         92   uldiv.o
        48          0          0          0          0         68   cdrcmple.o
       334          0          0          0          0        148   dadd.o
       222          0          0          0          0        100   ddiv.o
       186          0          0          0          0        176   depilogue.o
        48          0          0          0          0         68   dfixul.o
       228          0          0          0          0         96   dmul.o
        38          0          0          0          0         68   f2d.o

    ----------------------------------------------------------------------
      4002        122          0          8          0       1976   Library Totals
         4          0          0          0          0          0   (incl. Padding)

    ----------------------------------------------------------------------

      Code (inc. data)   RO Data    RW Data    ZI Data      Debug   Library Name

      2894        122          0          8          0       1252   mc_w.l
      1104          0          0          0          0        724   mf_w.l

    ----------------------------------------------------------------------
      4002        122          0          8          0       1976   Library Totals

    ----------------------------------------------------------------------

==============================================================================


      Code (inc. data)   RO Data    RW Data    ZI Data      Debug   

     14224        596        440        392       3808     465301   Grand Totals
     14224        596        440        212       3808     465301   ELF Image Totals (compressed)
     14224        596        440        212          0          0   ROM Totals

==============================================================================

    Total RO  Size (Code + RO Data)                14664 (  14.32kB)
    Total RW  Size (RW Data + ZI Data)              4200 (   4.10kB)
    Total ROM Size (Code + RO Data + RW Data)      14876 (  14.53kB)

==============================================================================

