###############################################################################
#
# IAR ELF Linker V7.10.3.6832/W32 for ARM                 17/Oct/2017  22:42:37
# Copyright 2007-2014 IAR Systems AB.
#
#    Output file  =  
#        C:\Users\duylu\Desktop\STM32F4\2.Interrupt\Interrupt\EWARM\Interrupt\Exe\Interrupt.out
#    Map file     =  
#        C:\Users\duylu\Desktop\STM32F4\2.Interrupt\Interrupt\EWARM\Interrupt/List\Interrupt.map
#    Command line =  
#        C:\Users\duylu\Desktop\STM32F4\2.Interrupt\Interrupt\EWARM\Interrupt\Obj\main.o
#        C:\Users\duylu\Desktop\STM32F4\2.Interrupt\Interrupt\EWARM\Interrupt\Obj\startup_stm32f407xx.o
#        C:\Users\duylu\Desktop\STM32F4\2.Interrupt\Interrupt\EWARM\Interrupt\Obj\stm32f4xx_hal.o
#        C:\Users\duylu\Desktop\STM32F4\2.Interrupt\Interrupt\EWARM\Interrupt\Obj\stm32f4xx_hal_cortex.o
#        C:\Users\duylu\Desktop\STM32F4\2.Interrupt\Interrupt\EWARM\Interrupt\Obj\stm32f4xx_hal_dma.o
#        C:\Users\duylu\Desktop\STM32F4\2.Interrupt\Interrupt\EWARM\Interrupt\Obj\stm32f4xx_hal_dma_ex.o
#        C:\Users\duylu\Desktop\STM32F4\2.Interrupt\Interrupt\EWARM\Interrupt\Obj\stm32f4xx_hal_flash.o
#        C:\Users\duylu\Desktop\STM32F4\2.Interrupt\Interrupt\EWARM\Interrupt\Obj\stm32f4xx_hal_flash_ex.o
#        C:\Users\duylu\Desktop\STM32F4\2.Interrupt\Interrupt\EWARM\Interrupt\Obj\stm32f4xx_hal_flash_ramfunc.o
#        C:\Users\duylu\Desktop\STM32F4\2.Interrupt\Interrupt\EWARM\Interrupt\Obj\stm32f4xx_hal_gpio.o
#        C:\Users\duylu\Desktop\STM32F4\2.Interrupt\Interrupt\EWARM\Interrupt\Obj\stm32f4xx_hal_msp.o
#        C:\Users\duylu\Desktop\STM32F4\2.Interrupt\Interrupt\EWARM\Interrupt\Obj\stm32f4xx_hal_pwr.o
#        C:\Users\duylu\Desktop\STM32F4\2.Interrupt\Interrupt\EWARM\Interrupt\Obj\stm32f4xx_hal_pwr_ex.o
#        C:\Users\duylu\Desktop\STM32F4\2.Interrupt\Interrupt\EWARM\Interrupt\Obj\stm32f4xx_hal_rcc.o
#        C:\Users\duylu\Desktop\STM32F4\2.Interrupt\Interrupt\EWARM\Interrupt\Obj\stm32f4xx_hal_rcc_ex.o
#        C:\Users\duylu\Desktop\STM32F4\2.Interrupt\Interrupt\EWARM\Interrupt\Obj\stm32f4xx_hal_tim.o
#        C:\Users\duylu\Desktop\STM32F4\2.Interrupt\Interrupt\EWARM\Interrupt\Obj\stm32f4xx_hal_tim_ex.o
#        C:\Users\duylu\Desktop\STM32F4\2.Interrupt\Interrupt\EWARM\Interrupt\Obj\stm32f4xx_it.o
#        C:\Users\duylu\Desktop\STM32F4\2.Interrupt\Interrupt\EWARM\Interrupt\Obj\system_stm32f4xx.o
#        --redirect _Printf=_PrintfFull --redirect _Scanf=_ScanfFull -o
#        C:\Users\duylu\Desktop\STM32F4\2.Interrupt\Interrupt\EWARM\Interrupt\Exe\Interrupt.out
#        --map
#        C:\Users\duylu\Desktop\STM32F4\2.Interrupt\Interrupt\EWARM\Interrupt/List\Interrupt.map
#        --config
#        C:\Users\duylu\Desktop\STM32F4\2.Interrupt\Interrupt\EWARM/stm32f407xx_flash.icf
#        --semihosting --entry __iar_program_start --vfe
#
###############################################################################

*******************************************************************************
*** RUNTIME MODEL ATTRIBUTES
***

CppFlavor       = *
__SystemLibrary = DLib


*******************************************************************************
*** PLACEMENT SUMMARY
***

"A1":  place at 0x08000000 { ro section .intvec };
"P1":  place in [from 0x08000000 to 0x080fffff] { ro };
"P2":  place in [from 0x20000000 to 0x2001ffff] { rw, block CSTACK, block HEAP };

  Section            Kind        Address   Size  Object
  -------            ----        -------   ----  ------
"A1":                                     0x188
  .intvec            ro code  0x08000000  0x188  startup_stm32f407xx.o [1]
                            - 0x08000188  0x188

"P1":                                     0xba8
  .text              ro code  0x08000188  0x408  stm32f4xx_hal_rcc.o [1]
  .text              ro code  0x08000590   0x6c  stm32f4xx_hal.o [1]
  .text              ro code  0x080005fc   0xf2  stm32f4xx_hal_cortex.o [1]
  .text              ro code  0x080006ee   0x48  stm32f4xx_hal_msp.o [1]
  .text              ro code  0x08000736   0x2e  copy_init3.o [5]
  .text              ro code  0x08000764  0x1fe  stm32f4xx_hal_gpio.o [1]
  .text              ro code  0x08000964  0x154  main.o [1]
  .text              ro code  0x08000ab8   0x50  system_stm32f4xx.o [1]
  .text              ro code  0x08000b08   0x28  data_init.o [5]
  .iar.init_table    const    0x08000b30   0x14  - Linker created -
  .text              ro code  0x08000b44   0x20  stm32f4xx_it.o [1]
  .text              ro code  0x08000b64   0x1a  fpinit_M.o [4]
  .text              ro code  0x08000b80   0x1a  cmain.o [5]
  .text              ro code  0x08000b9a    0x4  low_level_init.o [3]
  .text              ro code  0x08000b9e    0x4  exit.o [3]
  .text              ro code  0x08000ba4    0xa  cexit.o [5]
  .text              ro code  0x08000bb0   0x14  exit.o [6]
  .text              ro code  0x08000bc4   0x10  startup_stm32f407xx.o [1]
  .text              ro code  0x08000bd4    0xc  cstartup_M.o [5]
  .text              ro code  0x08000be0    0x4  startup_stm32f407xx.o [1]
  .text              ro code  0x08000be4    0x4  startup_stm32f407xx.o [1]
  .text              ro code  0x08000be8    0x4  startup_stm32f407xx.o [1]
  .text              ro code  0x08000bec    0x4  startup_stm32f407xx.o [1]
  .text              ro code  0x08000bf0    0x4  startup_stm32f407xx.o [1]
  .text              ro code  0x08000bf4    0x4  startup_stm32f407xx.o [1]
  .text              ro code  0x08000bf8    0x4  startup_stm32f407xx.o [1]
  .text              ro code  0x08000bfc    0x4  startup_stm32f407xx.o [1]
  .text              ro code  0x08000c00    0x4  startup_stm32f407xx.o [1]
  .text              ro code  0x08000c04    0x4  startup_stm32f407xx.o [1]
  .text              ro code  0x08000c08    0x4  startup_stm32f407xx.o [1]
  .text              ro code  0x08000c0c    0x4  startup_stm32f407xx.o [1]
  .text              ro code  0x08000c10    0x4  startup_stm32f407xx.o [1]
  .text              ro code  0x08000c14    0x4  startup_stm32f407xx.o [1]
  .text              ro code  0x08000c18    0x4  startup_stm32f407xx.o [1]
  .text              ro code  0x08000c1c    0x4  startup_stm32f407xx.o [1]
  .text              ro code  0x08000c20    0x4  startup_stm32f407xx.o [1]
  .text              ro code  0x08000c24    0x4  startup_stm32f407xx.o [1]
  .text              ro code  0x08000c28    0x4  startup_stm32f407xx.o [1]
  .text              ro code  0x08000c2c    0x4  startup_stm32f407xx.o [1]
  .text              ro code  0x08000c30    0x4  startup_stm32f407xx.o [1]
  .text              ro code  0x08000c34    0x4  startup_stm32f407xx.o [1]
  .text              ro code  0x08000c38    0x4  startup_stm32f407xx.o [1]
  .text              ro code  0x08000c3c    0x4  startup_stm32f407xx.o [1]
  .text              ro code  0x08000c40    0x4  startup_stm32f407xx.o [1]
  .text              ro code  0x08000c44    0x4  startup_stm32f407xx.o [1]
  .text              ro code  0x08000c48    0x4  startup_stm32f407xx.o [1]
  .text              ro code  0x08000c4c    0x4  startup_stm32f407xx.o [1]
  .text              ro code  0x08000c50    0x4  startup_stm32f407xx.o [1]
  .text              ro code  0x08000c54    0x4  startup_stm32f407xx.o [1]
  .text              ro code  0x08000c58    0x4  startup_stm32f407xx.o [1]
  .text              ro code  0x08000c5c    0x4  startup_stm32f407xx.o [1]
  .text              ro code  0x08000c60    0x4  startup_stm32f407xx.o [1]
  .text              ro code  0x08000c64    0x4  startup_stm32f407xx.o [1]
  .text              ro code  0x08000c68    0x4  startup_stm32f407xx.o [1]
  .text              ro code  0x08000c6c    0x4  startup_stm32f407xx.o [1]
  .text              ro code  0x08000c70    0x4  startup_stm32f407xx.o [1]
  .text              ro code  0x08000c74    0x4  startup_stm32f407xx.o [1]
  .text              ro code  0x08000c78    0x4  startup_stm32f407xx.o [1]
  .text              ro code  0x08000c7c    0x4  startup_stm32f407xx.o [1]
  .text              ro code  0x08000c80    0x4  startup_stm32f407xx.o [1]
  .text              ro code  0x08000c84    0x4  startup_stm32f407xx.o [1]
  .text              ro code  0x08000c88    0x4  startup_stm32f407xx.o [1]
  .text              ro code  0x08000c8c    0x4  startup_stm32f407xx.o [1]
  .text              ro code  0x08000c90    0x4  startup_stm32f407xx.o [1]
  .text              ro code  0x08000c94    0x4  startup_stm32f407xx.o [1]
  .text              ro code  0x08000c98    0x4  startup_stm32f407xx.o [1]
  .text              ro code  0x08000c9c    0x4  startup_stm32f407xx.o [1]
  .text              ro code  0x08000ca0    0x4  startup_stm32f407xx.o [1]
  .text              ro code  0x08000ca4    0x4  startup_stm32f407xx.o [1]
  .text              ro code  0x08000ca8    0x4  startup_stm32f407xx.o [1]
  .text              ro code  0x08000cac    0x4  startup_stm32f407xx.o [1]
  .text              ro code  0x08000cb0    0x4  startup_stm32f407xx.o [1]
  .text              ro code  0x08000cb4    0x4  startup_stm32f407xx.o [1]
  .text              ro code  0x08000cb8    0x4  startup_stm32f407xx.o [1]
  .text              ro code  0x08000cbc    0x4  startup_stm32f407xx.o [1]
  .text              ro code  0x08000cc0    0x4  startup_stm32f407xx.o [1]
  .text              ro code  0x08000cc4    0x4  startup_stm32f407xx.o [1]
  .text              ro code  0x08000cc8    0x4  startup_stm32f407xx.o [1]
  .text              ro code  0x08000ccc    0x4  startup_stm32f407xx.o [1]
  .text              ro code  0x08000cd0    0x4  startup_stm32f407xx.o [1]
  .text              ro code  0x08000cd4    0x4  startup_stm32f407xx.o [1]
  .text              ro code  0x08000cd8    0x4  startup_stm32f407xx.o [1]
  .text              ro code  0x08000cdc    0x4  startup_stm32f407xx.o [1]
  .text              ro code  0x08000ce0    0x4  startup_stm32f407xx.o [1]
  .text              ro code  0x08000ce4    0x4  startup_stm32f407xx.o [1]
  .text              ro code  0x08000ce8    0x4  startup_stm32f407xx.o [1]
  .text              ro code  0x08000cec    0x4  startup_stm32f407xx.o [1]
  .text              ro code  0x08000cf0    0x4  startup_stm32f407xx.o [1]
  .text              ro code  0x08000cf4    0x4  startup_stm32f407xx.o [1]
  .text              ro code  0x08000cf8    0x4  startup_stm32f407xx.o [1]
  .text              ro code  0x08000cfc    0x4  startup_stm32f407xx.o [1]
  .text              ro code  0x08000d00    0x4  startup_stm32f407xx.o [1]
  .text              ro code  0x08000d04    0x4  startup_stm32f407xx.o [1]
  .text              ro code  0x08000d08    0x4  startup_stm32f407xx.o [1]
  .text              ro code  0x08000d0c    0x4  startup_stm32f407xx.o [1]
  .text              ro code  0x08000d10    0x4  startup_stm32f407xx.o [1]
  .text              ro code  0x08000d14    0x4  startup_stm32f407xx.o [1]
  .text              ro code  0x08000d18    0x4  startup_stm32f407xx.o [1]
  .text              ro code  0x08000d1c    0x4  startup_stm32f407xx.o [1]
  .text              ro code  0x08000d20    0x4  startup_stm32f407xx.o [1]
  .text              ro code  0x08000d24    0x4  startup_stm32f407xx.o [1]
  .rodata            const    0x08000d28    0x0  copy_init3.o [5]
  Initializer bytes  ro data  0x08000d28    0x8  <for P2 s0>
                            - 0x08000d30  0xba8

"P2", part 1 of 2:                          0x8
  P2 s0                       0x20000000    0x8  <Init block>
    .data            inited   0x20000000    0x4  system_stm32f4xx.o [1]
    .bss             inited   0x20000004    0x4  stm32f4xx_hal.o [1]
                            - 0x20000008    0x8

"P2", part 2 of 2:                        0x400
  CSTACK                      0x20000008  0x400  <Block>
    CSTACK           uninit   0x20000008  0x400  <Block tail>
                            - 0x20000408  0x400


*******************************************************************************
*** INIT TABLE
***

          Address     Size
          -------     ----
Copy (__iar_copy_init3)
    1 source range, total size 0x8:
          0x08000d28   0x8
    1 destination range, total size 0x8:
          0x20000000   0x8



*******************************************************************************
*** MODULE SUMMARY
***

    Module                  ro code  ro data  rw data
    ------                  -------  -------  -------
C:\Users\duylu\Desktop\STM32F4\2.Interrupt\Interrupt\EWARM\Interrupt\Obj: [1]
    main.o                      340
    startup_stm32f407xx.o       736
    stm32f4xx_hal.o             108        4        4
    stm32f4xx_hal_cortex.o      242
    stm32f4xx_hal_gpio.o        510
    stm32f4xx_hal_msp.o          72
    stm32f4xx_hal_rcc.o       1 032
    stm32f4xx_it.o               32
    system_stm32f4xx.o           80        4        4
    -------------------------------------------------
    Total:                    3 152        8        8

command line: [2]
    -------------------------------------------------
    Total:

dl7M_tlf.a: [3]
    exit.o                        4
    low_level_init.o              4
    -------------------------------------------------
    Total:                        8

m7M_tlv.a: [4]
    fpinit_M.o                   26
    -------------------------------------------------
    Total:                       26

rt7M_tl.a: [5]
    cexit.o                      10
    cmain.o                      26
    copy_init3.o                 46
    cstartup_M.o                 12
    data_init.o                  40
    -------------------------------------------------
    Total:                      134

shb_l.a: [6]
    exit.o                       20
    -------------------------------------------------
    Total:                       20

    Gaps                          8
    Linker created                        20    1 024
-----------------------------------------------------
    Grand Total:              3 348       28    1 032


*******************************************************************************
*** ENTRY LIST
***

Entry                      Address   Size  Type      Object
-----                      -------   ----  ----      ------
?main                   0x08000b81         Code  Gb  cmain.o [5]
APBAHBPrescTable        0x08000580   0x10  Data  Gb  stm32f4xx_hal_rcc.o [1]
BusFault_Handler        0x08000b4b    0x2  Code  Gb  stm32f4xx_it.o [1]
CSTACK$$Base            0x20000008          --   Gb  - Linker created -
CSTACK$$Limit           0x20000408          --   Gb  - Linker created -
DebugMon_Handler        0x08000b4f    0x2  Code  Gb  stm32f4xx_it.o [1]
EXTI0_IRQHandler        0x08000b5f    0x6  Code  Gb  stm32f4xx_it.o [1]
HAL_GPIO_EXTI_Callback  0x08000961    0x2  Code  Wk  stm32f4xx_hal_gpio.o [1]
HAL_GPIO_EXTI_IRQHandler
                        0x08000917   0x14  Code  Gb  stm32f4xx_hal_gpio.o [1]
HAL_GPIO_Init           0x08000765  0x1aa  Code  Gb  stm32f4xx_hal_gpio.o [1]
HAL_GPIO_WritePin       0x0800090f    0x8  Code  Gb  stm32f4xx_hal_gpio.o [1]
HAL_GetTick             0x080005ef    0x6  Code  Wk  stm32f4xx_hal.o [1]
HAL_IncTick             0x080005e5    0xa  Code  Wk  stm32f4xx_hal.o [1]
HAL_Init                0x08000591   0x30  Code  Gb  stm32f4xx_hal.o [1]
HAL_InitTick            0x080005c1   0x24  Code  Wk  stm32f4xx_hal.o [1]
HAL_MspInit             0x080006ef   0x48  Code  Gb  stm32f4xx_hal_msp.o [1]
HAL_NVIC_EnableIRQ      0x0800067d    0xc  Code  Gb  stm32f4xx_hal_cortex.o [1]
HAL_NVIC_SetPriority    0x0800063b   0x42  Code  Gb  stm32f4xx_hal_cortex.o [1]
HAL_NVIC_SetPriorityGrouping
                        0x08000621   0x1a  Code  Gb  stm32f4xx_hal_cortex.o [1]
HAL_RCC_ClockConfig     0x080003d3  0x11e  Code  Gb  stm32f4xx_hal_rcc.o [1]
HAL_RCC_GetHCLKFreq     0x08000537   0x1e  Code  Gb  stm32f4xx_hal_rcc.o [1]
HAL_RCC_GetSysClockFreq
                        0x080004f1   0x46  Code  Wk  stm32f4xx_hal_rcc.o [1]
HAL_RCC_OscConfig       0x08000189  0x242  Code  Wk  stm32f4xx_hal_rcc.o [1]
HAL_SYSTICK_CLKSourceConfig
                        0x080006b9   0x14  Code  Gb  stm32f4xx_hal_cortex.o [1]
HAL_SYSTICK_Callback    0x080006ed    0x2  Code  Wk  stm32f4xx_hal_cortex.o [1]
HAL_SYSTICK_Config      0x08000691   0x28  Code  Gb  stm32f4xx_hal_cortex.o [1]
HAL_SYSTICK_IRQHandler  0x080006e5    0x8  Code  Gb  stm32f4xx_hal_cortex.o [1]
HardFault_Handler       0x08000b47    0x2  Code  Gb  stm32f4xx_it.o [1]
MemManage_Handler       0x08000b49    0x2  Code  Gb  stm32f4xx_it.o [1]
NMI_Handler             0x08000b45    0x2  Code  Gb  stm32f4xx_it.o [1]
NVIC_GetPriorityGrouping
                        0x080005fd    0xa  Code  Lc  stm32f4xx_hal_cortex.o [1]
NVIC_SetPriority        0x08000607   0x1a  Code  Lc  stm32f4xx_hal_cortex.o [1]
Region$$Table$$Base     0x08000b30          --   Gb  - Linker created -
Region$$Table$$Limit    0x08000b44          --   Gb  - Linker created -
SysTick_Handler         0x08000b51    0xe  Code  Gb  stm32f4xx_it.o [1]
SystemClock_Config      0x08000a03   0x9e  Code  Gb  main.o [1]
SystemCoreClock         0x20000000    0x4  Data  Gb  system_stm32f4xx.o [1]
SystemInit              0x08000ab9   0x3a  Code  Gb  system_stm32f4xx.o [1]
UsageFault_Handler      0x08000b4d    0x2  Code  Gb  stm32f4xx_it.o [1]
__cmain                 0x08000b81         Code  Gb  cmain.o [5]
__exit                  0x08000bb1   0x14  Code  Gb  exit.o [6]
__iar_copy_init3        0x08000737   0x2e  Code  Gb  copy_init3.o [5]
__iar_data_init3        0x08000b09   0x28  Code  Gb  data_init.o [5]
__iar_init_vfp          0x08000b65         Code  Gb  fpinit_M.o [4]
__iar_program_start     0x08000bd5         Code  Gb  cstartup_M.o [5]
__low_level_init        0x08000b9b    0x4  Code  Gb  low_level_init.o [3]
__vector_table          0x08000000         Data  Gb  startup_stm32f407xx.o [1]
_call_main              0x08000b8d         Code  Gb  cmain.o [5]
_exit                   0x08000ba5         Code  Gb  cexit.o [5]
_main                   0x08000b97         Code  Gb  cmain.o [5]
exit                    0x08000b9f    0x4  Code  Gb  exit.o [3]
main                    0x08000965   0x92  Code  Gb  main.o [1]
uwTick                  0x20000004    0x4  Data  Gb  stm32f4xx_hal.o [1]


[1] = C:\Users\duylu\Desktop\STM32F4\2.Interrupt\Interrupt\EWARM\Interrupt\Obj
[2] = command line
[3] = dl7M_tlf.a
[4] = m7M_tlv.a
[5] = rt7M_tl.a
[6] = shb_l.a

  3 348 bytes of readonly  code memory
     28 bytes of readonly  data memory
  1 032 bytes of readwrite data memory

Errors: none
Warnings: none
