<html>
<body>
<pre>
<h1>µVision Build Log</h1>
<h2>Tool Versions:</h2>
IDE-Version: µVision V5.13.0.0
Copyright (C) 2014 ARM Ltd and ARM Germany GmbH. All rights reserved.
License Information: Beam Duy Luan, UNETI, LIC=TIVNN-YVVH8-MMP9I-T3MY9-VYYSV-SRV16
 
Tool Versions:
Toolchain:       MDK-ARM Standard  Version: 5.13.0.0
Toolchain Path:  E:\KeiC Setup\ARM\ARMCC\Bin
C Compiler:      Armcc.exe V5.05 update 1 (build 106)
Assembler:       Armasm.exe V5.05 update 1 (build 106)
Linker/Locator:  ArmLink.exe V5.05 update 1 (build 106)
Library Manager: ArmAr.exe V5.05 update 1 (build 106)
Hex Converter:   FromElf.exe V5.05 update 1 (build 106)
CPU DLL:         SARMCM3.DLL V5.13.0.0
Dialog DLL:      DCM.DLL V1.13.1.0
Target DLL:      STLink\ST-LINKIII-KEIL_SWO.dll V2.0.14.0_KEIL
Dialog DLL:      TCM.DLL V1.14.4.0
 
<h2>Project:</h2>
C:\Users\Duy Luan\Desktop\STM\EXT\Timer Basic\MDK-ARM\Timer Basic.uvprojx
Project File Date:  12/25/2016

<h2>Output:</h2>
Build target 'Timer Basic'
compiling main.c...
linking...
Program Size: Code=3812 RO-data=440 RW-data=8 ZI-data=1088  
"Timer Basic\Timer Basic.axf" - 0 Error(s), 0 Warning(s).

<h2>Software Packages used:</h2>

Package Vendor: ARM
                http://www.keil.com/pack/ARM.CMSIS.4.2.0.pack
                ARM::CMSIS:CORE:3.40.0
                CMSIS (Cortex Microcontroller Software Interface Standard)
   * Component: CORE Version: 3.40.0

<h2>Collection of Component include folders:</h2>
  C:\Users\Duy Luan\Desktop\STM\EXT\Timer Basic\MDK-ARM\RTE
  E:\KeiC Setup\ARM\PACK\ARM\CMSIS\4.2.0\CMSIS\Include
  E:\KeiC Setup\ARM\PACK\Keil\STM32F4xx_DFP\2.3.0\Drivers\CMSIS\Device\ST\STM32F4xx\Include

<h2>Collection of Component Files used:</h2>

   * Component: ARM::CMSIS:CORE:3.40.0
      Source file:   CMSIS\UserCodeTemplates\ARM\ITM_Retarget.c
</pre>
</body>
</html>
