###############################################################################
#
# IAR ELF Linker V7.10.3.6832/W32 for ARM                 23/Oct/2017  00:20:37
# Copyright 2007-2014 IAR Systems AB.
#
#    Output file  =  
#        C:\Users\duylu\Desktop\STM32F4\Count Edge\EWARM\Count Edge\Exe\Count
#        Edge.out
#    Map file     =  
#        C:\Users\duylu\Desktop\STM32F4\Count Edge\EWARM\Count Edge/List\Count
#        Edge.map
#    Command line =  
#        "C:\Users\duylu\Desktop\STM32F4\Count Edge\EWARM\Count
#        Edge\Obj\main.o" "C:\Users\duylu\Desktop\STM32F4\Count
#        Edge\EWARM\Count Edge\Obj\startup_stm32f407xx.o"
#        "C:\Users\duylu\Desktop\STM32F4\Count Edge\EWARM\Count
#        Edge\Obj\stm32f4xx_hal.o" "C:\Users\duylu\Desktop\STM32F4\Count
#        Edge\EWARM\Count Edge\Obj\stm32f4xx_hal_cortex.o"
#        "C:\Users\duylu\Desktop\STM32F4\Count Edge\EWARM\Count
#        Edge\Obj\stm32f4xx_hal_dma.o" "C:\Users\duylu\Desktop\STM32F4\Count
#        Edge\EWARM\Count Edge\Obj\stm32f4xx_hal_dma_ex.o"
#        "C:\Users\duylu\Desktop\STM32F4\Count Edge\EWARM\Count
#        Edge\Obj\stm32f4xx_hal_flash.o" "C:\Users\duylu\Desktop\STM32F4\Count
#        Edge\EWARM\Count Edge\Obj\stm32f4xx_hal_flash_ex.o"
#        "C:\Users\duylu\Desktop\STM32F4\Count Edge\EWARM\Count
#        Edge\Obj\stm32f4xx_hal_flash_ramfunc.o"
#        "C:\Users\duylu\Desktop\STM32F4\Count Edge\EWARM\Count
#        Edge\Obj\stm32f4xx_hal_gpio.o" "C:\Users\duylu\Desktop\STM32F4\Count
#        Edge\EWARM\Count Edge\Obj\stm32f4xx_hal_msp.o"
#        "C:\Users\duylu\Desktop\STM32F4\Count Edge\EWARM\Count
#        Edge\Obj\stm32f4xx_hal_pwr.o" "C:\Users\duylu\Desktop\STM32F4\Count
#        Edge\EWARM\Count Edge\Obj\stm32f4xx_hal_pwr_ex.o"
#        "C:\Users\duylu\Desktop\STM32F4\Count Edge\EWARM\Count
#        Edge\Obj\stm32f4xx_hal_rcc.o" "C:\Users\duylu\Desktop\STM32F4\Count
#        Edge\EWARM\Count Edge\Obj\stm32f4xx_hal_rcc_ex.o"
#        "C:\Users\duylu\Desktop\STM32F4\Count Edge\EWARM\Count
#        Edge\Obj\stm32f4xx_hal_tim.o" "C:\Users\duylu\Desktop\STM32F4\Count
#        Edge\EWARM\Count Edge\Obj\stm32f4xx_hal_tim_ex.o"
#        "C:\Users\duylu\Desktop\STM32F4\Count Edge\EWARM\Count
#        Edge\Obj\stm32f4xx_it.o" "C:\Users\duylu\Desktop\STM32F4\Count
#        Edge\EWARM\Count Edge\Obj\system_stm32f4xx.o" --redirect
#        _Printf=_PrintfFull --redirect _Scanf=_ScanfFull -o
#        "C:\Users\duylu\Desktop\STM32F4\Count Edge\EWARM\Count Edge\Exe\Count
#        Edge.out" --map "C:\Users\duylu\Desktop\STM32F4\Count Edge\EWARM\Count
#        Edge/List\Count Edge.map" --config
#        "C:\Users\duylu\Desktop\STM32F4\Count
#        Edge\EWARM/stm32f407xx_flash.icf" --semihosting --entry
#        __iar_program_start --vfe
#
###############################################################################

*******************************************************************************
*** RUNTIME MODEL ATTRIBUTES
***

CppFlavor       = *
__SystemLibrary = DLib


*******************************************************************************
*** PLACEMENT SUMMARY
***

"A1":  place at 0x08000000 { ro section .intvec };
"P1":  place in [from 0x08000000 to 0x080fffff] { ro };
"P2":  place in [from 0x20000000 to 0x2001ffff] { rw, block CSTACK, block HEAP };

  Section            Kind        Address    Size  Object
  -------            ----        -------    ----  ------
"A1":                                      0x188
  .intvec            ro code  0x08000000   0x188  startup_stm32f407xx.o [1]
                            - 0x08000188   0x188

"P1":                                     0x1018
  .text              ro code  0x08000188   0x408  stm32f4xx_hal_rcc.o [1]
  .text              ro code  0x08000590    0x6c  stm32f4xx_hal.o [1]
  .text              ro code  0x080005fc    0xf2  stm32f4xx_hal_cortex.o [1]
  .text              ro code  0x080006ee    0x2e  copy_init3.o [5]
  .text              ro code  0x0800071c    0xa8  stm32f4xx_hal_msp.o [1]
  .text              ro code  0x080007c4   0x1ec  stm32f4xx_hal_gpio.o [1]
  .text              ro code  0x080009b0   0x35c  stm32f4xx_hal_tim.o [1]
  .text              ro code  0x08000d0c   0x190  main.o [1]
  .text              ro code  0x08000e9c    0x5a  stm32f4xx_hal_tim_ex.o [1]
  .text              ro code  0x08000ef6    0x22  zero_init3.o [5]
  .text              ro code  0x08000f18    0x50  system_stm32f4xx.o [1]
  .text              ro code  0x08000f68    0x28  data_init.o [5]
  .text              ro code  0x08000f90    0x24  stm32f4xx_it.o [1]
  .iar.init_table    const    0x08000fb4    0x24  - Linker created -
  .text              ro code  0x08000fd8    0x1a  fpinit_M.o [4]
  .text              ro code  0x08000ff4    0x1a  cmain.o [5]
  .text              ro code  0x0800100e     0x4  low_level_init.o [3]
  .text              ro code  0x08001012     0x4  exit.o [3]
  .text              ro code  0x08001018     0xa  cexit.o [5]
  .text              ro code  0x08001024    0x14  exit.o [6]
  .text              ro code  0x08001038    0x10  startup_stm32f407xx.o [1]
  .text              ro code  0x08001048     0xc  cstartup_M.o [5]
  .text              ro code  0x08001054     0x4  startup_stm32f407xx.o [1]
  .text              ro code  0x08001058     0x4  startup_stm32f407xx.o [1]
  .text              ro code  0x0800105c     0x4  startup_stm32f407xx.o [1]
  .text              ro code  0x08001060     0x4  startup_stm32f407xx.o [1]
  .text              ro code  0x08001064     0x4  startup_stm32f407xx.o [1]
  .text              ro code  0x08001068     0x4  startup_stm32f407xx.o [1]
  .text              ro code  0x0800106c     0x4  startup_stm32f407xx.o [1]
  .text              ro code  0x08001070     0x4  startup_stm32f407xx.o [1]
  .text              ro code  0x08001074     0x4  startup_stm32f407xx.o [1]
  .text              ro code  0x08001078     0x4  startup_stm32f407xx.o [1]
  .text              ro code  0x0800107c     0x4  startup_stm32f407xx.o [1]
  .text              ro code  0x08001080     0x4  startup_stm32f407xx.o [1]
  .text              ro code  0x08001084     0x4  startup_stm32f407xx.o [1]
  .text              ro code  0x08001088     0x4  startup_stm32f407xx.o [1]
  .text              ro code  0x0800108c     0x4  startup_stm32f407xx.o [1]
  .text              ro code  0x08001090     0x4  startup_stm32f407xx.o [1]
  .text              ro code  0x08001094     0x4  startup_stm32f407xx.o [1]
  .text              ro code  0x08001098     0x4  startup_stm32f407xx.o [1]
  .text              ro code  0x0800109c     0x4  startup_stm32f407xx.o [1]
  .text              ro code  0x080010a0     0x4  startup_stm32f407xx.o [1]
  .text              ro code  0x080010a4     0x4  startup_stm32f407xx.o [1]
  .text              ro code  0x080010a8     0x4  startup_stm32f407xx.o [1]
  .text              ro code  0x080010ac     0x4  startup_stm32f407xx.o [1]
  .text              ro code  0x080010b0     0x4  startup_stm32f407xx.o [1]
  .text              ro code  0x080010b4     0x4  startup_stm32f407xx.o [1]
  .text              ro code  0x080010b8     0x4  startup_stm32f407xx.o [1]
  .text              ro code  0x080010bc     0x4  startup_stm32f407xx.o [1]
  .text              ro code  0x080010c0     0x4  startup_stm32f407xx.o [1]
  .text              ro code  0x080010c4     0x4  startup_stm32f407xx.o [1]
  .text              ro code  0x080010c8     0x4  startup_stm32f407xx.o [1]
  .text              ro code  0x080010cc     0x4  startup_stm32f407xx.o [1]
  .text              ro code  0x080010d0     0x4  startup_stm32f407xx.o [1]
  .text              ro code  0x080010d4     0x4  startup_stm32f407xx.o [1]
  .text              ro code  0x080010d8     0x4  startup_stm32f407xx.o [1]
  .text              ro code  0x080010dc     0x4  startup_stm32f407xx.o [1]
  .text              ro code  0x080010e0     0x4  startup_stm32f407xx.o [1]
  .text              ro code  0x080010e4     0x4  startup_stm32f407xx.o [1]
  .text              ro code  0x080010e8     0x4  startup_stm32f407xx.o [1]
  .text              ro code  0x080010ec     0x4  startup_stm32f407xx.o [1]
  .text              ro code  0x080010f0     0x4  startup_stm32f407xx.o [1]
  .text              ro code  0x080010f4     0x4  startup_stm32f407xx.o [1]
  .text              ro code  0x080010f8     0x4  startup_stm32f407xx.o [1]
  .text              ro code  0x080010fc     0x4  startup_stm32f407xx.o [1]
  .text              ro code  0x08001100     0x4  startup_stm32f407xx.o [1]
  .text              ro code  0x08001104     0x4  startup_stm32f407xx.o [1]
  .text              ro code  0x08001108     0x4  startup_stm32f407xx.o [1]
  .text              ro code  0x0800110c     0x4  startup_stm32f407xx.o [1]
  .text              ro code  0x08001110     0x4  startup_stm32f407xx.o [1]
  .text              ro code  0x08001114     0x4  startup_stm32f407xx.o [1]
  .text              ro code  0x08001118     0x4  startup_stm32f407xx.o [1]
  .text              ro code  0x0800111c     0x4  startup_stm32f407xx.o [1]
  .text              ro code  0x08001120     0x4  startup_stm32f407xx.o [1]
  .text              ro code  0x08001124     0x4  startup_stm32f407xx.o [1]
  .text              ro code  0x08001128     0x4  startup_stm32f407xx.o [1]
  .text              ro code  0x0800112c     0x4  startup_stm32f407xx.o [1]
  .text              ro code  0x08001130     0x4  startup_stm32f407xx.o [1]
  .text              ro code  0x08001134     0x4  startup_stm32f407xx.o [1]
  .text              ro code  0x08001138     0x4  startup_stm32f407xx.o [1]
  .text              ro code  0x0800113c     0x4  startup_stm32f407xx.o [1]
  .text              ro code  0x08001140     0x4  startup_stm32f407xx.o [1]
  .text              ro code  0x08001144     0x4  startup_stm32f407xx.o [1]
  .text              ro code  0x08001148     0x4  startup_stm32f407xx.o [1]
  .text              ro code  0x0800114c     0x4  startup_stm32f407xx.o [1]
  .text              ro code  0x08001150     0x4  startup_stm32f407xx.o [1]
  .text              ro code  0x08001154     0x4  startup_stm32f407xx.o [1]
  .text              ro code  0x08001158     0x4  startup_stm32f407xx.o [1]
  .text              ro code  0x0800115c     0x4  startup_stm32f407xx.o [1]
  .text              ro code  0x08001160     0x4  startup_stm32f407xx.o [1]
  .text              ro code  0x08001164     0x4  startup_stm32f407xx.o [1]
  .text              ro code  0x08001168     0x4  startup_stm32f407xx.o [1]
  .text              ro code  0x0800116c     0x4  startup_stm32f407xx.o [1]
  .text              ro code  0x08001170     0x4  startup_stm32f407xx.o [1]
  .text              ro code  0x08001174     0x4  startup_stm32f407xx.o [1]
  .text              ro code  0x08001178     0x4  startup_stm32f407xx.o [1]
  .text              ro code  0x0800117c     0x4  startup_stm32f407xx.o [1]
  .text              ro code  0x08001180     0x4  startup_stm32f407xx.o [1]
  .text              ro code  0x08001184     0x4  startup_stm32f407xx.o [1]
  .text              ro code  0x08001188     0x4  startup_stm32f407xx.o [1]
  .text              ro code  0x0800118c     0x4  startup_stm32f407xx.o [1]
  .text              ro code  0x08001190     0x4  startup_stm32f407xx.o [1]
  .text              ro code  0x08001194     0x4  startup_stm32f407xx.o [1]
  .text              ro code  0x08001198     0x4  startup_stm32f407xx.o [1]
  .rodata            const    0x0800119c     0x0  zero_init3.o [5]
  .rodata            const    0x0800119c     0x0  copy_init3.o [5]
  Initializer bytes  ro data  0x0800119c     0x4  <for P2 s0>
                            - 0x080011a0  0x1018

"P2", part 1 of 3:                           0x4
  P2 s0                       0x20000000     0x4  <Init block>
    .data            inited   0x20000000     0x4  system_stm32f4xx.o [1]
                            - 0x20000004     0x4

"P2", part 2 of 3:                          0x44
  .bss               zero     0x20000004    0x40  main.o [1]
  .bss               zero     0x20000044     0x4  stm32f4xx_hal.o [1]
                            - 0x20000048    0x44

"P2", part 3 of 3:                         0x400
  CSTACK                      0x20000048   0x400  <Block>
    CSTACK           uninit   0x20000048   0x400  <Block tail>
                            - 0x20000448   0x400


*******************************************************************************
*** INIT TABLE
***

          Address     Size
          -------     ----
Zero (__iar_zero_init3)
    1 destination range, total size 0x44:
          0x20000004  0x44

Copy (__iar_copy_init3)
    1 source range, total size 0x4:
          0x0800119c   0x4
    1 destination range, total size 0x4:
          0x20000000   0x4



*******************************************************************************
*** MODULE SUMMARY
***

    Module                  ro code  ro data  rw data
    ------                  -------  -------  -------
C:\Users\duylu\Desktop\STM32F4\Count Edge\EWARM\Count Edge\Obj: [1]
    main.o                      400                64
    startup_stm32f407xx.o       736
    stm32f4xx_hal.o             108                 4
    stm32f4xx_hal_cortex.o      242
    stm32f4xx_hal_gpio.o        492
    stm32f4xx_hal_msp.o         168
    stm32f4xx_hal_rcc.o       1 032
    stm32f4xx_hal_tim.o         860
    stm32f4xx_hal_tim_ex.o       90
    stm32f4xx_it.o               36
    system_stm32f4xx.o           80        4        4
    -------------------------------------------------
    Total:                    4 244        4       72

command line: [2]
    -------------------------------------------------
    Total:

dl7M_tlf.a: [3]
    exit.o                        4
    low_level_init.o              4
    -------------------------------------------------
    Total:                        8

m7M_tlv.a: [4]
    fpinit_M.o                   26
    -------------------------------------------------
    Total:                       26

rt7M_tl.a: [5]
    cexit.o                      10
    cmain.o                      26
    copy_init3.o                 46
    cstartup_M.o                 12
    data_init.o                  40
    zero_init3.o                 34
    -------------------------------------------------
    Total:                      168

shb_l.a: [6]
    exit.o                       20
    -------------------------------------------------
    Total:                       20

    Gaps                          6
    Linker created                        36    1 024
-----------------------------------------------------
    Grand Total:              4 472       40    1 096


*******************************************************************************
*** ENTRY LIST
***

Entry                      Address   Size  Type      Object
-----                      -------   ----  ----      ------
?main                   0x08000ff5         Code  Gb  cmain.o [5]
APBAHBPrescTable        0x08000580   0x10  Data  Gb  stm32f4xx_hal_rcc.o [1]
BusFault_Handler        0x08000f97    0x2  Code  Gb  stm32f4xx_it.o [1]
CSTACK$$Base            0x20000048          --   Gb  - Linker created -
CSTACK$$Limit           0x20000448          --   Gb  - Linker created -
DebugMon_Handler        0x08000f9b    0x2  Code  Gb  stm32f4xx_it.o [1]
HAL_GPIO_Init           0x080007c5  0x1aa  Code  Gb  stm32f4xx_hal_gpio.o [1]
HAL_GPIO_TogglePin      0x08000977    0x8  Code  Gb  stm32f4xx_hal_gpio.o [1]
HAL_GPIO_WritePin       0x0800096f    0x8  Code  Gb  stm32f4xx_hal_gpio.o [1]
HAL_GetTick             0x080005ef    0x6  Code  Wk  stm32f4xx_hal.o [1]
HAL_IncTick             0x080005e5    0xa  Code  Wk  stm32f4xx_hal.o [1]
HAL_Init                0x08000591   0x30  Code  Gb  stm32f4xx_hal.o [1]
HAL_InitTick            0x080005c1   0x24  Code  Wk  stm32f4xx_hal.o [1]
HAL_MspInit             0x0800071d   0x48  Code  Gb  stm32f4xx_hal_msp.o [1]
HAL_NVIC_EnableIRQ      0x0800067d    0xc  Code  Gb  stm32f4xx_hal_cortex.o [1]
HAL_NVIC_SetPriority    0x0800063b   0x42  Code  Gb  stm32f4xx_hal_cortex.o [1]
HAL_NVIC_SetPriorityGrouping
                        0x08000621   0x1a  Code  Gb  stm32f4xx_hal_cortex.o [1]
HAL_RCC_ClockConfig     0x080003d3  0x11e  Code  Gb  stm32f4xx_hal_rcc.o [1]
HAL_RCC_GetHCLKFreq     0x08000537   0x1e  Code  Gb  stm32f4xx_hal_rcc.o [1]
HAL_RCC_GetSysClockFreq
                        0x080004f1   0x46  Code  Wk  stm32f4xx_hal_rcc.o [1]
HAL_RCC_OscConfig       0x08000189  0x242  Code  Wk  stm32f4xx_hal_rcc.o [1]
HAL_SYSTICK_CLKSourceConfig
                        0x080006b9   0x14  Code  Gb  stm32f4xx_hal_cortex.o [1]
HAL_SYSTICK_Callback    0x080006ed    0x2  Code  Wk  stm32f4xx_hal_cortex.o [1]
HAL_SYSTICK_Config      0x08000691   0x28  Code  Gb  stm32f4xx_hal_cortex.o [1]
HAL_SYSTICK_IRQHandler  0x080006e5    0x8  Code  Gb  stm32f4xx_hal_cortex.o [1]
HAL_TIMEx_BreakCallback
                        0x08000ef5    0x2  Code  Wk  stm32f4xx_hal_tim_ex.o [1]
HAL_TIMEx_CommutationCallback
                        0x08000ef3    0x2  Code  Wk  stm32f4xx_hal_tim_ex.o [1]
HAL_TIMEx_MasterConfigSynchronization
                        0x08000ea9   0x4a  Code  Gb  stm32f4xx_hal_tim_ex.o [1]
HAL_TIM_Base_Init       0x080009b1   0x1a  Code  Gb  stm32f4xx_hal_tim.o [1]
HAL_TIM_Base_MspInit    0x08000765   0x56  Code  Gb  stm32f4xx_hal_msp.o [1]
HAL_TIM_Base_Start_IT   0x080009cb   0x16  Code  Gb  stm32f4xx_hal_tim.o [1]
HAL_TIM_IC_CaptureCallback
                        0x08000b95    0x2  Code  Wk  stm32f4xx_hal_tim.o [1]
HAL_TIM_IRQHandler      0x08000a01  0x14a  Code  Gb  stm32f4xx_hal_tim.o [1]
HAL_TIM_OC_DelayElapsedCallback
                        0x08000b93    0x2  Code  Wk  stm32f4xx_hal_tim.o [1]
HAL_TIM_PWM_PulseFinishedCallback
                        0x08000b97    0x2  Code  Wk  stm32f4xx_hal_tim.o [1]
HAL_TIM_PeriodElapsedCallback
                        0x08000dd5   0x16  Code  Gb  main.o [1]
HAL_TIM_SlaveConfigSynchronization
                        0x08000b4b   0x1e  Code  Gb  stm32f4xx_hal_tim.o [1]
HAL_TIM_TriggerCallback
                        0x08000b99    0x2  Code  Wk  stm32f4xx_hal_tim.o [1]
HardFault_Handler       0x08000f93    0x2  Code  Gb  stm32f4xx_it.o [1]
MemManage_Handler       0x08000f95    0x2  Code  Gb  stm32f4xx_it.o [1]
NMI_Handler             0x08000f91    0x2  Code  Gb  stm32f4xx_it.o [1]
NVIC_GetPriorityGrouping
                        0x080005fd    0xa  Code  Lc  stm32f4xx_hal_cortex.o [1]
NVIC_SetPriority        0x08000607   0x1a  Code  Lc  stm32f4xx_hal_cortex.o [1]
Region$$Table$$Base     0x08000fb4          --   Gb  - Linker created -
Region$$Table$$Limit    0x08000fd8          --   Gb  - Linker created -
SysTick_Handler         0x08000f9d    0xe  Code  Gb  stm32f4xx_it.o [1]
SystemClock_Config      0x08000deb   0x9e  Code  Gb  main.o [1]
SystemCoreClock         0x20000000    0x4  Data  Gb  system_stm32f4xx.o [1]
SystemInit              0x08000f19   0x3a  Code  Gb  system_stm32f4xx.o [1]
TIM2_IRQHandler         0x08000fab    0x6  Code  Gb  stm32f4xx_it.o [1]
TIM_Base_SetConfig      0x08000b9b   0x90  Code  Gb  stm32f4xx_hal_tim.o [1]
TIM_ETR_SetConfig       0x08000cf9   0x14  Code  Lc  stm32f4xx_hal_tim.o [1]
TIM_SlaveTimer_SetConfig
                        0x08000c59   0x5a  Code  Lc  stm32f4xx_hal_tim.o [1]
TIM_TI1_ConfigInputStage
                        0x08000cb3   0x22  Code  Lc  stm32f4xx_hal_tim.o [1]
TIM_TI2_ConfigInputStage
                        0x08000cd5   0x24  Code  Lc  stm32f4xx_hal_tim.o [1]
UsageFault_Handler      0x08000f99    0x2  Code  Gb  stm32f4xx_it.o [1]
__cmain                 0x08000ff5         Code  Gb  cmain.o [5]
__exit                  0x08001025   0x14  Code  Gb  exit.o [6]
__iar_copy_init3        0x080006ef   0x2e  Code  Gb  copy_init3.o [5]
__iar_data_init3        0x08000f69   0x28  Code  Gb  data_init.o [5]
__iar_init_vfp          0x08000fd9         Code  Gb  fpinit_M.o [4]
__iar_program_start     0x08001049         Code  Gb  cstartup_M.o [5]
__iar_zero_init3        0x08000ef7   0x22  Code  Gb  zero_init3.o [5]
__low_level_init        0x0800100f    0x4  Code  Gb  low_level_init.o [3]
__vector_table          0x08000000         Data  Gb  startup_stm32f407xx.o [1]
_call_main              0x08001001         Code  Gb  cmain.o [5]
_exit                   0x08001019         Code  Gb  cexit.o [5]
_main                   0x0800100b         Code  Gb  cmain.o [5]
count_valule            0x20000004    0x1  Data  Gb  main.o [1]
exit                    0x08001013    0x4  Code  Gb  exit.o [3]
htim2                   0x20000008   0x3c  Data  Gb  main.o [1]
main                    0x08000d0d   0xbc  Code  Gb  main.o [1]
uwTick                  0x20000044    0x4  Data  Gb  stm32f4xx_hal.o [1]


[1] = C:\Users\duylu\Desktop\STM32F4\Count Edge\EWARM\Count Edge\Obj
[2] = command line
[3] = dl7M_tlf.a
[4] = m7M_tlv.a
[5] = rt7M_tl.a
[6] = shb_l.a

  4 472 bytes of readonly  code memory
     40 bytes of readonly  data memory
  1 096 bytes of readwrite data memory

Errors: none
Warnings: none
