Product: MDK-ARM Lite 5.10
Component: ARM Compiler 5.04 update 1 (build 49)
Tool: armlink [5040049]

==============================================================================

Section Cross References

    main.o(.text) refers to stm32f10x_dma.o(.text) for DMA_DeInit
    main.o(.text) refers to stm32f10x_rcc.o(.text) for RCC_AHBPeriphClockCmd
    main.o(.text) refers to stm32f10x_adc.o(.text) for ADC_DeInit
    main.o(.text) refers to stm32f10x_gpio.o(.text) for GPIO_Init
    main.o(.text) refers to stm32f10x_usart.o(.text) for USART_Init
    main.o(.text) refers to dfltui.o(.text) for __aeabi_ui2d
    main.o(.text) refers to dmul.o(.text) for __aeabi_dmul
    main.o(.text) refers to ddiv.o(.text) for __aeabi_ddiv
    main.o(.text) refers to d2f.o(.text) for __aeabi_d2f
    main.o(.text) refers to f2d.o(.text) for __aeabi_f2d
    main.o(.text) refers to dadd.o(.text) for __aeabi_drsub
    main.o(.text) refers to printfa.o(i.__0printf) for __2printf
    main.o(.text) refers to main.o(.data) for ADCConvertedValue
    main.o(.text) refers to main.o(.bss) for USART_InitStructure
    getline.o(.text) refers to getc.o(i.getc) for getc
    getline.o(.text) refers to putc.o(i.putc) for putc
    getline.o(.text) refers to stdin.o(.data) for __stdin
    getline.o(.text) refers to stdout.o(.data) for __stdout
    rtx_conf_cm.o(.ARM.Collect$$$$000000FF) refers to rt_cmsis.o(i.osKernelInitialize) for osKernelInitialize
    rtx_conf_cm.o(.ARM.Collect$$$$000000FF) refers to rt_cmsis.o(i.osThreadCreate) for osThreadCreate
    rtx_conf_cm.o(.ARM.Collect$$$$000000FF) refers to rt_cmsis.o(i.osKernelStart) for osKernelStart
    rtx_conf_cm.o(.ARM.Collect$$$$000000FF) refers to rtx_conf_cm.o(.data) for .data
    rtx_conf_cm.o(.constdata) refers to rt_cmsis.o(i.osTimerThread) for osTimerThread
    rtx_conf_cm.o(.constdata) refers to rtx_conf_cm.o(.bss) for os_messageQ_q_osTimerMessageQ
    rtx_conf_cm.o(.data) refers to main.o(.text) for main
    stm32f10x_gpio.o(.text) refers to stm32f10x_rcc.o(.text) for RCC_APB2PeriphResetCmd
    stm32f10x_rcc.o(.text) refers to stm32f10x_rcc.o(.data) for APBAHBPrescTable
    stm32f10x_usart.o(.text) refers to stm32f10x_rcc.o(.text) for RCC_APB2PeriphResetCmd
    startup_stm32f10x_hd.o(RESET) refers to startup_stm32f10x_hd.o(STACK) for __initial_sp
    startup_stm32f10x_hd.o(RESET) refers to startup_stm32f10x_hd.o(.text) for Reset_Handler
    startup_stm32f10x_hd.o(RESET) refers to hal_cm3.o(.emb_text) for SVC_Handler
    startup_stm32f10x_hd.o(RESET) refers to dma_stm32f10x.o(.text) for DMA1_Channel1_IRQHandler
    startup_stm32f10x_hd.o(.text) refers to system_stm32f10x.o(.text) for SystemInit
    startup_stm32f10x_hd.o(.text) refers to entry.o(.ARM.Collect$$$$00000000) for __main
    system_stm32f10x.o(.text) refers to system_stm32f10x.o(.data) for SystemCoreClock
    stm32f10x_adc.o(.text) refers to stm32f10x_rcc.o(.text) for RCC_APB2PeriphResetCmd
    dma_stm32f10x.o(.text) refers to dma_stm32f10x.o(.data) for DMA1_Channel
    rt_cmsis.o(i.isrMessagePut) refers to rt_mailbox.o(i.rt_mbx_check) for rt_mbx_check
    rt_cmsis.o(i.isrMessagePut) refers to rt_mailbox.o(i.isr_mbx_send) for isr_mbx_send
    rt_cmsis.o(i.osDelay) refers to rt_cmsis.o(i.svcDelay) for svcDelay
    rt_cmsis.o(i.osKernelInitialize) refers to rt_cmsis.o(i.svcKernelInitialize) for svcKernelInitialize
    rt_cmsis.o(i.osKernelRunning) refers to rt_cmsis.o(i.svcKernelRunning) for svcKernelRunning
    rt_cmsis.o(i.osKernelRunning) refers to rt_cmsis.o(.data) for .data
    rt_cmsis.o(i.osKernelStart) refers to rtx_conf_cm.o(.constdata) for os_flags
    rt_cmsis.o(i.osKernelStart) refers to rt_cmsis.o(i.svcKernelStart) for svcKernelStart
    rt_cmsis.o(i.osKernelSysTick) refers to rt_cmsis.o(i.svcKernelSysTick) for svcKernelSysTick
    rt_cmsis.o(i.osMailAlloc) refers to rt_cmsis.o(i.sysMailAlloc) for sysMailAlloc
    rt_cmsis.o(i.osMailCAlloc) refers to rt_cmsis.o(i.sysMailAlloc) for sysMailAlloc
    rt_cmsis.o(i.osMailCreate) refers to rt_cmsis.o(i.svcMailCreate) for svcMailCreate
    rt_cmsis.o(i.osMailCreate) refers to rt_cmsis.o(.data) for .data
    rt_cmsis.o(i.osMailFree) refers to rt_cmsis.o(i.sysMailFree) for sysMailFree
    rt_cmsis.o(i.osMailGet) refers to rt_cmsis.o(i.osMessageGet) for osMessageGet
    rt_cmsis.o(i.osMailPut) refers to rt_cmsis.o(i.osMessagePut) for osMessagePut
    rt_cmsis.o(i.osMessageCreate) refers to rt_cmsis.o(i.svcMessageCreate) for svcMessageCreate
    rt_cmsis.o(i.osMessageCreate) refers to rt_cmsis.o(.data) for .data
    rt_cmsis.o(i.osMessageGet) refers to rt_mailbox.o(i.isr_mbx_receive) for isr_mbx_receive
    rt_cmsis.o(i.osMessageGet) refers to rt_cmsis.o(i.svcMessageGet) for svcMessageGet
    rt_cmsis.o(i.osMessagePut) refers to rt_cmsis.o(i.isrMessagePut) for isrMessagePut
    rt_cmsis.o(i.osMessagePut) refers to rt_cmsis.o(i.svcMessagePut) for svcMessagePut
    rt_cmsis.o(i.osMutexCreate) refers to rt_cmsis.o(i.svcMutexCreate) for svcMutexCreate
[...]
    Removing rt_cmsis.o(i.osMailGet), (22 bytes).
    Removing rt_cmsis.o(i.osMailPut), (20 bytes).
    Removing rt_cmsis.o(i.osMessageCreate), (48 bytes).
    Removing rt_cmsis.o(i.osMessagePut), (24 bytes).
    Removing rt_cmsis.o(i.osMutexCreate), (48 bytes).
    Removing rt_cmsis.o(i.osMutexDelete), (24 bytes).
    Removing rt_cmsis.o(i.osMutexRelease), (24 bytes).
    Removing rt_cmsis.o(i.osMutexWait), (24 bytes).
    Removing rt_cmsis.o(i.osPoolAlloc), (36 bytes).
    Removing rt_cmsis.o(i.osPoolCAlloc), (36 bytes).
    Removing rt_cmsis.o(i.osPoolCreate), (48 bytes).
    Removing rt_cmsis.o(i.osPoolFree), (32 bytes).
    Removing rt_cmsis.o(i.osSemaphoreCreate), (48 bytes).
    Removing rt_cmsis.o(i.osSemaphoreDelete), (24 bytes).
    Removing rt_cmsis.o(i.osSemaphoreRelease), (60 bytes).
    Removing rt_cmsis.o(i.osSemaphoreWait), (24 bytes).
    Removing rt_cmsis.o(i.osSignalClear), (24 bytes).
    Removing rt_cmsis.o(i.osSignalSet), (52 bytes).
    Removing rt_cmsis.o(i.osSignalWait), (24 bytes).
    Removing rt_cmsis.o(i.osThreadGetId), (24 bytes).
    Removing rt_cmsis.o(i.osThreadGetPriority), (24 bytes).
    Removing rt_cmsis.o(i.osThreadSetPriority), (24 bytes).
    Removing rt_cmsis.o(i.osThreadTerminate), (24 bytes).
    Removing rt_cmsis.o(i.osThreadYield), (24 bytes).
    Removing rt_cmsis.o(i.osTimerCreate), (52 bytes).
    Removing rt_cmsis.o(i.osTimerDelete), (24 bytes).
    Removing rt_cmsis.o(i.osTimerStart), (24 bytes).
    Removing rt_cmsis.o(i.osTimerStop), (24 bytes).
    Removing rt_cmsis.o(i.osWait), (4 bytes).
    Removing rt_cmsis.o(i.os_resume), (12 bytes).
    Removing rt_cmsis.o(i.os_suspend), (12 bytes).
    Removing rt_cmsis.o(i.rt_clr_box), (20 bytes).
    Removing rt_cmsis.o(i.rt_timer_remove), (60 bytes).
    Removing rt_cmsis.o(i.svcDelay), (20 bytes).
    Removing rt_cmsis.o(i.svcKernelRunning), (12 bytes).
    Removing rt_cmsis.o(i.svcKernelSysTick), (56 bytes).
    Removing rt_cmsis.o(i.svcMailCreate), (66 bytes).
    Removing rt_cmsis.o(i.svcMessagePut), (54 bytes).
    Removing rt_cmsis.o(i.svcMutexCreate), (28 bytes).
    Removing rt_cmsis.o(i.svcMutexDelete), (26 bytes).
    Removing rt_cmsis.o(i.svcMutexRelease), (34 bytes).
    Removing rt_cmsis.o(i.svcMutexWait), (54 bytes).
    Removing rt_cmsis.o(i.svcPoolCreate), (40 bytes).
    Removing rt_cmsis.o(i.svcSemaphoreCreate), (36 bytes).
    Removing rt_cmsis.o(i.svcSemaphoreDelete), (26 bytes).
    Removing rt_cmsis.o(i.svcSemaphoreRelease), (40 bytes).
    Removing rt_cmsis.o(i.svcSemaphoreWait), (50 bytes).
    Removing rt_cmsis.o(i.svcSignalClear), (36 bytes).
    Removing rt_cmsis.o(i.svcSignalSet), (36 bytes).
    Removing rt_cmsis.o(i.svcSignalWait), (84 bytes).
    Removing rt_cmsis.o(i.svcThreadGetPriority), (18 bytes).
    Removing rt_cmsis.o(i.svcThreadSetPriority), (46 bytes).
    Removing rt_cmsis.o(i.svcThreadYield), (10 bytes).
    Removing rt_cmsis.o(i.svcTimerCreate), (56 bytes).
    Removing rt_cmsis.o(i.svcTimerDelete), (40 bytes).
    Removing rt_cmsis.o(i.svcTimerStart), (72 bytes).
    Removing rt_cmsis.o(i.svcTimerStop), (36 bytes).
    Removing rt_cmsis.o(i.sysMailAlloc), (112 bytes).
    Removing rt_cmsis.o(i.sysMailFree), (96 bytes).
    Removing rt_cmsis.o(i.sysPoolAlloc), (32 bytes).
    Removing rt_cmsis.o(i.sysPoolFree), (20 bytes).
    Removing rt_cmsis.o(i.sysUserTimerUpdate), (48 bytes).
    Removing rt_cmsis.o(i.sysUserTimerWakeupTime), (20 bytes).
    Removing rt_task.o(i.rt_tsk_pass), (48 bytes).
    Removing rt_system.o(.emb_text), (0 bytes).
    Removing rt_system.o(i.os_tick_ovf), (16 bytes).
    Removing rt_system.o(i.os_tick_val), (20 bytes).
    Removing rt_system.o(i.rt_resume), (136 bytes).
    Removing rt_system.o(i.rt_suspend), (36 bytes).
    Removing rt_system.o(i.rt_tsk_lock), (80 bytes).
    Removing rt_system.o(i.rt_tsk_unlock), (80 bytes).
    Removing rt_event.o(i.isr_evt_set), (40 bytes).
    Removing rt_event.o(i.rt_evt_clr), (28 bytes).
    Removing rt_event.o(i.rt_evt_get), (12 bytes).
    Removing rt_event.o(i.rt_evt_set), (92 bytes).
    Removing rt_event.o(i.rt_evt_wait), (60 bytes).
    Removing rt_list.o(i.rt_get_same_rdy_prio), (36 bytes).
    Removing rt_mailbox.o(i.rt_mbx_send), (152 bytes).
    Removing rt_semaphore.o(i.isr_sem_send), (16 bytes).
    Removing rt_semaphore.o(i.rt_sem_delete), (92 bytes).
    Removing rt_semaphore.o(i.rt_sem_init), (12 bytes).
    Removing rt_semaphore.o(i.rt_sem_send), (42 bytes).
    Removing rt_semaphore.o(i.rt_sem_wait), (64 bytes).
    Removing rt_time.o(i.rt_dly_wait), (6 bytes).
    Removing rt_time.o(i.rt_itv_set), (24 bytes).
    Removing rt_time.o(i.rt_itv_wait), (44 bytes).
    Removing rt_time.o(i.rt_time_get), (12 bytes).
    Removing rt_mutex.o(i.rt_mut_delete), (176 bytes).
    Removing rt_mutex.o(i.rt_mut_init), (16 bytes).
    Removing rt_mutex.o(i.rt_mut_release), (216 bytes).
    Removing rt_mutex.o(i.rt_mut_wait), (104 bytes).
    Removing rt_membox.o(i._calloc_box), (30 bytes).

125 unused section(s) (total 7224 bytes) removed from the image.

==============================================================================

Image Symbol Table

    Local Symbols

    Symbol Name                              Value     Ov Type        Size  Object(Section)

    ../clib/microlib/division.c              0x00000000   Number         0  uldiv.o ABSOLUTE
    ../clib/microlib/division.c              0x00000000   Number         0  uidiv.o ABSOLUTE
    ../clib/microlib/init/entry.s            0x00000000   Number         0  entry.o ABSOLUTE
    ../clib/microlib/init/entry.s            0x00000000   Number         0  entry2.o ABSOLUTE
    ../clib/microlib/init/entry.s            0x00000000   Number         0  entry7b.o ABSOLUTE
    ../clib/microlib/init/entry.s            0x00000000   Number         0  entry10a.o ABSOLUTE
    ../clib/microlib/init/entry.s            0x00000000   Number         0  entry8b.o ABSOLUTE
    ../clib/microlib/init/entry.s            0x00000000   Number         0  entry8a.o ABSOLUTE
    ../clib/microlib/init/entry.s            0x00000000   Number         0  entry7a.o ABSOLUTE
    ../clib/microlib/init/entry.s            0x00000000   Number         0  entry5.o ABSOLUTE
    ../clib/microlib/init/entry.s            0x00000000   Number         0  entry11b.o ABSOLUTE
    ../clib/microlib/init/entry.s            0x00000000   Number         0  entry11a.o ABSOLUTE
    ../clib/microlib/init/entry.s            0x00000000   Number         0  entry10b.o ABSOLUTE
    ../clib/microlib/longlong.c              0x00000000   Number         0  llshl.o ABSOLUTE
    ../clib/microlib/longlong.c              0x00000000   Number         0  llushr.o ABSOLUTE
    ../clib/microlib/longlong.c              0x00000000   Number         0  llsshr.o ABSOLUTE
    ../clib/microlib/printf/printf.c         0x00000000   Number         0  printfb.o ABSOLUTE
    ../clib/microlib/printf/printf.c         0x00000000   Number         0  printf8.o ABSOLUTE
    ../clib/microlib/printf/printf.c         0x00000000   Number         0  printf0.o ABSOLUTE
    ../clib/microlib/printf/printf.c         0x00000000   Number         0  printf7.o ABSOLUTE
    ../clib/microlib/printf/printf.c         0x00000000   Number         0  printf1.o ABSOLUTE
    ../clib/microlib/printf/printf.c         0x00000000   Number         0  printf6.o ABSOLUTE
    ../clib/microlib/printf/printf.c         0x00000000   Number         0  printfa.o ABSOLUTE
    ../clib/microlib/printf/printf.c         0x00000000   Number         0  printf2.o ABSOLUTE
    ../clib/microlib/printf/printf.c         0x00000000   Number         0  printf5.o ABSOLUTE
    ../clib/microlib/printf/printf.c         0x00000000   Number         0  printf3.o ABSOLUTE
    ../clib/microlib/printf/printf.c         0x00000000   Number         0  printf4.o ABSOLUTE
    ../clib/microlib/printf/stubs.s          0x00000000   Number         0  stubs.o ABSOLUTE
    ../clib/microlib/stdio/fflush.c          0x00000000   Number         0  fflush.o ABSOLUTE
    ../clib/microlib/stdio/getc.c            0x00000000   Number         0  getc.o ABSOLUTE
    ../clib/microlib/stdio/putc.c            0x00000000   Number         0  putc.o ABSOLUTE
    ../clib/microlib/stdio/streams.c         0x00000000   Number         0  stdout.o ABSOLUTE
    ../clib/microlib/stdio/streams.c         0x00000000   Number         0  stdin.o ABSOLUTE
    ../clib/microlib/stubs.s                 0x00000000   Number         0  iusefp.o ABSOLUTE
    ../fplib/microlib/d2f.c                  0x00000000   Number         0  d2f.o ABSOLUTE
    ../fplib/microlib/f2d.c                  0x00000000   Number         0  f2d.o ABSOLUTE
    ../fplib/microlib/fpadd.c                0x00000000   Number         0  dadd.o ABSOLUTE
    ../fplib/microlib/fpdiv.c                0x00000000   Number         0  ddiv.o ABSOLUTE
    ../fplib/microlib/fpepilogue.c           0x00000000   Number         0  depilogue.o ABSOLUTE
    ../fplib/microlib/fpepilogue.c           0x00000000   Number         0  fepilogue.o ABSOLUTE
    ../fplib/microlib/fpfix.c                0x00000000   Number         0  dfixul.o ABSOLUTE
    ../fplib/microlib/fpflt.c                0x00000000   Number         0  dfltui.o ABSOLUTE
    ../fplib/microlib/fpmul.c                0x00000000   Number         0  dmul.o ABSOLUTE
    ..\HAL_CM.c                              0x00000000   Number         0  hal_cm.o ABSOLUTE
    ..\\rt_CMSIS.c                           0x00000000   Number         0  rt_cmsis.o ABSOLUTE
    ..\\rt_System.c                          0x00000000   Number         0  rt_system.o ABSOLUTE
    ..\rt_CMSIS.c                            0x00000000   Number         0  rt_cmsis.o ABSOLUTE
    ..\rt_Event.c                            0x00000000   Number         0  rt_event.o ABSOLUTE
    ..\rt_List.c                             0x00000000   Number         0  rt_list.o ABSOLUTE
    ..\rt_Mailbox.c                          0x00000000   Number         0  rt_mailbox.o ABSOLUTE
    ..\rt_MemBox.c                           0x00000000   Number         0  rt_membox.o ABSOLUTE
    ..\rt_Memory.c                           0x00000000   Number         0  rt_memory.o ABSOLUTE
    ..\rt_Mutex.c                            0x00000000   Number         0  rt_mutex.o ABSOLUTE
    ..\rt_Robin.c                            0x00000000   Number         0  rt_robin.o ABSOLUTE
    ..\rt_Semaphore.c                        0x00000000   Number         0  rt_semaphore.o ABSOLUTE
    ..\rt_System.c                           0x00000000   Number         0  rt_system.o ABSOLUTE
    ..\rt_Task.c                             0x00000000   Number         0  rt_task.o ABSOLUTE
    ..\rt_Time.c                             0x00000000   Number         0  rt_time.o ABSOLUTE
    C:\Keil_v5\ARM\PACK\Keil\STM32F1xx_DFP\1.0.5\Device\StdPeriph_Driver\src\misc.c 0x00000000   Number         0  misc.o ABSOLUTE
    C:\Keil_v5\ARM\PACK\Keil\STM32F1xx_DFP\1.0.5\Device\StdPeriph_Driver\src\stm32f10x_adc.c 0x00000000   Number         0  stm32f10x_adc.o ABSOLUTE
    C:\Keil_v5\ARM\PACK\Keil\STM32F1xx_DFP\1.0.5\Device\StdPeriph_Driver\src\stm32f10x_dma.c 0x00000000   Number         0  stm32f10x_dma.o ABSOLUTE
    C:\Keil_v5\ARM\PACK\Keil\STM32F1xx_DFP\1.0.5\Device\StdPeriph_Driver\src\stm32f10x_gpio.c 0x00000000   Number         0  stm32f10x_gpio.o ABSOLUTE
    C:\Keil_v5\ARM\PACK\Keil\STM32F1xx_DFP\1.0.5\Device\StdPeriph_Driver\src\stm32f10x_rcc.c 0x00000000   Number         0  stm32f10x_rcc.o ABSOLUTE
    C:\Keil_v5\ARM\PACK\Keil\STM32F1xx_DFP\1.0.5\Device\StdPeriph_Driver\src\stm32f10x_usart.c 0x00000000   Number         0  stm32f10x_usart.o ABSOLUTE
    C:\Keil_v5\ARM\PACK\Keil\STM32F1xx_DFP\1.0.5\RTE_Driver\DMA_STM32F10x.c 0x00000000   Number         0  dma_stm32f10x.o ABSOLUTE
    C:\Keil_v5\ARM\PACK\Keil\STM32F1xx_DFP\1.0.5\RTE_Driver\GPIO_STM32F10x.c 0x00000000   Number         0  gpio_stm32f10x.o ABSOLUTE
    C:\\Keil_v5\\ARM\\PACK\\Keil\\STM32F1xx_DFP\\1.0.5\\Device\\StdPeriph_Driver\\src\\misc.c 0x00000000   Number         0  misc.o ABSOLUTE
    C:\\Keil_v5\\ARM\\PACK\\Keil\\STM32F1xx_DFP\\1.0.5\\Device\\StdPeriph_Driver\\src\\stm32f10x_adc.c 0x00000000   Number         0  stm32f10x_adc.o ABSOLUTE
    C:\\Keil_v5\\ARM\\PACK\\Keil\\STM32F1xx_DFP\\1.0.5\\Device\\StdPeriph_Driver\\src\\stm32f10x_dma.c 0x00000000   Number         0  stm32f10x_dma.o ABSOLUTE
    C:\\Keil_v5\\ARM\\PACK\\Keil\\STM32F1xx_DFP\\1.0.5\\Device\\StdPeriph_Driver\\src\\stm32f10x_gpio.c 0x00000000   Number         0  stm32f10x_gpio.o ABSOLUTE
    C:\\Keil_v5\\ARM\\PACK\\Keil\\STM32F1xx_DFP\\1.0.5\\Device\\StdPeriph_Driver\\src\\stm32f10x_rcc.c 0x00000000   Number         0  stm32f10x_rcc.o ABSOLUTE
    C:\\Keil_v5\\ARM\\PACK\\Keil\\STM32F1xx_DFP\\1.0.5\\Device\\StdPeriph_Driver\\src\\stm32f10x_usart.c 0x00000000   Number         0  stm32f10x_usart.o ABSOLUTE
    C:\\Keil_v5\\ARM\\PACK\\Keil\\STM32F1xx_DFP\\1.0.5\\RTE_Driver\\DMA_STM32F10x.c 0x00000000   Number         0  dma_stm32f10x.o ABSOLUTE
    C:\\Keil_v5\\ARM\\PACK\\Keil\\STM32F1xx_DFP\\1.0.5\\RTE_Driver\\GPIO_STM32F10x.c 0x00000000   Number         0  gpio_stm32f10x.o ABSOLUTE
    HAL_CM3.c                                0x00000000   Number         0  hal_cm3.o ABSOLUTE
    HAL_CM3.c                                0x00000000   Number         0  hal_cm3.o ABSOLUTE
    RTE\CMSIS\RTX_Conf_CM.c                  0x00000000   Number         0  rtx_conf_cm.o ABSOLUTE
    RTE\Device\STM32F103VE\startup_stm32f10x_hd.s 0x00000000   Number         0  startup_stm32f10x_hd.o ABSOLUTE
    RTE\Device\STM32F103VE\system_stm32f10x.c 0x00000000   Number         0  system_stm32f10x.o ABSOLUTE
    RTE\\Device\\STM32F103VE\\system_stm32f10x.c 0x00000000   Number         0  system_stm32f10x.o ABSOLUTE
    SVC_Table.s                              0x00000000   Number         0  svc_table.o ABSOLUTE
    Source\Getline.c                         0x00000000   Number         0  getline.o ABSOLUTE
    Source\Main.c                            0x00000000   Number         0  main.o ABSOLUTE
    Source\\Main.c                           0x00000000   Number         0  main.o ABSOLUTE
    cdrcmple.s                               0x00000000   Number         0  cdrcmple.o ABSOLUTE
    dc.s                                     0x00000000   Number         0  dc.o ABSOLUTE
    handlers.s                               0x00000000   Number         0  handlers.o ABSOLUTE
    init.s                                   0x00000000   Number         0  init.o ABSOLUTE
    RESET                                    0x08000000   Section      304  startup_stm32f10x_hd.o(RESET)
    .ARM.Collect$$$$00000000                 0x08000130   Section        0  entry.o(.ARM.Collect$$$$00000000)
    .ARM.Collect$$$$00000001                 0x08000130   Section        4  entry2.o(.ARM.Collect$$$$00000001)
    .ARM.Collect$$$$00000004                 0x08000134   Section        4  entry5.o(.ARM.Collect$$$$00000004)
    .ARM.Collect$$$$00000008                 0x08000138   Section        0  entry7b.o(.ARM.Collect$$$$00000008)
    .ARM.Collect$$$$0000000A                 0x08000138   Section        0  entry8b.o(.ARM.Collect$$$$0000000A)
    .ARM.Collect$$$$0000000D                 0x08000138   Section        0  entry10a.o(.ARM.Collect$$$$0000000D)
    .ARM.Collect$$$$0000000F                 0x08000138   Section        0  entry11a.o(.ARM.Collect$$$$0000000F)
    .ARM.Collect$$$$000000FF                 0x08000138   Section        0  rtx_conf_cm.o(.ARM.Collect$$$$000000FF)
    .ARM.Collect$$$$00002712                 0x08000150   Section        4  entry2.o(.ARM.Collect$$$$00002712)
    __lit__00000000                          0x08000150   Data           4  entry2.o(.ARM.Collect$$$$00002712)
    .emb_text                                0x08000154   Section      304  hal_cm3.o(.emb_text)
    .text                                    0x08000284   Section        0  main.o(.text)
    .text                                    0x08000530   Section        0  rtx_conf_cm.o(.text)
    .text                                    0x08000550   Section        0  stm32f10x_gpio.o(.text)
    .text                                    0x080008ac   Section        0  stm32f10x_rcc.o(.text)
    .text                                    0x08000c50   Section        0  stm32f10x_usart.o(.text)
    .text                                    0x08001058   Section       36  startup_stm32f10x_hd.o(.text)
    .text                                    0x0800107c   Section        0  system_stm32f10x.o(.text)
    SetSysClockTo72                          0x0800107d   Thumb Code   214  system_stm32f10x.o(.text)
    SetSysClock                              0x08001153   Thumb Code     8  system_stm32f10x.o(.text)
    .text                                    0x0800125c   Section        0  stm32f10x_adc.o(.text)
    .text                                    0x080016ac   Section        0  dma_stm32f10x.o(.text)
    NVIC_EnableIRQ                           0x08001b15   Thumb Code    22  dma_stm32f10x.o(.text)
    NVIC_DisableIRQ                          0x08001b2b   Thumb Code    18  dma_stm32f10x.o(.text)
    NVIC_ClearPendingIRQ                     0x08001b3d   Thumb Code    18  dma_stm32f10x.o(.text)
    .text                                    0x08001b5c   Section        0  stm32f10x_dma.o(.text)
    .text                                    0x08001db0   Section        0  dadd.o(.text)
    .text                                    0x08001efe   Section        0  dmul.o(.text)
    .text                                    0x08001fe2   Section        0  ddiv.o(.text)
    .text                                    0x080020c0   Section        0  dfltui.o(.text)
    .text                                    0x080020da   Section        0  f2d.o(.text)
    .text                                    0x08002100   Section        0  d2f.o(.text)
    .text                                    0x08002138   Section        0  uidiv.o(.text)
    .text                                    0x08002164   Section        0  uldiv.o(.text)
    .text                                    0x080021c6   Section        0  llshl.o(.text)
    .text                                    0x080021e4   Section        0  llsshr.o(.text)
    .text                                    0x08002208   Section        0  iusefp.o(.text)
    .text                                    0x08002208   Section        0  fepilogue.o(.text)
    .text                                    0x08002276   Section        0  depilogue.o(.text)
    .text                                    0x0800232c   Section        0  dfixul.o(.text)
    .text                                    0x0800235c   Section       40  cdrcmple.o(.text)
    .text                                    0x08002384   Section       36  init.o(.text)
    .text                                    0x080023a8   Section        0  llushr.o(.text)
    SVC_TABLE                                0x080023c8   Section        4  svc_table.o(SVC_TABLE)
    i.__0printf                              0x080023cc   Section        0  printfa.o(i.__0printf)
    i.__scatterload_copy                     0x080023ec   Section       14  handlers.o(i.__scatterload_copy)
    i.__scatterload_null                     0x080023fa   Section        2  handlers.o(i.__scatterload_null)
    i.__scatterload_zeroinit                 0x080023fc   Section       14  handlers.o(i.__scatterload_zeroinit)
    i._fp_digits                             0x0800240c   Section        0  printfa.o(i._fp_digits)
    _fp_digits                               0x0800240d   Thumb Code   334  printfa.o(i._fp_digits)
    i._init_box                              0x08002570   Section        0  rt_membox.o(i._init_box)
    i._printf_core                           0x080025b8   Section        0  printfa.o(i._printf_core)
    _printf_core                             0x080025b9   Thumb Code  1744  printfa.o(i._printf_core)
    i._printf_post_padding                   0x08002c94   Section        0  printfa.o(i._printf_post_padding)
    _printf_post_padding                     0x08002c95   Thumb Code    36  printfa.o(i._printf_post_padding)
    i._printf_pre_padding                    0x08002cb8   Section        0  printfa.o(i._printf_pre_padding)
    _printf_pre_padding                      0x08002cb9   Thumb Code    46  printfa.o(i._printf_pre_padding)
    i.dbg_init                               0x08002ce8   Section        0  hal_cm.o(i.dbg_init)
    i.dbg_task_notify                        0x08002d18   Section        0  hal_cm.o(i.dbg_task_notify)
    i.dbg_task_switch                        0x08002d38   Section        0  hal_cm.o(i.dbg_task_switch)
    i.isrMessagePut                          0x08002d48   Section        0  rt_cmsis.o(i.isrMessagePut)
    isrMessagePut                            0x08002d49   Thumb Code    44  rt_cmsis.o(i.isrMessagePut)
    i.isr_mbx_receive                        0x08002d74   Section        0  rt_mailbox.o(i.isr_mbx_receive)
    i.isr_mbx_send                           0x08002dc4   Section        0  rt_mailbox.o(i.isr_mbx_send)
    i.osKernelInitialize                     0x08002dd4   Section        0  rt_cmsis.o(i.osKernelInitialize)
    i.osKernelStart                          0x08002df8   Section        0  rt_cmsis.o(i.osKernelStart)
    i.osMessageGet                           0x08002e64   Section        0  rt_cmsis.o(i.osMessageGet)
    i.osThreadCreate                         0x08002ea8   Section        0  rt_cmsis.o(i.osThreadCreate)
    i.osThreadExit                           0x08002ed8   Section        0  rt_cmsis.o(i.osThreadExit)
    i.osTimerCall                            0x08002ef0   Section        0  rt_cmsis.o(i.osTimerCall)
    i.osTimerThread                          0x08002efc   Section        0  rt_cmsis.o(i.osTimerThread)
    i.os_tick_init                           0x08002f28   Section        0  rt_system.o(i.os_tick_init)
    i.os_tick_irqack                         0x08002f50   Section        0  rt_system.o(i.os_tick_irqack)
    i.rt_alloc_box                           0x08002f52   Section        0  rt_membox.o(i.rt_alloc_box)
    i.rt_alloc_mem                           0x08002f6c   Section        0  rt_memory.o(i.rt_alloc_mem)
    i.rt_block                               0x08002fa8   Section        0  rt_task.o(i.rt_block)
    i.rt_chk_robin                           0x08002fe0   Section        0  rt_robin.o(i.rt_chk_robin)
    i.rt_dec_dly                             0x08003028   Section        0  rt_list.o(i.rt_dec_dly)
    i.rt_dispatch                            0x08003098   Section        0  rt_task.o(i.rt_dispatch)
    i.rt_evt_psh                             0x080030dc   Section        0  rt_event.o(i.rt_evt_psh)
    i.rt_free_box                            0x0800312c   Section        0  rt_membox.o(i.rt_free_box)
    i.rt_free_mem                            0x0800314c   Section        0  rt_memory.o(i.rt_free_mem)
    i.rt_get_first                           0x08003174   Section        0  rt_list.o(i.rt_get_first)
    i.rt_id2obj                              0x0800319c   Section        0  rt_cmsis.o(i.rt_id2obj)
    rt_id2obj                                0x0800319d   Thumb Code     8  rt_cmsis.o(i.rt_id2obj)
    i.rt_init_context                        0x080031a4   Section        0  rt_task.o(i.rt_init_context)
    rt_init_context                          0x080031a5   Thumb Code    66  rt_task.o(i.rt_init_context)
    i.rt_init_mem                            0x080031ec   Section        0  rt_memory.o(i.rt_init_mem)
    i.rt_init_robin                          0x08003208   Section        0  rt_robin.o(i.rt_init_robin)
    i.rt_init_stack                          0x08003220   Section        0  hal_cm.o(i.rt_init_stack)
    i.rt_mbx_check                           0x08003270   Section        0  rt_mailbox.o(i.rt_mbx_check)
    i.rt_mbx_init                            0x08003278   Section        0  rt_mailbox.o(i.rt_mbx_init)
    i.rt_mbx_psh                             0x08003294   Section        0  rt_mailbox.o(i.rt_mbx_psh)
    i.rt_mbx_wait                            0x08003384   Section        0  rt_mailbox.o(i.rt_mbx_wait)
    i.rt_ms2tick                             0x08003434   Section        0  rt_cmsis.o(i.rt_ms2tick)
    rt_ms2tick                               0x08003435   Thumb Code    50  rt_cmsis.o(i.rt_ms2tick)
    i.rt_pop_req                             0x08003470   Section        0  rt_system.o(i.rt_pop_req)
    i.rt_psh_req                             0x080034ec   Section        0  rt_system.o(i.rt_psh_req)
    i.rt_psq_enq                             0x0800350c   Section        0  rt_list.o(i.rt_psq_enq)
    i.rt_put_dly                             0x08003564   Section        0  rt_list.o(i.rt_put_dly)
    i.rt_put_prio                            0x080035ac   Section        0  rt_list.o(i.rt_put_prio)
    i.rt_put_rdy_first                       0x080035e4   Section        0  rt_list.o(i.rt_put_rdy_first)
    i.rt_resort_prio                         0x080035f8   Section        0  rt_list.o(i.rt_resort_prio)
    i.rt_ret_val                             0x0800362c   Section        0  hal_cm.o(i.rt_ret_val)
    i.rt_ret_val2                            0x08003632   Section        0  hal_cm.o(i.rt_ret_val2)
    i.rt_rmv_dly                             0x0800363a   Section        0  rt_list.o(i.rt_rmv_dly)
    i.rt_rmv_list                            0x08003664   Section        0  rt_list.o(i.rt_rmv_list)
    i.rt_sem_psh                             0x08003694   Section        0  rt_semaphore.o(i.rt_sem_psh)
    i.rt_stk_check                           0x080036c8   Section        0  rt_system.o(i.rt_stk_check)
    i.rt_switch_req                          0x080036ec   Section        0  rt_task.o(i.rt_switch_req)
    i.rt_sys_init                            0x08003714   Section        0  rt_task.o(i.rt_sys_init)
    i.rt_sys_start                           0x08003820   Section        0  rt_task.o(i.rt_sys_start)
    i.rt_systick                             0x08003854   Section        0  rt_system.o(i.rt_systick)
    i.rt_tid2ptcb                            0x08003894   Section        0  rt_cmsis.o(i.rt_tid2ptcb)
    rt_tid2ptcb                              0x08003895   Thumb Code    18  rt_cmsis.o(i.rt_tid2ptcb)
    i.rt_timer_insert                        0x080038a8   Section        0  rt_cmsis.o(i.rt_timer_insert)
    rt_timer_insert                          0x080038a9   Thumb Code    50  rt_cmsis.o(i.rt_timer_insert)
    i.rt_tsk_create                          0x080038e0   Section        0  rt_task.o(i.rt_tsk_create)
    i.rt_tsk_delete                          0x08003964   Section        0  rt_task.o(i.rt_tsk_delete)
    i.rt_tsk_prio                            0x08003ad8   Section        0  rt_task.o(i.rt_tsk_prio)
    i.rt_tsk_self                            0x08003b54   Section        0  rt_task.o(i.rt_tsk_self)
    i.svcKernelInitialize                    0x08003b64   Section        0  rt_cmsis.o(i.svcKernelInitialize)
    i.svcKernelStart                         0x08003bd4   Section        0  rt_cmsis.o(i.svcKernelStart)
    i.svcMessageCreate                       0x08003c1c   Section        0  rt_cmsis.o(i.svcMessageCreate)
    i.svcMessageGet                          0x08003c40   Section        0  rt_cmsis.o(i.svcMessageGet)
    i.svcThreadCreate                        0x08003c7c   Section        0  rt_cmsis.o(i.svcThreadCreate)
    i.svcThreadGetId                         0x08003cec   Section        0  rt_cmsis.o(i.svcThreadGetId)
    i.svcThreadTerminate                     0x08003d08   Section        0  rt_cmsis.o(i.svcThreadTerminate)
    i.svcTimerCall                           0x08003d40   Section        0  rt_cmsis.o(i.svcTimerCall)
    i.sysTimerTick                           0x08003d58   Section        0  rt_cmsis.o(i.sysTimerTick)
    .constdata                               0x08003dac   Section       86  rtx_conf_cm.o(.constdata)
    __tagsym$$used                           0x08003dc8   Number         0  rtx_conf_cm.o(.constdata)
    __tagsym$$used                           0x08003dcc   Number         0  rtx_conf_cm.o(.constdata)
    __tagsym$$used                           0x08003dd0   Number         0  rtx_conf_cm.o(.constdata)
    __tagsym$$used                           0x08003dd4   Number         0  rtx_conf_cm.o(.constdata)
    .data                                    0x20000000   Section       12  main.o(.data)
    .data                                    0x2000000c   Section       32  rtx_conf_cm.o(.data)
    .data                                    0x2000002c   Section       20  stm32f10x_rcc.o(.data)
    APBAHBPrescTable                         0x2000002c   Data          16  stm32f10x_rcc.o(.data)
    ADCPrescTable                            0x2000003c   Data           4  stm32f10x_rcc.o(.data)
    .data                                    0x20000040   Section       20  system_stm32f10x.o(.data)
    .data                                    0x20000054   Section        2  dma_stm32f10x.o(.data)
    DMA1_Channel                             0x20000054   Data           1  dma_stm32f10x.o(.data)
    DMA2_Channel                             0x20000055   Data           1  dma_stm32f10x.o(.data)
    .data                                    0x20000058   Section        8  rt_cmsis.o(.data)
    .data                                    0x20000060   Section        8  rt_task.o(.data)
    .data                                    0x20000068   Section        8  rt_system.o(.data)
    os_lock                                  0x20000068   Data           1  rt_system.o(.data)
    os_psh_flag                              0x20000069   Data           1  rt_system.o(.data)
    pend_flags                               0x2000006a   Data           1  rt_system.o(.data)
    .data                                    0x20000070   Section        4  rt_time.o(.data)
    .data                                    0x20000074   Section        1  hal_cm.o(.data)
    .data                                    0x20000078   Section        8  rt_robin.o(.data)
    .data                                    0x20000080   Section        4  stdout.o(.data)
    .bss                                     0x20000084   Section       16  main.o(.bss)
    .bss                                     0x20000098   Section     2216  rtx_conf_cm.o(.bss)
    .bss                                     0x20000940   Section       52  rt_task.o(.bss)
    .bss                                     0x20000974   Section       48  rt_list.o(.bss)
    STACK                                    0x200009a8   Section     1024  startup_stm32f10x_hd.o(STACK)

    Global Symbols

    Symbol Name                              Value     Ov Type        Size  Object(Section)

    BuildAttributes$$THM_ISAv4$P$D$K$B$S$PE$A:L22UL41UL21$X:L11$S22US41US21$IEEE1$IW$USESV6$~STKCKD$USESV7$~SHL$OTIME$ROPI$EBA8$MICROLIB$REQ8$PRES8$EABIv2 0x00000000   Number         0  anon$$obj.o ABSOLUTE
    __ARM_use_no_argv                        0x00000000   Number         0  main.o ABSOLUTE
    _printf_a                                0x00000000   Number         0  stubs.o ABSOLUTE
    _printf_c                                0x00000000   Number         0  stubs.o ABSOLUTE
    _printf_charcount                        0x00000000   Number         0  stubs.o ABSOLUTE
    _printf_d                                0x00000000   Number         0  stubs.o ABSOLUTE
    _printf_e                                0x00000000   Number         0  stubs.o ABSOLUTE
    _printf_f                                0x00000000   Number         0  stubs.o ABSOLUTE
    _printf_flags                            0x00000000   Number         0  stubs.o ABSOLUTE
    _printf_fp_dec                           0x00000000   Number         0  stubs.o ABSOLUTE
    _printf_fp_hex                           0x00000000   Number         0  stubs.o ABSOLUTE
    _printf_g                                0x00000000   Number         0  stubs.o ABSOLUTE
    _printf_i                                0x00000000   Number         0  stubs.o ABSOLUTE
    _printf_int_dec                          0x00000000   Number         0  stubs.o ABSOLUTE
    _printf_l                                0x00000000   Number         0  stubs.o ABSOLUTE
    _printf_lc                               0x00000000   Number         0  stubs.o ABSOLUTE
    _printf_ll                               0x00000000   Number         0  stubs.o ABSOLUTE
    _printf_lld                              0x00000000   Number         0  stubs.o ABSOLUTE
    _printf_lli                              0x00000000   Number         0  stubs.o ABSOLUTE
    _printf_llo                              0x00000000   Number         0  stubs.o ABSOLUTE
    _printf_llu                              0x00000000   Number         0  stubs.o ABSOLUTE
    _printf_llx                              0x00000000   Number         0  stubs.o ABSOLUTE
    _printf_longlong_dec                     0x00000000   Number         0  stubs.o ABSOLUTE
    _printf_longlong_hex                     0x00000000   Number         0  stubs.o ABSOLUTE
    _printf_longlong_oct                     0x00000000   Number         0  stubs.o ABSOLUTE
    _printf_ls                               0x00000000   Number         0  stubs.o ABSOLUTE
    _printf_mbtowc                           0x00000000   Number         0  stubs.o ABSOLUTE
    _printf_n                                0x00000000   Number         0  stubs.o ABSOLUTE
    _printf_o                                0x00000000   Number         0  stubs.o ABSOLUTE
    _printf_p                                0x00000000   Number         0  stubs.o ABSOLUTE
    _printf_percent                          0x00000000   Number         0  stubs.o ABSOLUTE
    _printf_pre_padding                      0x00000000   Number         0  stubs.o ABSOLUTE
    _printf_return_value                     0x00000000   Number         0  stubs.o ABSOLUTE
    _printf_s                                0x00000000   Number         0  stubs.o ABSOLUTE
    _printf_sizespec                         0x00000000   Number         0  stubs.o ABSOLUTE
    _printf_str                              0x00000000   Number         0  stubs.o ABSOLUTE
    _printf_truncate_signed                  0x00000000   Number         0  stubs.o ABSOLUTE
    _printf_truncate_unsigned                0x00000000   Number         0  stubs.o ABSOLUTE
    _printf_u                                0x00000000   Number         0  stubs.o ABSOLUTE
    _printf_wc                               0x00000000   Number         0  stubs.o ABSOLUTE
    _printf_wctomb                           0x00000000   Number         0  stubs.o ABSOLUTE
    _printf_widthprec                        0x00000000   Number         0  stubs.o ABSOLUTE
    _printf_x                                0x00000000   Number         0  stubs.o ABSOLUTE
    __cpp_initialize__aeabi_                  - Undefined Weak Reference
    __cxa_finalize                            - Undefined Weak Reference
    __decompress                              - Undefined Weak Reference
    _clock_init                               - Undefined Weak Reference
    _microlib_exit                            - Undefined Weak Reference
    __Vectors_Size                           0x00000130   Number         0  startup_stm32f10x_hd.o ABSOLUTE
    __RL_RTX_VER                             0x00000473   Number         0  rt_system.o ABSOLUTE
    __Vectors                                0x08000000   Data           4  startup_stm32f10x_hd.o(RESET)
    __Vectors_End                            0x08000130   Data           0  startup_stm32f10x_hd.o(RESET)
    __main                                   0x08000131   Thumb Code     0  entry.o(.ARM.Collect$$$$00000000)
    _main_stk                                0x08000131   Thumb Code     0  entry2.o(.ARM.Collect$$$$00000001)
    _main_scatterload                        0x08000135   Thumb Code     0  entry5.o(.ARM.Collect$$$$00000004)
    __main_after_scatterload                 0x08000139   Thumb Code     0  entry5.o(.ARM.Collect$$$$00000004)
    __rt_final_cpp                           0x08000139   Thumb Code     0  entry10a.o(.ARM.Collect$$$$0000000D)
    __rt_final_exit                          0x08000139   Thumb Code     0  entry11a.o(.ARM.Collect$$$$0000000F)
    _main_clock                              0x08000139   Thumb Code     0  entry7b.o(.ARM.Collect$$$$00000008)
    _main_cpp_init                           0x08000139   Thumb Code     0  entry8b.o(.ARM.Collect$$$$0000000A)
    _main_init                               0x08000139   Thumb Code    18  rtx_conf_cm.o(.ARM.Collect$$$$000000FF)
    rt_set_PSP                               0x08000155   Thumb Code     6  hal_cm3.o(.emb_text)
    rt_get_PSP                               0x0800015b   Thumb Code     6  hal_cm3.o(.emb_text)
    os_set_env                               0x08000161   Thumb Code    24  hal_cm3.o(.emb_text)
    _alloc_box                               0x0800017d   Thumb Code    28  hal_cm3.o(.emb_text)
    _free_box                                0x0800019d   Thumb Code    28  hal_cm3.o(.emb_text)
    SVC_Handler                              0x080001bd   Thumb Code   108  hal_cm3.o(.emb_text)
    PendSV_Handler                           0x08000235   Thumb Code    56  hal_cm3.o(.emb_text)
    SysTick_Handler                          0x08000271   Thumb Code     8  hal_cm3.o(.emb_text)
    OS_Tick_Handler                          0x08000279   Thumb Code    12  hal_cm3.o(.emb_text)
    Delay                                    0x08000285   Thumb Code    18  main.o(.text)
    DMA_Configuration                        0x08000297   Thumb Code    82  main.o(.text)
    ADC_Configuration                        0x080002e9   Thumb Code   164  main.o(.text)
    UART_Configuration                       0x0800038d   Thumb Code    90  main.o(.text)
    main                                     0x080003e7   Thumb Code   144  main.o(.text)
    fgetc                                    0x08000477   Thumb Code    32  main.o(.text)
    fputc                                    0x08000497   Thumb Code    32  main.o(.text)
    os_idle_demon                            0x08000531   Thumb Code     4  rtx_conf_cm.o(.text)
    os_error                                 0x08000535   Thumb Code    26  rtx_conf_cm.o(.text)
    GPIO_DeInit                              0x08000551   Thumb Code   172  stm32f10x_gpio.o(.text)
    GPIO_AFIODeInit                          0x080005fd   Thumb Code    20  stm32f10x_gpio.o(.text)
    GPIO_Init                                0x08000611   Thumb Code   278  stm32f10x_gpio.o(.text)
    GPIO_StructInit                          0x08000727   Thumb Code    16  stm32f10x_gpio.o(.text)
    GPIO_ReadInputDataBit                    0x08000737   Thumb Code    18  stm32f10x_gpio.o(.text)
    GPIO_ReadInputData                       0x08000749   Thumb Code     8  stm32f10x_gpio.o(.text)
    GPIO_ReadOutputDataBit                   0x08000751   Thumb Code    18  stm32f10x_gpio.o(.text)
    GPIO_ReadOutputData                      0x08000763   Thumb Code     8  stm32f10x_gpio.o(.text)
    GPIO_SetBits                             0x0800076b   Thumb Code     4  stm32f10x_gpio.o(.text)
    GPIO_ResetBits                           0x0800076f   Thumb Code     4  stm32f10x_gpio.o(.text)
    GPIO_WriteBit                            0x08000773   Thumb Code    10  stm32f10x_gpio.o(.text)
    GPIO_Write                               0x0800077d   Thumb Code     4  stm32f10x_gpio.o(.text)
    GPIO_PinLockConfig                       0x08000781   Thumb Code    18  stm32f10x_gpio.o(.text)
    GPIO_EventOutputConfig                   0x08000793   Thumb Code    26  stm32f10x_gpio.o(.text)
    GPIO_EventOutputCmd                      0x080007ad   Thumb Code     6  stm32f10x_gpio.o(.text)
    GPIO_PinRemapConfig                      0x080007b3   Thumb Code   138  stm32f10x_gpio.o(.text)
    GPIO_EXTILineConfig                      0x0800083d   Thumb Code    66  stm32f10x_gpio.o(.text)
    GPIO_ETH_MediaInterfaceConfig            0x0800087f   Thumb Code     8  stm32f10x_gpio.o(.text)
    RCC_DeInit                               0x080008ad   Thumb Code    64  stm32f10x_rcc.o(.text)
    RCC_HSEConfig                            0x080008ed   Thumb Code    70  stm32f10x_rcc.o(.text)
    RCC_GetFlagStatus                        0x08000933   Thumb Code    56  stm32f10x_rcc.o(.text)
    RCC_WaitForHSEStartUp                    0x0800096b   Thumb Code    56  stm32f10x_rcc.o(.text)
    RCC_AdjustHSICalibrationValue            0x080009a3   Thumb Code    20  stm32f10x_rcc.o(.text)
    RCC_HSICmd                               0x080009b7   Thumb Code     6  stm32f10x_rcc.o(.text)
    RCC_PLLConfig                            0x080009bd   Thumb Code    24  stm32f10x_rcc.o(.text)
    RCC_PLLCmd                               0x080009d5   Thumb Code     6  stm32f10x_rcc.o(.text)
    RCC_SYSCLKConfig                         0x080009db   Thumb Code    18  stm32f10x_rcc.o(.text)
    RCC_GetSYSCLKSource                      0x080009ed   Thumb Code    10  stm32f10x_rcc.o(.text)
    RCC_HCLKConfig                           0x080009f7   Thumb Code    18  stm32f10x_rcc.o(.text)
    RCC_PCLK1Config                          0x08000a09   Thumb Code    18  stm32f10x_rcc.o(.text)
    RCC_PCLK2Config                          0x08000a1b   Thumb Code    20  stm32f10x_rcc.o(.text)
    RCC_ITConfig                             0x08000a2f   Thumb Code    26  stm32f10x_rcc.o(.text)
    RCC_USBCLKConfig                         0x08000a49   Thumb Code     8  stm32f10x_rcc.o(.text)
    RCC_ADCCLKConfig                         0x08000a51   Thumb Code    18  stm32f10x_rcc.o(.text)
    RCC_LSEConfig                            0x08000a63   Thumb Code    50  stm32f10x_rcc.o(.text)
    RCC_LSICmd                               0x08000a95   Thumb Code     6  stm32f10x_rcc.o(.text)
    RCC_RTCCLKConfig                         0x08000a9b   Thumb Code    12  stm32f10x_rcc.o(.text)
    RCC_RTCCLKCmd                            0x08000aa7   Thumb Code     8  stm32f10x_rcc.o(.text)
    RCC_GetClocksFreq                        0x08000aaf   Thumb Code   192  stm32f10x_rcc.o(.text)
    RCC_AHBPeriphClockCmd                    0x08000b6f   Thumb Code    26  stm32f10x_rcc.o(.text)
    RCC_APB2PeriphClockCmd                   0x08000b89   Thumb Code    26  stm32f10x_rcc.o(.text)
    RCC_APB1PeriphClockCmd                   0x08000ba3   Thumb Code    26  stm32f10x_rcc.o(.text)
    RCC_APB2PeriphResetCmd                   0x08000bbd   Thumb Code    26  stm32f10x_rcc.o(.text)
    RCC_APB1PeriphResetCmd                   0x08000bd7   Thumb Code    26  stm32f10x_rcc.o(.text)
    RCC_BackupResetCmd                       0x08000bf1   Thumb Code     8  stm32f10x_rcc.o(.text)
    RCC_ClockSecuritySystemCmd               0x08000bf9   Thumb Code     6  stm32f10x_rcc.o(.text)
    RCC_MCOConfig                            0x08000bff   Thumb Code     6  stm32f10x_rcc.o(.text)
    RCC_ClearFlag                            0x08000c05   Thumb Code    14  stm32f10x_rcc.o(.text)
    RCC_GetITStatus                          0x08000c13   Thumb Code    20  stm32f10x_rcc.o(.text)
    RCC_ClearITPendingBit                    0x08000c27   Thumb Code     6  stm32f10x_rcc.o(.text)
    USART_DeInit                             0x08000c51   Thumb Code   134  stm32f10x_usart.o(.text)
    USART_Init                               0x08000cd7   Thumb Code   210  stm32f10x_usart.o(.text)
    USART_StructInit                         0x08000da9   Thumb Code    24  stm32f10x_usart.o(.text)
    USART_ClockInit                          0x08000dc1   Thumb Code    34  stm32f10x_usart.o(.text)
    USART_ClockStructInit                    0x08000de3   Thumb Code    12  stm32f10x_usart.o(.text)
    USART_Cmd                                0x08000def   Thumb Code    24  stm32f10x_usart.o(.text)
    USART_ITConfig                           0x08000e07   Thumb Code    74  stm32f10x_usart.o(.text)
    USART_DMACmd                             0x08000e51   Thumb Code    18  stm32f10x_usart.o(.text)
    USART_SetAddress                         0x08000e63   Thumb Code    18  stm32f10x_usart.o(.text)
    USART_WakeUpConfig                       0x08000e75   Thumb Code    18  stm32f10x_usart.o(.text)
    USART_ReceiverWakeUpCmd                  0x08000e87   Thumb Code    24  stm32f10x_usart.o(.text)
    USART_LINBreakDetectLengthConfig         0x08000e9f   Thumb Code    18  stm32f10x_usart.o(.text)
    USART_LINCmd                             0x08000eb1   Thumb Code    24  stm32f10x_usart.o(.text)
    USART_SendData                           0x08000ec9   Thumb Code     8  stm32f10x_usart.o(.text)
    USART_ReceiveData                        0x08000ed1   Thumb Code    10  stm32f10x_usart.o(.text)
    USART_SendBreak                          0x08000edb   Thumb Code    10  stm32f10x_usart.o(.text)
    USART_SetGuardTime                       0x08000ee5   Thumb Code    16  stm32f10x_usart.o(.text)
    USART_SetPrescaler                       0x08000ef5   Thumb Code    16  stm32f10x_usart.o(.text)
    USART_SmartCardCmd                       0x08000f05   Thumb Code    24  stm32f10x_usart.o(.text)
    USART_SmartCardNACKCmd                   0x08000f1d   Thumb Code    24  stm32f10x_usart.o(.text)
    USART_HalfDuplexCmd                      0x08000f35   Thumb Code    24  stm32f10x_usart.o(.text)
    USART_OverSampling8Cmd                   0x08000f4d   Thumb Code    22  stm32f10x_usart.o(.text)
    USART_OneBitMethodCmd                    0x08000f63   Thumb Code    24  stm32f10x_usart.o(.text)
    USART_IrDAConfig                         0x08000f7b   Thumb Code    18  stm32f10x_usart.o(.text)
    USART_IrDACmd                            0x08000f8d   Thumb Code    24  stm32f10x_usart.o(.text)
    USART_GetFlagStatus                      0x08000fa5   Thumb Code    26  stm32f10x_usart.o(.text)
    USART_ClearFlag                          0x08000fbf   Thumb Code    18  stm32f10x_usart.o(.text)
    USART_GetITStatus                        0x08000fd1   Thumb Code    84  stm32f10x_usart.o(.text)
    USART_ClearITPendingBit                  0x08001025   Thumb Code    52  stm32f10x_usart.o(.text)
    Reset_Handler                            0x08001059   Thumb Code     8  startup_stm32f10x_hd.o(.text)
    NMI_Handler                              0x08001061   Thumb Code     2  startup_stm32f10x_hd.o(.text)
    HardFault_Handler                        0x08001063   Thumb Code     2  startup_stm32f10x_hd.o(.text)
    MemManage_Handler                        0x08001065   Thumb Code     2  startup_stm32f10x_hd.o(.text)
    BusFault_Handler                         0x08001067   Thumb Code     2  startup_stm32f10x_hd.o(.text)
    UsageFault_Handler                       0x08001069   Thumb Code     2  startup_stm32f10x_hd.o(.text)
    DebugMon_Handler                         0x0800106d   Thumb Code     2  startup_stm32f10x_hd.o(.text)
    ADC1_2_IRQHandler                        0x08001073   Thumb Code     0  startup_stm32f10x_hd.o(.text)
    ADC3_IRQHandler                          0x08001073   Thumb Code     0  startup_stm32f10x_hd.o(.text)
    CAN1_RX1_IRQHandler                      0x08001073   Thumb Code     0  startup_stm32f10x_hd.o(.text)
    CAN1_SCE_IRQHandler                      0x08001073   Thumb Code     0  startup_stm32f10x_hd.o(.text)
    EXTI0_IRQHandler                         0x08001073   Thumb Code     0  startup_stm32f10x_hd.o(.text)
    EXTI15_10_IRQHandler                     0x08001073   Thumb Code     0  startup_stm32f10x_hd.o(.text)
    EXTI1_IRQHandler                         0x08001073   Thumb Code     0  startup_stm32f10x_hd.o(.text)
    EXTI2_IRQHandler                         0x08001073   Thumb Code     0  startup_stm32f10x_hd.o(.text)
    EXTI3_IRQHandler                         0x08001073   Thumb Code     0  startup_stm32f10x_hd.o(.text)
    EXTI4_IRQHandler                         0x08001073   Thumb Code     0  startup_stm32f10x_hd.o(.text)
    EXTI9_5_IRQHandler                       0x08001073   Thumb Code     0  startup_stm32f10x_hd.o(.text)
    FLASH_IRQHandler                         0x08001073   Thumb Code     0  startup_stm32f10x_hd.o(.text)
    FSMC_IRQHandler                          0x08001073   Thumb Code     0  startup_stm32f10x_hd.o(.text)
    I2C1_ER_IRQHandler                       0x08001073   Thumb Code     0  startup_stm32f10x_hd.o(.text)
    I2C1_EV_IRQHandler                       0x08001073   Thumb Code     0  startup_stm32f10x_hd.o(.text)
    I2C2_ER_IRQHandler                       0x08001073   Thumb Code     0  startup_stm32f10x_hd.o(.text)
    I2C2_EV_IRQHandler                       0x08001073   Thumb Code     0  startup_stm32f10x_hd.o(.text)
    PVD_IRQHandler                           0x08001073   Thumb Code     0  startup_stm32f10x_hd.o(.text)
    RCC_IRQHandler                           0x08001073   Thumb Code     0  startup_stm32f10x_hd.o(.text)
    RTCAlarm_IRQHandler                      0x08001073   Thumb Code     0  startup_stm32f10x_hd.o(.text)
    RTC_IRQHandler                           0x08001073   Thumb Code     0  startup_stm32f10x_hd.o(.text)
    SDIO_IRQHandler                          0x08001073   Thumb Code     0  startup_stm32f10x_hd.o(.text)
    SPI1_IRQHandler                          0x08001073   Thumb Code     0  startup_stm32f10x_hd.o(.text)
    SPI2_IRQHandler                          0x08001073   Thumb Code     0  startup_stm32f10x_hd.o(.text)
    SPI3_IRQHandler                          0x08001073   Thumb Code     0  startup_stm32f10x_hd.o(.text)
    TAMPER_IRQHandler                        0x08001073   Thumb Code     0  startup_stm32f10x_hd.o(.text)
    TIM1_BRK_IRQHandler                      0x08001073   Thumb Code     0  startup_stm32f10x_hd.o(.text)
    TIM1_CC_IRQHandler                       0x08001073   Thumb Code     0  startup_stm32f10x_hd.o(.text)
    TIM1_TRG_COM_IRQHandler                  0x08001073   Thumb Code     0  startup_stm32f10x_hd.o(.text)
    TIM1_UP_IRQHandler                       0x08001073   Thumb Code     0  startup_stm32f10x_hd.o(.text)
    TIM2_IRQHandler                          0x08001073   Thumb Code     0  startup_stm32f10x_hd.o(.text)
    TIM3_IRQHandler                          0x08001073   Thumb Code     0  startup_stm32f10x_hd.o(.text)
    TIM4_IRQHandler                          0x08001073   Thumb Code     0  startup_stm32f10x_hd.o(.text)
    TIM5_IRQHandler                          0x08001073   Thumb Code     0  startup_stm32f10x_hd.o(.text)
    TIM6_IRQHandler                          0x08001073   Thumb Code     0  startup_stm32f10x_hd.o(.text)
    TIM7_IRQHandler                          0x08001073   Thumb Code     0  startup_stm32f10x_hd.o(.text)
    TIM8_BRK_IRQHandler                      0x08001073   Thumb Code     0  startup_stm32f10x_hd.o(.text)
    TIM8_CC_IRQHandler                       0x08001073   Thumb Code     0  startup_stm32f10x_hd.o(.text)
    TIM8_TRG_COM_IRQHandler                  0x08001073   Thumb Code     0  startup_stm32f10x_hd.o(.text)
    TIM8_UP_IRQHandler                       0x08001073   Thumb Code     0  startup_stm32f10x_hd.o(.text)
    UART4_IRQHandler                         0x08001073   Thumb Code     0  startup_stm32f10x_hd.o(.text)
    UART5_IRQHandler                         0x08001073   Thumb Code     0  startup_stm32f10x_hd.o(.text)
    USART1_IRQHandler                        0x08001073   Thumb Code     0  startup_stm32f10x_hd.o(.text)
    USART2_IRQHandler                        0x08001073   Thumb Code     0  startup_stm32f10x_hd.o(.text)
    USART3_IRQHandler                        0x08001073   Thumb Code     0  startup_stm32f10x_hd.o(.text)
    USBWakeUp_IRQHandler                     0x08001073   Thumb Code     0  startup_stm32f10x_hd.o(.text)
    USB_HP_CAN1_TX_IRQHandler                0x08001073   Thumb Code     0  startup_stm32f10x_hd.o(.text)
    USB_LP_CAN1_RX0_IRQHandler               0x08001073   Thumb Code     0  startup_stm32f10x_hd.o(.text)
    WWDG_IRQHandler                          0x08001073   Thumb Code     0  startup_stm32f10x_hd.o(.text)
    SystemInit                               0x0800115b   Thumb Code    78  system_stm32f10x.o(.text)
    SystemCoreClockUpdate                    0x080011a9   Thumb Code   142  system_stm32f10x.o(.text)
    ADC_DeInit                               0x0800125d   Thumb Code    78  stm32f10x_adc.o(.text)
    ADC_Init                                 0x080012ab   Thumb Code    70  stm32f10x_adc.o(.text)
    ADC_StructInit                           0x080012f1   Thumb Code    18  stm32f10x_adc.o(.text)
    ADC_Cmd                                  0x08001303   Thumb Code    22  stm32f10x_adc.o(.text)
    ADC_DMACmd                               0x08001319   Thumb Code    22  stm32f10x_adc.o(.text)
    ADC_ITConfig                             0x0800132f   Thumb Code    24  stm32f10x_adc.o(.text)
    ADC_ResetCalibration                     0x08001347   Thumb Code    10  stm32f10x_adc.o(.text)
    ADC_GetResetCalibrationStatus            0x08001351   Thumb Code    20  stm32f10x_adc.o(.text)
    ADC_StartCalibration                     0x08001365   Thumb Code    10  stm32f10x_adc.o(.text)
    ADC_GetCalibrationStatus                 0x0800136f   Thumb Code    20  stm32f10x_adc.o(.text)
    ADC_SoftwareStartConvCmd                 0x08001383   Thumb Code    22  stm32f10x_adc.o(.text)
    ADC_GetSoftwareStartConvStatus           0x08001399   Thumb Code    20  stm32f10x_adc.o(.text)
    ADC_DiscModeChannelCountConfig           0x080013ad   Thumb Code    24  stm32f10x_adc.o(.text)
    ADC_DiscModeCmd                          0x080013c5   Thumb Code    22  stm32f10x_adc.o(.text)
    ADC_RegularChannelConfig                 0x080013db   Thumb Code   184  stm32f10x_adc.o(.text)
    ADC_ExternalTrigConvCmd                  0x08001493   Thumb Code    22  stm32f10x_adc.o(.text)
    ADC_GetConversionValue                   0x080014a9   Thumb Code     8  stm32f10x_adc.o(.text)
    ADC_GetDualModeConversionValue           0x080014b1   Thumb Code     8  stm32f10x_adc.o(.text)
    ADC_AutoInjectedConvCmd                  0x080014b9   Thumb Code    22  stm32f10x_adc.o(.text)
    ADC_InjectedDiscModeCmd                  0x080014cf   Thumb Code    22  stm32f10x_adc.o(.text)
    ADC_ExternalTrigInjectedConvConfig       0x080014e5   Thumb Code    16  stm32f10x_adc.o(.text)
    ADC_ExternalTrigInjectedConvCmd          0x080014f5   Thumb Code    22  stm32f10x_adc.o(.text)
    ADC_SoftwareStartInjectedConvCmd         0x0800150b   Thumb Code    22  stm32f10x_adc.o(.text)
    ADC_GetSoftwareStartInjectedConvCmdStatus 0x08001521   Thumb Code    20  stm32f10x_adc.o(.text)
    ADC_InjectedChannelConfig                0x08001535   Thumb Code   130  stm32f10x_adc.o(.text)
    ADC_InjectedSequencerLengthConfig        0x080015b7   Thumb Code    24  stm32f10x_adc.o(.text)
    ADC_SetInjectedOffset                    0x080015cf   Thumb Code    20  stm32f10x_adc.o(.text)
    ADC_GetInjectedConversionValue           0x080015e3   Thumb Code    28  stm32f10x_adc.o(.text)
    ADC_AnalogWatchdogCmd                    0x080015ff   Thumb Code    16  stm32f10x_adc.o(.text)
    ADC_AnalogWatchdogThresholdsConfig       0x0800160f   Thumb Code     6  stm32f10x_adc.o(.text)
    ADC_AnalogWatchdogSingleChannelConfig    0x08001615   Thumb Code    16  stm32f10x_adc.o(.text)
    ADC_TempSensorVrefintCmd                 0x08001625   Thumb Code    64  stm32f10x_adc.o(.text)
    ADC_GetFlagStatus                        0x08001665   Thumb Code    18  stm32f10x_adc.o(.text)
    ADC_ClearFlag                            0x08001677   Thumb Code     6  stm32f10x_adc.o(.text)
    ADC_GetITStatus                          0x0800167d   Thumb Code    36  stm32f10x_adc.o(.text)
    ADC_ClearITPendingBit                    0x080016a1   Thumb Code    10  stm32f10x_adc.o(.text)
    DMA_ChannelInitialize                    0x080016ad   Thumb Code   444  dma_stm32f10x.o(.text)
    DMA_ChannelUninitialize                  0x08001869   Thumb Code   316  dma_stm32f10x.o(.text)
    DMA1_Channel1_Event                      0x080019a5   Thumb Code     2  dma_stm32f10x.o(.text)
    DMA1_Channel2_Event                      0x080019a7   Thumb Code     2  dma_stm32f10x.o(.text)
    DMA1_Channel3_Event                      0x080019a9   Thumb Code     2  dma_stm32f10x.o(.text)
    DMA1_Channel4_Event                      0x080019ab   Thumb Code     2  dma_stm32f10x.o(.text)
    DMA1_Channel5_Event                      0x080019ad   Thumb Code     2  dma_stm32f10x.o(.text)
    DMA1_Channel6_Event                      0x080019af   Thumb Code     2  dma_stm32f10x.o(.text)
    DMA1_Channel7_Event                      0x080019b1   Thumb Code     2  dma_stm32f10x.o(.text)
    DMA2_Channel1_Event                      0x080019b3   Thumb Code     2  dma_stm32f10x.o(.text)
    DMA2_Channel2_Event                      0x080019b5   Thumb Code     2  dma_stm32f10x.o(.text)
    DMA2_Channel3_Event                      0x080019b7   Thumb Code     2  dma_stm32f10x.o(.text)
    DMA2_Channel4_Event                      0x080019b9   Thumb Code     2  dma_stm32f10x.o(.text)
    DMA2_Channel5_Event                      0x080019bb   Thumb Code     2  dma_stm32f10x.o(.text)
    DMA1_Channel1_IRQHandler                 0x080019bd   Thumb Code    22  dma_stm32f10x.o(.text)
    DMA1_Channel2_IRQHandler                 0x080019d3   Thumb Code    24  dma_stm32f10x.o(.text)
    DMA1_Channel3_IRQHandler                 0x080019eb   Thumb Code    24  dma_stm32f10x.o(.text)
    DMA1_Channel4_IRQHandler                 0x08001a03   Thumb Code    24  dma_stm32f10x.o(.text)
    DMA1_Channel5_IRQHandler                 0x08001a1b   Thumb Code    24  dma_stm32f10x.o(.text)
    DMA1_Channel6_IRQHandler                 0x08001a33   Thumb Code    24  dma_stm32f10x.o(.text)
    DMA1_Channel7_IRQHandler                 0x08001a4b   Thumb Code    24  dma_stm32f10x.o(.text)
    DMA2_Channel1_IRQHandler                 0x08001a63   Thumb Code    26  dma_stm32f10x.o(.text)
    DMA2_Channel2_IRQHandler                 0x08001a7d   Thumb Code    48  dma_stm32f10x.o(.text)
    DMA2_Channel3_IRQHandler                 0x08001aad   Thumb Code    26  dma_stm32f10x.o(.text)
    DMA2_Channel4_IRQHandler                 0x08001ac7   Thumb Code    26  dma_stm32f10x.o(.text)
    DMA2_Channel4_5_IRQHandler               0x08001ae1   Thumb Code    52  dma_stm32f10x.o(.text)
    DMA_DeInit                               0x08001b5d   Thumb Code   324  stm32f10x_dma.o(.text)
    DMA_Init                                 0x08001ca1   Thumb Code    60  stm32f10x_dma.o(.text)
    DMA_StructInit                           0x08001cdd   Thumb Code    26  stm32f10x_dma.o(.text)
    DMA_Cmd                                  0x08001cf7   Thumb Code    24  stm32f10x_dma.o(.text)
    DMA_ITConfig                             0x08001d0f   Thumb Code    18  stm32f10x_dma.o(.text)
    DMA_SetCurrDataCounter                   0x08001d21   Thumb Code     4  stm32f10x_dma.o(.text)
    DMA_GetCurrDataCounter                   0x08001d25   Thumb Code     8  stm32f10x_dma.o(.text)
    DMA_GetFlagStatus                        0x08001d2d   Thumb Code    40  stm32f10x_dma.o(.text)
    DMA_ClearFlag                            0x08001d55   Thumb Code    22  stm32f10x_dma.o(.text)
    DMA_GetITStatus                          0x08001d6b   Thumb Code    40  stm32f10x_dma.o(.text)
    DMA_ClearITPendingBit                    0x08001d93   Thumb Code    22  stm32f10x_dma.o(.text)
    __aeabi_dadd                             0x08001db1   Thumb Code   322  dadd.o(.text)
    __aeabi_dsub                             0x08001ef3   Thumb Code     6  dadd.o(.text)
    __aeabi_drsub                            0x08001ef9   Thumb Code     6  dadd.o(.text)
    __aeabi_dmul                             0x08001eff   Thumb Code   228  dmul.o(.text)
    __aeabi_ddiv                             0x08001fe3   Thumb Code   222  ddiv.o(.text)
    __aeabi_ui2d                             0x080020c1   Thumb Code    26  dfltui.o(.text)
    __aeabi_f2d                              0x080020db   Thumb Code    38  f2d.o(.text)
    __aeabi_d2f                              0x08002101   Thumb Code    56  d2f.o(.text)
    __aeabi_uidiv                            0x08002139   Thumb Code     0  uidiv.o(.text)
    __aeabi_uidivmod                         0x08002139   Thumb Code    44  uidiv.o(.text)
    __aeabi_uldivmod                         0x08002165   Thumb Code    98  uldiv.o(.text)
    __aeabi_llsl                             0x080021c7   Thumb Code    30  llshl.o(.text)
    _ll_shift_l                              0x080021c7   Thumb Code     0  llshl.o(.text)
    __aeabi_lasr                             0x080021e5   Thumb Code    36  llsshr.o(.text)
    _ll_sshift_r                             0x080021e5   Thumb Code     0  llsshr.o(.text)
    __I$use$fp                               0x08002209   Thumb Code     0  iusefp.o(.text)
    _float_round                             0x08002209   Thumb Code    18  fepilogue.o(.text)
    _float_epilogue                          0x0800221b   Thumb Code    92  fepilogue.o(.text)
    _double_round                            0x08002277   Thumb Code    26  depilogue.o(.text)
    _double_epilogue                         0x08002291   Thumb Code   156  depilogue.o(.text)
    __aeabi_d2ulz                            0x0800232d   Thumb Code    48  dfixul.o(.text)
    __aeabi_cdrcmple                         0x0800235d   Thumb Code    38  cdrcmple.o(.text)
    __scatterload                            0x08002385   Thumb Code    28  init.o(.text)
    __scatterload_rt2                        0x08002385   Thumb Code     0  init.o(.text)
    __aeabi_llsr                             0x080023a9   Thumb Code    32  llushr.o(.text)
    _ll_ushift_r                             0x080023a9   Thumb Code     0  llushr.o(.text)
    SVC_Count                                0x080023c8   Data           4  svc_table.o(SVC_TABLE)
    SVC_Table                                0x080023cc   Data           0  svc_table.o(SVC_TABLE)
    __0printf                                0x080023cd   Thumb Code    22  printfa.o(i.__0printf)
    __1printf                                0x080023cd   Thumb Code     0  printfa.o(i.__0printf)
    __2printf                                0x080023cd   Thumb Code     0  printfa.o(i.__0printf)
    __c89printf                              0x080023cd   Thumb Code     0  printfa.o(i.__0printf)
    printf                                   0x080023cd   Thumb Code     0  printfa.o(i.__0printf)
    __scatterload_copy                       0x080023ed   Thumb Code    14  handlers.o(i.__scatterload_copy)
    __scatterload_null                       0x080023fb   Thumb Code     2  handlers.o(i.__scatterload_null)
    __scatterload_zeroinit                   0x080023fd   Thumb Code    14  handlers.o(i.__scatterload_zeroinit)
    _init_box                                0x08002571   Thumb Code    70  rt_membox.o(i._init_box)
    dbg_init                                 0x08002ce9   Thumb Code    34  hal_cm.o(i.dbg_init)
    dbg_task_notify                          0x08002d19   Thumb Code    32  hal_cm.o(i.dbg_task_notify)
    dbg_task_switch                          0x08002d39   Thumb Code    16  hal_cm.o(i.dbg_task_switch)
    isr_mbx_receive                          0x08002d75   Thumb Code    80  rt_mailbox.o(i.isr_mbx_receive)
    isr_mbx_send                             0x08002dc5   Thumb Code    14  rt_mailbox.o(i.isr_mbx_send)
    osKernelInitialize                       0x08002dd5   Thumb Code    30  rt_cmsis.o(i.osKernelInitialize)
    osKernelStart                            0x08002df9   Thumb Code    98  rt_cmsis.o(i.osKernelStart)
    osMessageGet                             0x08002e65   Thumb Code    62  rt_cmsis.o(i.osMessageGet)
    osThreadCreate                           0x08002ea9   Thumb Code    38  rt_cmsis.o(i.osThreadCreate)
    osThreadExit                             0x08002ed9   Thumb Code    14  rt_cmsis.o(i.osThreadExit)
    osTimerCall                              0x08002ef1   Thumb Code     8  rt_cmsis.o(i.osTimerCall)
    osTimerThread                            0x08002efd   Thumb Code    38  rt_cmsis.o(i.osTimerThread)
    os_tick_init                             0x08002f29   Thumb Code    32  rt_system.o(i.os_tick_init)
    os_tick_irqack                           0x08002f51   Thumb Code     2  rt_system.o(i.os_tick_irqack)
    rt_alloc_box                             0x08002f53   Thumb Code    26  rt_membox.o(i.rt_alloc_box)
    rt_alloc_mem                             0x08002f6d   Thumb Code    60  rt_memory.o(i.rt_alloc_mem)
    rt_block                                 0x08002fa9   Thumb Code    48  rt_task.o(i.rt_block)
    rt_chk_robin                             0x08002fe1   Thumb Code    60  rt_robin.o(i.rt_chk_robin)
    rt_dec_dly                               0x08003029   Thumb Code   102  rt_list.o(i.rt_dec_dly)
    rt_dispatch                              0x08003099   Thumb Code    60  rt_task.o(i.rt_dispatch)
    rt_evt_psh                               0x080030dd   Thumb Code    76  rt_event.o(i.rt_evt_psh)
    rt_free_box                              0x0800312d   Thumb Code    32  rt_membox.o(i.rt_free_box)
    rt_free_mem                              0x0800314d   Thumb Code    40  rt_memory.o(i.rt_free_mem)
    rt_get_first                             0x08003175   Thumb Code    40  rt_list.o(i.rt_get_first)
    rt_init_mem                              0x080031ed   Thumb Code    26  rt_memory.o(i.rt_init_mem)
    rt_init_robin                            0x08003209   Thumb Code    14  rt_robin.o(i.rt_init_robin)
    rt_init_stack                            0x08003221   Thumb Code    70  hal_cm.o(i.rt_init_stack)
    rt_mbx_check                             0x08003271   Thumb Code     8  rt_mailbox.o(i.rt_mbx_check)
    rt_mbx_init                              0x08003279   Thumb Code    28  rt_mailbox.o(i.rt_mbx_init)
    rt_mbx_psh                               0x08003295   Thumb Code   234  rt_mailbox.o(i.rt_mbx_psh)
    rt_mbx_wait                              0x08003385   Thumb Code   172  rt_mailbox.o(i.rt_mbx_wait)
    rt_pop_req                               0x08003471   Thumb Code   110  rt_system.o(i.rt_pop_req)
    rt_psh_req                               0x080034ed   Thumb Code    22  rt_system.o(i.rt_psh_req)
    rt_psq_enq                               0x0800350d   Thumb Code    82  rt_list.o(i.rt_psq_enq)
    rt_put_dly                               0x08003565   Thumb Code    68  rt_list.o(i.rt_put_dly)
    rt_put_prio                              0x080035ad   Thumb Code    54  rt_list.o(i.rt_put_prio)
    rt_put_rdy_first                         0x080035e5   Thumb Code    14  rt_list.o(i.rt_put_rdy_first)
    rt_resort_prio                           0x080035f9   Thumb Code    46  rt_list.o(i.rt_resort_prio)
    rt_ret_val                               0x0800362d   Thumb Code     6  hal_cm.o(i.rt_ret_val)
    rt_ret_val2                              0x08003633   Thumb Code     8  hal_cm.o(i.rt_ret_val2)
    rt_rmv_dly                               0x0800363b   Thumb Code    40  rt_list.o(i.rt_rmv_dly)
    rt_rmv_list                              0x08003665   Thumb Code    44  rt_list.o(i.rt_rmv_list)
    rt_sem_psh                               0x08003695   Thumb Code    48  rt_semaphore.o(i.rt_sem_psh)
    rt_stk_check                             0x080036c9   Thumb Code    28  rt_system.o(i.rt_stk_check)
    rt_switch_req                            0x080036ed   Thumb Code    30  rt_task.o(i.rt_switch_req)
    rt_sys_init                              0x08003715   Thumb Code   200  rt_task.o(i.rt_sys_init)
    rt_sys_start                             0x08003821   Thumb Code    44  rt_task.o(i.rt_sys_start)
    rt_systick                               0x08003855   Thumb Code    50  rt_system.o(i.rt_systick)
    rt_tsk_create                            0x080038e1   Thumb Code   116  rt_task.o(i.rt_tsk_create)
    rt_tsk_delete                            0x08003965   Thumb Code   342  rt_task.o(i.rt_tsk_delete)
    rt_tsk_prio                              0x08003ad9   Thumb Code   108  rt_task.o(i.rt_tsk_prio)
    rt_tsk_self                              0x08003b55   Thumb Code    12  rt_task.o(i.rt_tsk_self)
    svcKernelInitialize                      0x08003b65   Thumb Code    80  rt_cmsis.o(i.svcKernelInitialize)
    svcKernelStart                           0x08003bd5   Thumb Code    62  rt_cmsis.o(i.svcKernelStart)
    svcMessageCreate                         0x08003c1d   Thumb Code    36  rt_cmsis.o(i.svcMessageCreate)
    svcMessageGet                            0x08003c41   Thumb Code    58  rt_cmsis.o(i.svcMessageGet)
    svcThreadCreate                          0x08003c7d   Thumb Code   100  rt_cmsis.o(i.svcThreadCreate)
    svcThreadGetId                           0x08003ced   Thumb Code    22  rt_cmsis.o(i.svcThreadGetId)
    svcThreadTerminate                       0x08003d09   Thumb Code    50  rt_cmsis.o(i.svcThreadTerminate)
    svcTimerCall                             0x08003d41   Thumb Code    24  rt_cmsis.o(i.svcTimerCall)
    sysTimerTick                             0x08003d59   Thumb Code    76  rt_cmsis.o(i.sysTimerTick)
    os_maxtaskrun                            0x08003dac   Data           2  rtx_conf_cm.o(.constdata)
    os_stackinfo                             0x08003db0   Data           4  rtx_conf_cm.o(.constdata)
    os_rrobin                                0x08003db4   Data           4  rtx_conf_cm.o(.constdata)
    os_tickfreq                              0x08003db8   Data           4  rtx_conf_cm.o(.constdata)
    os_tickus_i                              0x08003dbc   Data           2  rtx_conf_cm.o(.constdata)
    os_tickus_f                              0x08003dbe   Data           2  rtx_conf_cm.o(.constdata)
    os_trv                                   0x08003dc0   Data           4  rtx_conf_cm.o(.constdata)
    os_flags                                 0x08003dc4   Data           1  rtx_conf_cm.o(.constdata)
    CMSIS_RTOS_API_Version                   0x08003dc8   Data           4  rtx_conf_cm.o(.constdata)
    CMSIS_RTOS_RTX_Version                   0x08003dcc   Data           4  rtx_conf_cm.o(.constdata)
    os_clockrate                             0x08003dd0   Data           4  rtx_conf_cm.o(.constdata)
    os_timernum                              0x08003dd4   Data           4  rtx_conf_cm.o(.constdata)
    mp_tcb_size                              0x08003dd8   Data           2  rtx_conf_cm.o(.constdata)
    mp_stk_size                              0x08003ddc   Data           4  rtx_conf_cm.o(.constdata)
    os_stack_sz                              0x08003de0   Data           4  rtx_conf_cm.o(.constdata)
    os_fifo_size                             0x08003de4   Data           1  rtx_conf_cm.o(.constdata)
    os_thread_def_osTimerThread              0x08003de8   Data          16  rtx_conf_cm.o(.constdata)
    os_messageQ_def_osTimerMessageQ          0x08003df8   Data           8  rtx_conf_cm.o(.constdata)
    mp_tmr_size                              0x08003e00   Data           2  rtx_conf_cm.o(.constdata)
    Region$$Table$$Base                      0x08003e04   Number         0  anon$$obj.o(Region$$Table)
    Region$$Table$$Limit                     0x08003e24   Number         0  anon$$obj.o(Region$$Table)
    GPIO_InitStructure                       0x20000000   Data           4  main.o(.data)
    ADCConvertedValue                        0x20000004   Data           2  main.o(.data)
    ITM_RxBuffer                             0x20000008   Data           4  main.o(.data)
    osThreadId_osTimerThread                 0x2000000c   Data           4  rtx_conf_cm.o(.data)
    osMessageQId_osTimerMessageQ             0x20000010   Data           4  rtx_conf_cm.o(.data)
    os_tmr                                   0x20000014   Data           4  rtx_conf_cm.o(.data)
    m_tmr                                    0x20000018   Data           4  rtx_conf_cm.o(.data)
    os_thread_def_main                       0x2000001c   Data          16  rtx_conf_cm.o(.data)
    SystemCoreClock                          0x20000040   Data           4  system_stm32f10x.o(.data)
    AHBPrescTable                            0x20000044   Data          16  system_stm32f10x.o(.data)
    os_initialized                           0x20000058   Data           1  rt_cmsis.o(.data)
    os_running                               0x20000059   Data           1  rt_cmsis.o(.data)
    os_timer_head                            0x2000005c   Data           4  rt_cmsis.o(.data)
    os_tsk                                   0x20000060   Data           8  rt_task.o(.data)
    os_tick_irqn                             0x2000006c   Data           4  rt_system.o(.data)
    os_time                                  0x20000070   Data           4  rt_time.o(.data)
    dbg_msg                                  0x20000074   Data           1  hal_cm.o(.data)
    os_robin                                 0x20000078   Data           8  rt_robin.o(.data)
    __stdout                                 0x20000080   Data           4  stdout.o(.data)
    USART_InitStructure                      0x20000084   Data          16  main.o(.bss)
    mp_tcb                                   0x20000098   Data         376  rtx_conf_cm.o(.bss)
    mp_stk                                   0x20000210   Data        1216  rtx_conf_cm.o(.bss)
    os_stack_mem                             0x200006d0   Data         432  rtx_conf_cm.o(.bss)
    os_fifo                                  0x20000880   Data         132  rtx_conf_cm.o(.bss)
    os_active_TCB                            0x20000904   Data          28  rtx_conf_cm.o(.bss)
    os_messageQ_q_osTimerMessageQ            0x20000920   Data          32  rtx_conf_cm.o(.bss)
    os_idle_TCB                              0x20000940   Data          52  rt_task.o(.bss)
    os_rdy                                   0x20000974   Data          24  rt_list.o(.bss)
    os_dly                                   0x2000098c   Data          24  rt_list.o(.bss)
    __initial_sp                             0x20000da8   Data           0  startup_stm32f10x_hd.o(STACK)



==============================================================================

Memory Map of the image

  Image Entry point : 0x08000131

  Load Region LR_IROM1 (Base: 0x08000000, Size: 0x00003ea8, Max: 0x00080000, ABSOLUTE)

    Execution Region ER_IROM1 (Base: 0x08000000, Size: 0x00003e24, Max: 0x00080000, ABSOLUTE)

    Base Addr    Size         Type   Attr      Idx    E Section Name        Object

    0x08000000   0x00000130   Data   RO          216    RESET               startup_stm32f10x_hd.o
    0x08000130   0x00000000   Code   RO         1531  * .ARM.Collect$$$$00000000  mc_w.l(entry.o)
    0x08000130   0x00000004   Code   RO         1815    .ARM.Collect$$$$00000001  mc_w.l(entry2.o)
    0x08000134   0x00000004   Code   RO         1818    .ARM.Collect$$$$00000004  mc_w.l(entry5.o)
    0x08000138   0x00000000   Code   RO         1820    .ARM.Collect$$$$00000008  mc_w.l(entry7b.o)
    0x08000138   0x00000000   Code   RO         1822    .ARM.Collect$$$$0000000A  mc_w.l(entry8b.o)
    0x08000138   0x00000000   Code   RO         1823    .ARM.Collect$$$$0000000D  mc_w.l(entry10a.o)
    0x08000138   0x00000000   Code   RO         1825    .ARM.Collect$$$$0000000F  mc_w.l(entry11a.o)
    0x08000138   0x00000018   Code   RO           96    .ARM.Collect$$$$000000FF  rtx_conf_cm.o
    0x08000150   0x00000004   Code   RO         1816    .ARM.Collect$$$$00002712  mc_w.l(entry2.o)
    0x08000154   0x00000130   Code   RO         1518    .emb_text           RTX_CM3.lib(hal_cm3.o)
    0x08000284   0x000002ac   Code   RO            3    .text               main.o
    0x08000530   0x0000001e   Code   RO           97    .text               rtx_conf_cm.o
    0x0800054e   0x00000002   PAD
    0x08000550   0x0000035c   Code   RO          154    .text               stm32f10x_gpio.o
    0x080008ac   0x000003a4   Code   RO          174    .text               stm32f10x_rcc.o
    0x08000c50   0x00000408   Code   RO          196    .text               stm32f10x_usart.o
    0x08001058   0x00000024   Code   RO          217    .text               startup_stm32f10x_hd.o
    0x0800107c   0x000001e0   Code   RO          223    .text               system_stm32f10x.o
    0x0800125c   0x0000044e   Code   RO          249    .text               stm32f10x_adc.o
    0x080016aa   0x00000002   PAD
    0x080016ac   0x000004b0   Code   RO          269    .text               dma_stm32f10x.o
    0x08001b5c   0x00000254   Code   RO          330    .text               stm32f10x_dma.o
    0x08001db0   0x0000014e   Code   RO         1803    .text               mf_w.l(dadd.o)
    0x08001efe   0x000000e4   Code   RO         1805    .text               mf_w.l(dmul.o)
    0x08001fe2   0x000000de   Code   RO         1807    .text               mf_w.l(ddiv.o)
    0x080020c0   0x0000001a   Code   RO         1809    .text               mf_w.l(dfltui.o)
    0x080020da   0x00000026   Code   RO         1811    .text               mf_w.l(f2d.o)
    0x08002100   0x00000038   Code   RO         1813    .text               mf_w.l(d2f.o)
    0x08002138   0x0000002c   Code   RO         1827    .text               mc_w.l(uidiv.o)
    0x08002164   0x00000062   Code   RO         1829    .text               mc_w.l(uldiv.o)
    0x080021c6   0x0000001e   Code   RO         1831    .text               mc_w.l(llshl.o)
    0x080021e4   0x00000024   Code   RO         1833    .text               mc_w.l(llsshr.o)
    0x08002208   0x00000000   Code   RO         1835    .text               mc_w.l(iusefp.o)
    0x08002208   0x0000006e   Code   RO         1836    .text               mf_w.l(fepilogue.o)
    0x08002276   0x000000b6   Code   RO         1838    .text               mf_w.l(depilogue.o)
    0x0800232c   0x00000030   Code   RO         1840    .text               mf_w.l(dfixul.o)
    0x0800235c   0x00000028   Code   RO         1842    .text               mf_w.l(cdrcmple.o)
    0x08002384   0x00000024   Code   RO         1844    .text               mc_w.l(init.o)
    0x080023a8   0x00000020   Code   RO         1846    .text               mc_w.l(llushr.o)
    0x080023c8   0x00000004   Code   RO         1528    SVC_TABLE           RTX_CM3.lib(svc_table.o)
    0x080023cc   0x00000020   Code   RO         1775    i.__0printf         mc_w.l(printfa.o)
    0x080023ec   0x0000000e   Code   RO         1850    i.__scatterload_copy  mc_w.l(handlers.o)
    0x080023fa   0x00000002   Code   RO         1851    i.__scatterload_null  mc_w.l(handlers.o)
    0x080023fc   0x0000000e   Code   RO         1852    i.__scatterload_zeroinit  mc_w.l(handlers.o)
    0x0800240a   0x00000002   PAD
    0x0800240c   0x00000164   Code   RO         1782    i._fp_digits        mc_w.l(printfa.o)
    0x08002570   0x00000046   Code   RO         1396    i._init_box         RTX_CM3.lib(rt_membox.o)
    0x080025b6   0x00000002   PAD
    0x080025b8   0x000006dc   Code   RO         1783    i._printf_core      mc_w.l(printfa.o)
    0x08002c94   0x00000024   Code   RO         1784    i._printf_post_padding  mc_w.l(printfa.o)
    0x08002cb8   0x0000002e   Code   RO         1785    i._printf_pre_padding  mc_w.l(printfa.o)
    0x08002ce6   0x00000002   PAD
    0x08002ce8   0x00000030   Code   RO         1449    i.dbg_init          RTX_CM3.lib(hal_cm.o)
    0x08002d18   0x00000020   Code   RO         1450    i.dbg_task_notify   RTX_CM3.lib(hal_cm.o)
    0x08002d38   0x00000010   Code   RO         1451    i.dbg_task_switch   RTX_CM3.lib(hal_cm.o)
    0x08002d48   0x0000002c   Code   RO          350    i.isrMessagePut     RTX_CM3.lib(rt_cmsis.o)
    0x08002d74   0x00000050   Code   RO         1242    i.isr_mbx_receive   RTX_CM3.lib(rt_mailbox.o)
    0x08002dc4   0x0000000e   Code   RO         1243    i.isr_mbx_send      RTX_CM3.lib(rt_mailbox.o)
    0x08002dd2   0x00000002   PAD
    0x08002dd4   0x00000024   Code   RO          352    i.osKernelInitialize  RTX_CM3.lib(rt_cmsis.o)
    0x08002df8   0x0000006c   Code   RO          354    i.osKernelStart     RTX_CM3.lib(rt_cmsis.o)
    0x08002e64   0x00000044   Code   RO          363    i.osMessageGet      RTX_CM3.lib(rt_cmsis.o)
    0x08002ea8   0x00000030   Code   RO          380    i.osThreadCreate    RTX_CM3.lib(rt_cmsis.o)
    0x08002ed8   0x00000018   Code   RO          381    i.osThreadExit      RTX_CM3.lib(rt_cmsis.o)
    0x08002ef0   0x0000000c   Code   RO          387    i.osTimerCall       RTX_CM3.lib(rt_cmsis.o)
    0x08002efc   0x0000002c   Code   RO          392    i.osTimerThread     RTX_CM3.lib(rt_cmsis.o)
    0x08002f28   0x00000028   Code   RO         1034    i.os_tick_init      RTX_CM3.lib(rt_system.o)
    0x08002f50   0x00000002   Code   RO         1035    i.os_tick_irqack    RTX_CM3.lib(rt_system.o)
    0x08002f52   0x0000001a   Code   RO         1397    i.rt_alloc_box      RTX_CM3.lib(rt_membox.o)
    0x08002f6c   0x0000003c   Code   RO         1425    i.rt_alloc_mem      RTX_CM3.lib(rt_memory.o)
    0x08002fa8   0x00000038   Code   RO          949    i.rt_block          RTX_CM3.lib(rt_task.o)
    0x08002fe0   0x00000048   Code   RO         1497    i.rt_chk_robin      RTX_CM3.lib(rt_robin.o)
    0x08003028   0x00000070   Code   RO         1166    i.rt_dec_dly        RTX_CM3.lib(rt_list.o)
    0x08003098   0x00000044   Code   RO          950    i.rt_dispatch       RTX_CM3.lib(rt_task.o)
    0x080030dc   0x00000050   Code   RO         1127    i.rt_evt_psh        RTX_CM3.lib(rt_event.o)
    0x0800312c   0x00000020   Code   RO         1398    i.rt_free_box       RTX_CM3.lib(rt_membox.o)
    0x0800314c   0x00000028   Code   RO         1426    i.rt_free_mem       RTX_CM3.lib(rt_memory.o)
    0x08003174   0x00000028   Code   RO         1167    i.rt_get_first      RTX_CM3.lib(rt_list.o)
    0x0800319c   0x00000008   Code   RO          397    i.rt_id2obj         RTX_CM3.lib(rt_cmsis.o)
    0x080031a4   0x00000048   Code   RO          951    i.rt_init_context   RTX_CM3.lib(rt_task.o)
    0x080031ec   0x0000001a   Code   RO         1427    i.rt_init_mem       RTX_CM3.lib(rt_memory.o)
    0x08003206   0x00000002   PAD
    0x08003208   0x00000018   Code   RO         1498    i.rt_init_robin     RTX_CM3.lib(rt_robin.o)
    0x08003220   0x00000050   Code   RO         1452    i.rt_init_stack     RTX_CM3.lib(hal_cm.o)
    0x08003270   0x00000008   Code   RO         1244    i.rt_mbx_check      RTX_CM3.lib(rt_mailbox.o)
    0x08003278   0x0000001c   Code   RO         1245    i.rt_mbx_init       RTX_CM3.lib(rt_mailbox.o)
    0x08003294   0x000000f0   Code   RO         1246    i.rt_mbx_psh        RTX_CM3.lib(rt_mailbox.o)
    0x08003384   0x000000b0   Code   RO         1248    i.rt_mbx_wait       RTX_CM3.lib(rt_mailbox.o)
    0x08003434   0x0000003c   Code   RO          398    i.rt_ms2tick        RTX_CM3.lib(rt_cmsis.o)
    0x08003470   0x0000007c   Code   RO         1038    i.rt_pop_req        RTX_CM3.lib(rt_system.o)
    0x080034ec   0x00000020   Code   RO         1039    i.rt_psh_req        RTX_CM3.lib(rt_system.o)
    0x0800350c   0x00000058   Code   RO         1169    i.rt_psq_enq        RTX_CM3.lib(rt_list.o)
    0x08003564   0x00000048   Code   RO         1170    i.rt_put_dly        RTX_CM3.lib(rt_list.o)
    0x080035ac   0x00000036   Code   RO         1171    i.rt_put_prio       RTX_CM3.lib(rt_list.o)
    0x080035e2   0x00000002   PAD
    0x080035e4   0x00000014   Code   RO         1172    i.rt_put_rdy_first  RTX_CM3.lib(rt_list.o)
    0x080035f8   0x00000034   Code   RO         1173    i.rt_resort_prio    RTX_CM3.lib(rt_list.o)
    0x0800362c   0x00000006   Code   RO         1453    i.rt_ret_val        RTX_CM3.lib(hal_cm.o)
    0x08003632   0x00000008   Code   RO         1454    i.rt_ret_val2       RTX_CM3.lib(hal_cm.o)
    0x0800363a   0x00000028   Code   RO         1174    i.rt_rmv_dly        RTX_CM3.lib(rt_list.o)
    0x08003662   0x00000002   PAD
    0x08003664   0x00000030   Code   RO         1175    i.rt_rmv_list       RTX_CM3.lib(rt_list.o)
    0x08003694   0x00000034   Code   RO         1293    i.rt_sem_psh        RTX_CM3.lib(rt_semaphore.o)
    0x080036c8   0x00000024   Code   RO         1041    i.rt_stk_check      RTX_CM3.lib(rt_system.o)
    0x080036ec   0x00000028   Code   RO          952    i.rt_switch_req     RTX_CM3.lib(rt_task.o)
    0x08003714   0x0000010c   Code   RO          953    i.rt_sys_init       RTX_CM3.lib(rt_task.o)
    0x08003820   0x00000034   Code   RO          954    i.rt_sys_start      RTX_CM3.lib(rt_task.o)
    0x08003854   0x00000040   Code   RO         1043    i.rt_systick        RTX_CM3.lib(rt_system.o)
    0x08003894   0x00000012   Code   RO          399    i.rt_tid2ptcb       RTX_CM3.lib(rt_cmsis.o)
    0x080038a6   0x00000002   PAD
    0x080038a8   0x00000038   Code   RO          400    i.rt_timer_insert   RTX_CM3.lib(rt_cmsis.o)
    0x080038e0   0x00000084   Code   RO          955    i.rt_tsk_create     RTX_CM3.lib(rt_task.o)
    0x08003964   0x00000174   Code   RO          956    i.rt_tsk_delete     RTX_CM3.lib(rt_task.o)
    0x08003ad8   0x0000007c   Code   RO          958    i.rt_tsk_prio       RTX_CM3.lib(rt_task.o)
    0x08003b54   0x00000010   Code   RO          959    i.rt_tsk_self       RTX_CM3.lib(rt_task.o)
    0x08003b64   0x00000070   Code   RO          403    i.svcKernelInitialize  RTX_CM3.lib(rt_cmsis.o)
    0x08003bd4   0x00000048   Code   RO          405    i.svcKernelStart    RTX_CM3.lib(rt_cmsis.o)
    0x08003c1c   0x00000024   Code   RO          408    i.svcMessageCreate  RTX_CM3.lib(rt_cmsis.o)
    0x08003c40   0x0000003a   Code   RO          409    i.svcMessageGet     RTX_CM3.lib(rt_cmsis.o)
    0x08003c7a   0x00000002   PAD
    0x08003c7c   0x00000070   Code   RO          423    i.svcThreadCreate   RTX_CM3.lib(rt_cmsis.o)
    0x08003cec   0x0000001c   Code   RO          424    i.svcThreadGetId    RTX_CM3.lib(rt_cmsis.o)
    0x08003d08   0x00000038   Code   RO          427    i.svcThreadTerminate  RTX_CM3.lib(rt_cmsis.o)
    0x08003d40   0x00000018   Code   RO          429    i.svcTimerCall      RTX_CM3.lib(rt_cmsis.o)
    0x08003d58   0x00000054   Code   RO          438    i.sysTimerTick      RTX_CM3.lib(rt_cmsis.o)
    0x08003dac   0x00000056   Data   RO           99    .constdata          rtx_conf_cm.o
    0x08003e02   0x00000002   PAD
    0x08003e04   0x00000020   Data   RO         1848    Region$$Table       anon$$obj.o


    Execution Region RW_IRAM1 (Base: 0x20000000, Size: 0x00000da8, Max: 0x00010000, ABSOLUTE)

    Base Addr    Size         Type   Attr      Idx    E Section Name        Object

    0x20000000   0x0000000c   Data   RW            5    .data               main.o
    0x2000000c   0x00000020   Data   RW          100    .data               rtx_conf_cm.o
    0x2000002c   0x00000014   Data   RW          175    .data               stm32f10x_rcc.o
    0x20000040   0x00000014   Data   RW          224    .data               system_stm32f10x.o
    0x20000054   0x00000002   Data   RW          270    .data               dma_stm32f10x.o
    0x20000056   0x00000002   PAD
    0x20000058   0x00000008   Data   RW          441    .data               RTX_CM3.lib(rt_cmsis.o)
    0x20000060   0x00000008   Data   RW          961    .data               RTX_CM3.lib(rt_task.o)
    0x20000068   0x00000008   Data   RW         1046    .data               RTX_CM3.lib(rt_system.o)
    0x20000070   0x00000004   Data   RW         1336    .data               RTX_CM3.lib(rt_time.o)
    0x20000074   0x00000001   Data   RW         1455    .data               RTX_CM3.lib(hal_cm.o)
    0x20000075   0x00000003   PAD
    0x20000078   0x00000008   Data   RW         1499    .data               RTX_CM3.lib(rt_robin.o)
    0x20000080   0x00000004   Data   RW         1541    .data               mc_w.l(stdout.o)
    0x20000084   0x00000010   Zero   RW            4    .bss                main.o
    0x20000094   0x00000004   PAD
    0x20000098   0x000008a8   Zero   RW           98    .bss                rtx_conf_cm.o
    0x20000940   0x00000034   Zero   RW          960    .bss                RTX_CM3.lib(rt_task.o)
    0x20000974   0x00000030   Zero   RW         1176    .bss                RTX_CM3.lib(rt_list.o)
    0x200009a4   0x00000004   PAD
    0x200009a8   0x00000400   Zero   RW          214    STACK               startup_stm32f10x_hd.o


==============================================================================

Image component sizes


      Code (inc. data)   RO Data    RW Data    ZI Data      Debug   Object Name

      1200         62          0          2          0     230773   dma_stm32f10x.o
       684        122          0         12         16     276096   main.o
        54          6         86         32       2216       7182   rtx_conf_cm.o
        36          8        304          0       1024        812   startup_stm32f10x_hd.o
      1102         26          0          0          0      10957   stm32f10x_adc.o
       596          8          0          0          0       4454   stm32f10x_dma.o
       860         38          0          0          0       5773   stm32f10x_gpio.o
       932         36          0         20          0       8928   stm32f10x_rcc.o
      1032         22          0          0          0       8492   stm32f10x_usart.o
       480         38          0         20          0       1883   system_stm32f10x.o

    ----------------------------------------------------------------------
      6980        366        424         88       3260     555350   Object Totals
         0          0         32          0          0          0   (incl. Generated)
         4          0          2          2          4          0   (incl. Padding)

    ----------------------------------------------------------------------

      Code (inc. data)   RO Data    RW Data    ZI Data      Debug   Library Member Name

       190         24          0          1          0       2480   hal_cm.o
       304         36          0          0          0        692   hal_cm3.o
      1108        142          0          8          0      26374   rt_cmsis.o
        80          4          0          0          0        505   rt_event.o
       526         36          0          0         48       6637   rt_list.o
       546         10          0          0          0       2997   rt_mailbox.o
       128          0          0          0          0       1477   rt_membox.o
       126          0          0          0          0       1791   rt_memory.o
        96         22          0          8          0        954   rt_robin.o
        52          4          0          0          0        449   rt_semaphore.o
       298         54          0          8          0       5379   rt_system.o
      1200        174          0          8         52       7929   rt_task.o
         0          0          0          4          0        150   rt_time.o
         4          4          0          0          0        132   svc_table.o
         0          0          0          0          0          0   entry.o
         0          0          0          0          0          0   entry10a.o
         0          0          0          0          0          0   entry11a.o
         8          4          0          0          0          0   entry2.o
         4          0          0          0          0          0   entry5.o
         0          0          0          0          0          0   entry7b.o
         0          0          0          0          0          0   entry8b.o
        30          0          0          0          0          0   handlers.o
        36          8          0          0          0         68   init.o
         0          0          0          0          0          0   iusefp.o
        30          0          0          0          0         68   llshl.o
        36          0          0          0          0         68   llsshr.o
        32          0          0          0          0         68   llushr.o
      2226         90          0          0          0        444   printfa.o
         0          0          0          4          0          0   stdout.o
        44          0          0          0          0         80   uidiv.o
        98          0          0          0          0         92   uldiv.o
        40          2          0          0          0         68   cdrcmple.o
        56          0          0          0          0         88   d2f.o
       334          0          0          0          0        148   dadd.o
       222          0          0          0          0        100   ddiv.o
       182          0          0          0          0        176   depilogue.o
        48          0          0          0          0         68   dfixul.o
        26          0          0          0          0         76   dfltui.o
       228          0          0          0          0         96   dmul.o
        38          0          0          0          0         68   f2d.o
       110          0          0          0          0        168   fepilogue.o

    ----------------------------------------------------------------------
      8504        614          0         44        104      59890   Library Totals
        18          0          0          3          4          0   (incl. Padding)

    ----------------------------------------------------------------------

      Code (inc. data)   RO Data    RW Data    ZI Data      Debug   Library Name

      4658        510          0         37        100      57946   RTX_CM3.lib
      2544        102          0          4          0        888   mc_w.l
      1284          2          0          0          0       1056   mf_w.l

    ----------------------------------------------------------------------
      8504        614          0         44        104      59890   Library Totals

    ----------------------------------------------------------------------

==============================================================================


      Code (inc. data)   RO Data    RW Data    ZI Data      Debug   

     15484        980        424        132       3364     609932   Grand Totals
     15484        980        424        132       3364     609932   ELF Image Totals
     15484        980        424        132          0          0   ROM Totals

==============================================================================

    Total RO  Size (Code + RO Data)                15908 (  15.54kB)
    Total RW  Size (RW Data + ZI Data)              3496 (   3.41kB)
    Total ROM Size (Code + RO Data + RW Data)      16040 (  15.66kB)

==============================================================================

