<html>
<body>
<pre>
<h1>µVision Build Log</h1>
<h2>Tool Versions:</h2>
IDE-Version: µVision V5.31.0.0
Copyright (C) 2020 ARM Ltd and ARM Germany GmbH. All rights reserved.
License Information: Bean Uneti, Bean, LIC=CZLZX-HUBTB-CXXU6-DT8WQ-VVYYR-VP1XZ
 
Tool Versions:
Toolchain:       MDK-ARM Plus  Version: 5.31.0.0
Toolchain Path:  C:\Keil_v5\ARM\ARMCLANG\Bin
C Compiler:      ArmClang.exe V6.14
Assembler:       Armasm.exe V6.14
Linker/Locator:  ArmLink.exe V6.14
Library Manager: ArmAr.exe V6.14
Hex Converter:   FromElf.exe V6.14
CPU DLL:         SARMCM3.DLL V5.31.0.0
Dialog DLL:      DCM.DLL V1.17.3.0
Target DLL:      STLink\ST-LINKIII-KEIL_SWO.dll V3.0.7.0
Dialog DLL:      TCM.DLL V1.46.0.0
 
<h2>Project:</h2>
D:\Work\GIT\STM32\Learning\Volatile\Prog\volatile.uvprojx
Project File Date:  12/21/2020

<h2>Output:</h2>
*** Using Compiler 'V6.14', folder: 'C:\Keil_v5\ARM\ARMCLANG\Bin'
Rebuild target 'Volatile'
main.c(4): warning: no previous extern declaration for non-static variable 'u32CheckingVolatile' [-Wmissing-variable-declarations]
volatile int u32CheckingVolatile = 0U;
             ^
main.c(4): note: declare 'static' if the variable is not intended to be used outside of this translation unit
volatile int u32CheckingVolatile = 0U;
         ^
main.c(5): warning: no previous extern declaration for non-static variable 'Dem' [-Wmissing-variable-declarations]
int Dem = 0;
    ^
main.c(5): note: declare 'static' if the variable is not intended to be used outside of this translation unit
int Dem = 0;
^
main.c(20): warning: no newline at end of file [-Wnewline-eof]
}
 ^
3 warnings generated.
compiling main.c...
assembling startup_stm32f10x_md.s...
C:/Keil_v5/ARM/PACK/Keil/STM32F1xx_DFP/2.3.0/RTE_Driver/GPIO_STM32F10x.c(10): warning: In file included from...
C:/Keil_v5/ARM/PACK/Keil/STM32F1xx_DFP/2.3.0/RTE_Driver/GPIO_STM32F10x.h(230): warning: implicit conversion loses integer precision: 'volatile uint32_t' (aka 'volatile unsigned int') to 'uint16_t' (aka 'unsigned short') [-Wimplicit-int-conversion]
  return (GPIOx->IDR);
  ~~~~~~  ~~~~~~~^~~
C:/Keil_v5/ARM/PACK/Keil/STM32F1xx_DFP/2.3.0/RTE_Driver/GPIO_STM32F10x.c(112): warning: integer constant not in range of enumerated type 'GPIO_CONF' [-Wassign-enum]
      conf &= ~1;
              ^
C:/Keil_v5/ARM/PACK/Keil/STM32F1xx_DFP/2.3.0/RTE_Driver/GPIO_STM32F10x.c(124): warning: implicit conversion changes signedness: 'int' to 'unsigned int' [-Wsign-conversion]
  *reg &= ~(0xF << (num << 2));
       ~~ ^~~~~~~~~~~~~~~~~~~~
C:/Keil_v5/ARM/PACK/Keil/STM32F1xx_DFP/2.3.0/RTE_Driver/GPIO_STM32F10x.c(125): warning: implicit conversion changes signedness: 'int' to 'unsigned int' [-Wsign-conversion]
  *reg |= ((conf << 2) | mode) << (num << 2);
       ~~ ~~~~~~~~~~~~~~~~~~~~~^~~~~~~~~~~~~
4 warnings generated.
compiling GPIO_STM32F10x.c...
RTE/Device/STM32F103C8/system_stm32f10x.c(167): warning: no previous extern declaration for non-static variable 'AHBPrescTable' [-Wmissing-variable-declarations]
__I uint8_t AHBPrescTable[16] = {0, 0, 0, 0, 0, 0, 0, 0, 1, 2, 3, 4, 6, 7, 8, 9};
            ^
RTE/Device/STM32F103C8/system_stm32f10x.c(167): note: declare 'static' if the variable is not intended to be used outside of this translation unit
__I uint8_t AHBPrescTable[16] = {0, 0, 0, 0, 0, 0, 0, 0, 1, 2, 3, 4, 6, 7, 8, 9};
    ^
1 warning generated.
compiling system_stm32f10x.c...
linking...
Program Size: Code=1296 RO-data=252 RW-data=0 ZI-data=1640  
".\Objects\volatile.axf" - 0 Error(s), 8 Warning(s).

<h2>Software Packages used:</h2>

Package Vendor: ARM
                http://www.keil.com/pack/ARM.CMSIS.5.7.0.pack
                ARM.CMSIS.5.7.0
                CMSIS (Cortex Microcontroller Software Interface Standard)
   * Component: CORE Version: 5.4.0

Package Vendor: Keil
                http://www.keil.com/pack/Keil.STM32F1xx_DFP.2.3.0.pack
                Keil.STM32F1xx_DFP.2.3.0
                STMicroelectronics STM32F1 Series Device Support, Drivers and Examples
   * Component: GPIO Version: 1.3
   * Component: Startup Version: 1.0.0

<h2>Collection of Component include folders:</h2>
  .\RTE\Device\STM32F103C8
  .\RTE\_Volatile
  C:\Keil_v5\ARM\PACK\ARM\CMSIS\5.7.0\CMSIS\Core\Include
  C:\Keil_v5\ARM\PACK\Keil\STM32F1xx_DFP\2.3.0\Device\Include
  C:\Keil_v5\ARM\PACK\Keil\STM32F1xx_DFP\2.3.0\RTE_Driver

<h2>Collection of Component Files used:</h2>

   * Component: ARM::CMSIS:CORE:5.4.0

   * Component: Keil::Device:GPIO:1.3
      Include file:  RTE_Driver\GPIO_STM32F10x.h
      Source file:   RTE_Driver\GPIO_STM32F10x.c

   * Component: Keil::Device:Startup:1.0.0
      Source file:   Device\Source\ARM\startup_stm32f10x_md.s
      Include file:  RTE_Driver\Config\RTE_Device.h
      Source file:   Device\Source\ARM\STM32F1xx_OPT.s
      Source file:   Device\Source\system_stm32f10x.c
Build Time Elapsed:  00:00:00
</pre>
</body>
</html>
